Archive member included because of file (symbol)

c:/program files (x86)/atmel/atmel toolchain/arm gcc/native/4.8.1443/arm-gnu-toolchain/bin/../lib/gcc/arm-none-eabi/4.8.4/armv6-m\libgcc.a(_thumb1_case_uqi.o)
                              Bastian_freeRTOS-TRACE.o (__gnu_thumb1_case_uqi)
c:/program files (x86)/atmel/atmel toolchain/arm gcc/native/4.8.1443/arm-gnu-toolchain/bin/../lib/gcc/arm-none-eabi/4.8.4/armv6-m\libgcc.a(_thumb1_case_uhi.o)
                              src/ASF/thirdparty/freertos/trace/trcUser.o (__gnu_thumb1_case_uhi)
c:/program files (x86)/atmel/atmel toolchain/arm gcc/native/4.8.1443/arm-gnu-toolchain/bin/../lib/gcc/arm-none-eabi/4.8.4/armv6-m\libgcc.a(_udivsi3.o)
                              src/ASF/thirdparty/freertos/trace/trcBase.o (__aeabi_uidiv)
c:/program files (x86)/atmel/atmel toolchain/arm gcc/native/4.8.1443/arm-gnu-toolchain/bin/../lib/gcc/arm-none-eabi/4.8.4/armv6-m\libgcc.a(_dvmd_tls.o)
                              c:/program files (x86)/atmel/atmel toolchain/arm gcc/native/4.8.1443/arm-gnu-toolchain/bin/../lib/gcc/arm-none-eabi/4.8.4/armv6-m\libgcc.a(_udivsi3.o) (__aeabi_idiv0)
c:/program files (x86)/atmel/atmel toolchain/arm gcc/native/4.8.1443/arm-gnu-toolchain/bin/../lib/gcc/arm-none-eabi/4.8.4/armv6-m\libgcc.a(_muldi3.o)
                              src/ASF/sam0/drivers/sercom/sercom.o (__aeabi_lmul)
c:/program files (x86)/atmel/atmel toolchain/arm gcc/native/4.8.1443/arm-gnu-toolchain/bin/../lib/gcc/arm-none-eabi/4.8.4/armv6-m\libgcc.a(truncdfsf2.o)
                              src/ASF/thirdparty/freertos/trace/trcUser.o (__aeabi_d2f)
c:/program files (x86)/atmel/atmel toolchain/arm gcc/native/4.8.1443/arm-gnu-toolchain/bin/../lib/gcc/arm-none-eabi/4.8.4/../../../../arm-none-eabi/lib/armv6-m\libc.a(lib_a-exit.o)
                              c:/program files (x86)/atmel/atmel toolchain/arm gcc/native/4.8.1443/arm-gnu-toolchain/bin/../lib/gcc/arm-none-eabi/4.8.4/../../../../arm-none-eabi/lib/armv6-m/crt0.o (exit)
c:/program files (x86)/atmel/atmel toolchain/arm gcc/native/4.8.1443/arm-gnu-toolchain/bin/../lib/gcc/arm-none-eabi/4.8.4/../../../../arm-none-eabi/lib/armv6-m\libc.a(lib_a-impure.o)
                              c:/program files (x86)/atmel/atmel toolchain/arm gcc/native/4.8.1443/arm-gnu-toolchain/bin/../lib/gcc/arm-none-eabi/4.8.4/../../../../arm-none-eabi/lib/armv6-m\libc.a(lib_a-exit.o) (_global_impure_ptr)
c:/program files (x86)/atmel/atmel toolchain/arm gcc/native/4.8.1443/arm-gnu-toolchain/bin/../lib/gcc/arm-none-eabi/4.8.4/../../../../arm-none-eabi/lib/armv6-m\libc.a(lib_a-init.o)
                              c:/program files (x86)/atmel/atmel toolchain/arm gcc/native/4.8.1443/arm-gnu-toolchain/bin/../lib/gcc/arm-none-eabi/4.8.4/../../../../arm-none-eabi/lib/armv6-m/crt0.o (__libc_init_array)
c:/program files (x86)/atmel/atmel toolchain/arm gcc/native/4.8.1443/arm-gnu-toolchain/bin/../lib/gcc/arm-none-eabi/4.8.4/../../../../arm-none-eabi/lib/armv6-m\libc.a(lib_a-memcpy-stub.o)
                              src/ASF/sam0/drivers/sercom/sercom_interrupt.o (memcpy)
c:/program files (x86)/atmel/atmel toolchain/arm gcc/native/4.8.1443/arm-gnu-toolchain/bin/../lib/gcc/arm-none-eabi/4.8.4/../../../../arm-none-eabi/lib/armv6-m\libc.a(lib_a-memset.o)
                              c:/program files (x86)/atmel/atmel toolchain/arm gcc/native/4.8.1443/arm-gnu-toolchain/bin/../lib/gcc/arm-none-eabi/4.8.4/../../../../arm-none-eabi/lib/armv6-m/crt0.o (memset)
c:/program files (x86)/atmel/atmel toolchain/arm gcc/native/4.8.1443/arm-gnu-toolchain/bin/../lib/gcc/arm-none-eabi/4.8.4/../../../../arm-none-eabi/lib/armv6-m\libc.a(lib_a-printf.o)
                              src/ASF/sam0/utils/syscalls/gcc/syscalls.o (printf)
c:/program files (x86)/atmel/atmel toolchain/arm gcc/native/4.8.1443/arm-gnu-toolchain/bin/../lib/gcc/arm-none-eabi/4.8.4/../../../../arm-none-eabi/lib/armv6-m\libc.a(lib_a-strncmp.o)
                              src/ASF/thirdparty/freertos/trace/trcBase.o (strncmp)
c:/program files (x86)/atmel/atmel toolchain/arm gcc/native/4.8.1443/arm-gnu-toolchain/bin/../lib/gcc/arm-none-eabi/4.8.4/../../../../arm-none-eabi/lib/armv6-m\libc.a(lib_a-strncpy.o)
                              src/ASF/thirdparty/freertos/trace/trcBase.o (strncpy)
c:/program files (x86)/atmel/atmel toolchain/arm gcc/native/4.8.1443/arm-gnu-toolchain/bin/../lib/gcc/arm-none-eabi/4.8.4/../../../../arm-none-eabi/lib/armv6-m\libc.a(lib_a-vfprintf.o)
                              c:/program files (x86)/atmel/atmel toolchain/arm gcc/native/4.8.1443/arm-gnu-toolchain/bin/../lib/gcc/arm-none-eabi/4.8.4/../../../../arm-none-eabi/lib/armv6-m\libc.a(lib_a-printf.o) (_vfprintf_r)
c:/program files (x86)/atmel/atmel toolchain/arm gcc/native/4.8.1443/arm-gnu-toolchain/bin/../lib/gcc/arm-none-eabi/4.8.4/../../../../arm-none-eabi/lib/armv6-m\libc.a(lib_a-wsetup.o)
[...]
Memory Configuration

Name             Origin             Length             Attributes
rom              0x00000000         0x00040000         xr
ram              0x20000000         0x00008000         xrw
*default*        0x00000000         0xffffffff

Linker script and memory map

LOAD c:/program files (x86)/atmel/atmel toolchain/arm gcc/native/4.8.1443/arm-gnu-toolchain/bin/../lib/gcc/arm-none-eabi/4.8.4/armv6-m/crti.o
LOAD c:/program files (x86)/atmel/atmel toolchain/arm gcc/native/4.8.1443/arm-gnu-toolchain/bin/../lib/gcc/arm-none-eabi/4.8.4/armv6-m/crtbegin.o
LOAD c:/program files (x86)/atmel/atmel toolchain/arm gcc/native/4.8.1443/arm-gnu-toolchain/bin/../lib/gcc/arm-none-eabi/4.8.4/../../../../arm-none-eabi/lib/armv6-m/crt0.o
LOAD Bastian_freeRTOS-TRACE.o
LOAD src/ASF/sam0/drivers/sercom/sercom.o
LOAD src/Peripherals/bastian_sercom.o
LOAD src/ASF/sam0/drivers/sercom/sercom_interrupt.o
LOAD src/ASF/sam0/drivers/sercom/usart/usart.o
LOAD src/ASF/sam0/drivers/sercom/usart/usart_interrupt.o
LOAD src/ASF/thirdparty/freertos/freertos-8.0.1/Source/croutine.o
LOAD src/ASF/thirdparty/freertos/freertos-8.0.1/Source/event_groups.o
LOAD src/ASF/thirdparty/freertos/trace/trcBase.o
LOAD src/ASF/thirdparty/freertos/trace/trcHardwarePort.o
LOAD src/ASF/thirdparty/freertos/trace/trcKernel.o
LOAD src/ASF/thirdparty/freertos/trace/trcKernelPort.o
LOAD src/ASF/thirdparty/freertos/trace/trcUser.o
LOAD src/ASF/thirdparty/freertos/freertos-8.0.1/Source/list.o
LOAD src/ASF/thirdparty/freertos/freertos-8.0.1/Source/portable/GCC/ARM_CM0/port.o
LOAD src/ASF/thirdparty/freertos/freertos-8.0.1/Source/portable/MemMang/heap_1.o
LOAD src/ASF/thirdparty/freertos/freertos-8.0.1/Source/queue.o
LOAD src/ASF/thirdparty/freertos/freertos-8.0.1/Source/tasks.o
LOAD src/ASF/thirdparty/freertos/freertos-8.0.1/Source/timers.o
LOAD src/ASF/sam0/utils/cmsis/samd21/source/gcc/startup_samd21.o
LOAD src/ASF/sam0/utils/cmsis/samd21/source/system_samd21.o
LOAD src/ASF/sam0/utils/syscalls/gcc/syscalls.o
LOAD src/ASF/sam0/drivers/system/clock/clock_samd21_r21_da/clock.o
LOAD src/ASF/sam0/drivers/system/clock/clock_samd21_r21_da/gclk.o
LOAD src/ASF/sam0/drivers/system/interrupt/system_interrupt.o
LOAD src/ASF/sam0/drivers/system/system.o
LOAD src/ASF/common/utils/interrupt/interrupt_sam_nvic.o
LOAD src/ASF/sam0/drivers/port/port.o
LOAD src/ASF/sam0/drivers/system/pinmux/pinmux.o
START GROUP
LOAD ../src/ASF/thirdparty/CMSIS/Lib/GCC\libarm_cortexM0l_math.a
LOAD c:/program files (x86)/atmel/atmel toolchain/arm gcc/native/4.8.1443/arm-gnu-toolchain/bin/../lib/gcc/arm-none-eabi/4.8.4/../../../../arm-none-eabi/lib/armv6-m\libm.a
END GROUP
START GROUP
LOAD c:/program files (x86)/atmel/atmel toolchain/arm gcc/native/4.8.1443/arm-gnu-toolchain/bin/../lib/gcc/arm-none-eabi/4.8.4/armv6-m\libgcc.a
LOAD c:/program files (x86)/atmel/atmel toolchain/arm gcc/native/4.8.1443/arm-gnu-toolchain/bin/../lib/gcc/arm-none-eabi/4.8.4/../../../../arm-none-eabi/lib/armv6-m\libc.a
END GROUP
LOAD c:/program files (x86)/atmel/atmel toolchain/arm gcc/native/4.8.1443/arm-gnu-toolchain/bin/../lib/gcc/arm-none-eabi/4.8.4/armv6-m/crtend.o
LOAD c:/program files (x86)/atmel/atmel toolchain/arm gcc/native/4.8.1443/arm-gnu-toolchain/bin/../lib/gcc/arm-none-eabi/4.8.4/armv6-m/crtn.o
                0x00002000                STACK_SIZE = DEFINED (STACK_SIZE)?STACK_SIZE:DEFINED (__stack_size__)?__stack_size__:0x2000

.text           0x00000000     0x6cfc
                0x00000000                . = ALIGN (0x4)
                0x00000000                _sfixed = .
 *(.vectors .vectors.*)
 .vectors       0x00000000       0xb0 src/ASF/sam0/utils/cmsis/samd21/source/gcc/startup_samd21.o
                0x00000000                exception_table
 *(.text .text.* .gnu.linkonce.t.*)
 .text          0x000000b0       0x60 c:/program files (x86)/atmel/atmel toolchain/arm gcc/native/4.8.1443/arm-gnu-toolchain/bin/../lib/gcc/arm-none-eabi/4.8.4/armv6-m/crtbegin.o
 .text.timer_irda_sync_callback
                0x00000110       0x30 Bastian_freeRTOS-TRACE.o
                0x00000110                timer_irda_sync_callback
 .text.timer_irda_ping_callback
                0x00000140       0x90 Bastian_freeRTOS-TRACE.o
                0x00000140                timer_irda_ping_callback
 .text.irda_communication_task
                0x000001d0      0x16c Bastian_freeRTOS-TRACE.o
                0x000001d0                irda_communication_task
 .text.main     0x0000033c      0x118 Bastian_freeRTOS-TRACE.o
                0x0000033c                main
 .text._sercom_get_sync_baud_val
                0x00000454       0x28 src/ASF/sam0/drivers/sercom/sercom.o
                0x00000454                _sercom_get_sync_baud_val
 *fill*         0x0000047c        0x4 
 .text._sercom_get_async_baud_val
                0x00000480      0x1c8 src/ASF/sam0/drivers/sercom/sercom.o
                0x00000480                _sercom_get_async_baud_val
 .text.sercom_set_gclk_generator
                0x00000648       0x68 src/ASF/sam0/drivers/sercom/sercom.o
                0x00000648                sercom_set_gclk_generator
 .text._sercom_get_default_pad
                0x000006b0       0xf0 src/ASF/sam0/drivers/sercom/sercom.o
                0x000006b0                _sercom_get_default_pad
 .text._sercom_get_sercom_inst_index
                0x000007a0       0x48 src/ASF/sam0/drivers/sercom/sercom.o
                0x000007a0                _sercom_get_sercom_inst_index
 .text.irda_master_callback_transmitted
                0x000007e8      0x118 src/Peripherals/bastian_sercom.o
 .text.irda_master_callback_received
                0x00000900      0x11c src/Peripherals/bastian_sercom.o
 .text.bastian_IrDA_configuration
                0x00000a1c       0xf8 src/Peripherals/bastian_sercom.o
                0x00000a1c                bastian_IrDA_configuration
 .text._sercom_default_handler
                0x00000b14        0x4 src/ASF/sam0/drivers/sercom/sercom_interrupt.o
 .text._sercom_set_handler
                0x00000b18       0x58 src/ASF/sam0/drivers/sercom/sercom_interrupt.o
                0x00000b18                _sercom_set_handler
 .text._sercom_get_interrupt_vector
                0x00000b70       0x38 src/ASF/sam0/drivers/sercom/sercom_interrupt.o
                0x00000b70                _sercom_get_interrupt_vector
 .text.SERCOM0_Handler
                0x00000ba8       0x14 src/ASF/sam0/drivers/sercom/sercom_interrupt.o
                0x00000ba8                SERCOM0_Handler
 .text.SERCOM1_Handler
                0x00000bbc       0x14 src/ASF/sam0/drivers/sercom/sercom_interrupt.o
                0x00000bbc                SERCOM1_Handler
 .text.SERCOM2_Handler
                0x00000bd0       0x14 src/ASF/sam0/drivers/sercom/sercom_interrupt.o
                0x00000bd0                SERCOM2_Handler
 .text.SERCOM3_Handler
                0x00000be4       0x14 src/ASF/sam0/drivers/sercom/sercom_interrupt.o
                0x00000be4                SERCOM3_Handler
 .text.usart_init
                0x00000bf8      0x36c src/ASF/sam0/drivers/sercom/usart/usart.o
                0x00000bf8                usart_init
 .text._usart_write_buffer
                0x00000f64       0x58 src/ASF/sam0/drivers/sercom/usart/usart_interrupt.o
                0x00000f64                _usart_write_buffer
 .text._usart_read_buffer
                0x00000fbc       0x6c src/ASF/sam0/drivers/sercom/usart/usart_interrupt.o
                0x00000fbc                _usart_read_buffer
 .text.usart_register_callback
                0x00001028       0x18 src/ASF/sam0/drivers/sercom/usart/usart_interrupt.o
                0x00001028                usart_register_callback
 .text.usart_write_buffer_job
                0x00001040       0x2c src/ASF/sam0/drivers/sercom/usart/usart_interrupt.o
                0x00001040                usart_write_buffer_job
 .text.usart_read_buffer_job
                0x0000106c       0x2c src/ASF/sam0/drivers/sercom/usart/usart_interrupt.o
                0x0000106c                usart_read_buffer_job
 .text.usart_abort_job
                0x00001098       0x20 src/ASF/sam0/drivers/sercom/usart/usart_interrupt.o
                0x00001098                usart_abort_job
 .text._usart_interrupt_handler
                0x000010b8      0x1a8 src/ASF/sam0/drivers/sercom/usart/usart_interrupt.o
                0x000010b8                _usart_interrupt_handler
 .text.vTraceError
                0x00001260       0x84 src/ASF/thirdparty/freertos/trace/trcBase.o
                0x00001260                vTraceError
 .text.prvTraceInitTraceData
                0x000012e4      0x1d8 src/ASF/thirdparty/freertos/trace/trcBase.o
                0x000012e4                prvTraceInitTraceData
 .text.xTraceNextFreeEventBufferSlot
                0x000014bc       0x50 src/ASF/thirdparty/freertos/trace/trcBase.o
                0x000014bc                xTraceNextFreeEventBufferSlot
 .text.uiIndexOfObject
                0x0000150c       0x70 src/ASF/thirdparty/freertos/trace/trcBase.o
                0x0000150c                uiIndexOfObject
 .text.xTraceGetObjectHandle
                0x0000157c      0x17c src/ASF/thirdparty/freertos/trace/trcBase.o
                0x0000157c                xTraceGetObjectHandle
 .text.vTraceFreeObjectHandle
                0x000016f8       0x94 src/ASF/thirdparty/freertos/trace/trcBase.o
                0x000016f8                vTraceFreeObjectHandle
 .text.vTraceSetObjectName
                0x0000178c       0xbc src/ASF/thirdparty/freertos/trace/trcBase.o
                0x0000178c                vTraceSetObjectName
 .text.prvCheckDataToBeOverwrittenForMultiEntryEvents
                0x00001848       0xe0 src/ASF/thirdparty/freertos/trace/trcBase.o
                0x00001848                prvCheckDataToBeOverwrittenForMultiEntryEvents
 .text.prvTraceUpdateCounters
                0x00001928       0x4c src/ASF/thirdparty/freertos/trace/trcBase.o
                0x00001928                prvTraceUpdateCounters
 .text.prvTraceGetDTS
                0x00001974      0x14c src/ASF/thirdparty/freertos/trace/trcBase.o
                0x00001974                prvTraceGetDTS
 .text.prvTraceLookupSymbolTableEntry
                0x00001ac0       0xfc src/ASF/thirdparty/freertos/trace/trcBase.o
                0x00001ac0                prvTraceLookupSymbolTableEntry
 .text.prvTraceCreateSymbolTableEntry
                0x00001bbc      0x10c src/ASF/thirdparty/freertos/trace/trcBase.o
                0x00001bbc                prvTraceCreateSymbolTableEntry
 .text.prvTraceGetChecksum
                0x00001cc8       0x7c src/ASF/thirdparty/freertos/trace/trcBase.o
                0x00001cc8                prvTraceGetChecksum
 .text.prvTraceOpenSymbol
                0x00001d44       0xbc src/ASF/thirdparty/freertos/trace/trcBase.o
                0x00001d44                prvTraceOpenSymbol
 .text.vTracePortGetTimeStamp
                0x00001e00       0xa4 src/ASF/thirdparty/freertos/trace/trcHardwarePort.o
                0x00001e00                vTracePortGetTimeStamp
 .text.vTraceStoreTaskReady
                0x00001ea4       0xe8 src/ASF/thirdparty/freertos/trace/trcKernel.o
                0x00001ea4                vTraceStoreTaskReady
 .text.vTraceStoreKernelCall
                0x00001f8c        0x4 src/ASF/thirdparty/freertos/trace/trcKernel.o
                0x00001f8c                vTraceStoreKernelCall
 .text.vTraceStoreKernelCallWithParam
                0x00001f90        0x4 src/ASF/thirdparty/freertos/trace/trcKernel.o
                0x00001f90                vTraceStoreKernelCallWithParam
 .text.vTraceStoreKernelCallWithNumericParamOnly
                0x00001f94        0x4 src/ASF/thirdparty/freertos/trace/trcKernel.o
                0x00001f94                vTraceStoreKernelCallWithNumericParamOnly
 .text.vTraceStoreObjectNameOnCloseEvent
                0x00001f98       0x94 src/ASF/thirdparty/freertos/trace/trcKernel.o
                0x00001f98                vTraceStoreObjectNameOnCloseEvent
 .text.vTraceStoreObjectPropertiesOnCloseEvent
                0x0000202c       0xbc src/ASF/thirdparty/freertos/trace/trcKernel.o
                0x0000202c                vTraceStoreObjectPropertiesOnCloseEvent
 .text.vTraceSetPriorityProperty
                0x000020e8       0x74 src/ASF/thirdparty/freertos/trace/trcKernel.o
                0x000020e8                vTraceSetPriorityProperty
 .text.uiTraceGetPriorityProperty
                0x0000215c       0x74 src/ASF/thirdparty/freertos/trace/trcKernel.o
                0x0000215c                uiTraceGetPriorityProperty
 .text.vTraceSetObjectState
                0x000021d0       0x74 src/ASF/thirdparty/freertos/trace/trcKernel.o
                0x000021d0                vTraceSetObjectState
 .text.uiTraceGetObjectState
                0x00002244       0x74 src/ASF/thirdparty/freertos/trace/trcKernel.o
                0x00002244                uiTraceGetObjectState
 .text.vTraceStoreTaskswitch
                0x000022b8      0x110 src/ASF/thirdparty/freertos/trace/trcKernel.o
                0x000022b8                vTraceStoreTaskswitch
 .text.vTraceSetTaskInstanceFinished
                0x000023c8       0x58 src/ASF/thirdparty/freertos/trace/trcKernel.o
                0x000023c8                vTraceSetTaskInstanceFinished
 .text.prvTraceGetObjectNumber
                0x00002420       0x20 src/ASF/thirdparty/freertos/trace/trcKernelPort.o
                0x00002420                prvTraceGetObjectNumber
 .text.prvTraceGetObjectType
                0x00002440       0x1c src/ASF/thirdparty/freertos/trace/trcKernelPort.o
                0x00002440                prvTraceGetObjectType
 .text.prvTraceGetTaskNumber
                0x0000245c       0x20 src/ASF/thirdparty/freertos/trace/trcKernelPort.o
                0x0000245c                prvTraceGetTaskNumber
 .text.prvTraceGetCurrentTaskHandle
                0x0000247c       0x1c src/ASF/thirdparty/freertos/trace/trcKernelPort.o
                0x0000247c                prvTraceGetCurrentTaskHandle
 .text.vTraceInitObjectPropertyTable
                0x00002498       0xbc src/ASF/thirdparty/freertos/trace/trcKernelPort.o
                0x00002498                vTraceInitObjectPropertyTable
 .text.vTraceInitObjectHandleStack
                0x00002554       0x58 src/ASF/thirdparty/freertos/trace/trcKernelPort.o
                0x00002554                vTraceInitObjectHandleStack
 .text.pszTraceGetErrorNotEnoughHandles
                0x000025ac       0x64 src/ASF/thirdparty/freertos/trace/trcKernelPort.o
                0x000025ac                pszTraceGetErrorNotEnoughHandles
 .text.vTraceInitTraceData
                0x00002610       0x1c src/ASF/thirdparty/freertos/trace/trcUser.o
                0x00002610                vTraceInitTraceData
 .text.uiTraceStart
                0x0000262c       0xe0 src/ASF/thirdparty/freertos/trace/trcUser.o
                0x0000262c                uiTraceStart
 .text.vListInitialise
                0x0000270c       0x18 src/ASF/thirdparty/freertos/freertos-8.0.1/Source/list.o
                0x0000270c                vListInitialise
 .text.vListInitialiseItem
                0x00002724        0x8 src/ASF/thirdparty/freertos/freertos-8.0.1/Source/list.o
                0x00002724                vListInitialiseItem
 .text.vListInsertEnd
                0x0000272c       0x18 src/ASF/thirdparty/freertos/freertos-8.0.1/Source/list.o
                0x0000272c                vListInsertEnd
 .text.vListInsert
                0x00002744       0x30 src/ASF/thirdparty/freertos/freertos-8.0.1/Source/list.o
                0x00002744                vListInsert
 .text.uxListRemove
                0x00002774       0x24 src/ASF/thirdparty/freertos/freertos-8.0.1/Source/list.o
                0x00002774                uxListRemove
 .text.prvTaskExitError
                0x00002798       0x18 src/ASF/thirdparty/freertos/freertos-8.0.1/Source/portable/GCC/ARM_CM0/port.o
 .text.vPortStartFirstTask
                0x000027b0       0x20 src/ASF/thirdparty/freertos/freertos-8.0.1/Source/portable/GCC/ARM_CM0/port.o
 .text.pxPortInitialiseStack
                0x000027d0       0x24 src/ASF/thirdparty/freertos/freertos-8.0.1/Source/portable/GCC/ARM_CM0/port.o
                0x000027d0                pxPortInitialiseStack
 .text.SVC_Handler
                0x000027f4        0x4 src/ASF/thirdparty/freertos/freertos-8.0.1/Source/portable/GCC/ARM_CM0/port.o
                0x000027f4                SVC_Handler
 .text.vPortYield
                0x000027f8       0x18 src/ASF/thirdparty/freertos/freertos-8.0.1/Source/portable/GCC/ARM_CM0/port.o
                0x000027f8                vPortYield
 .text.vPortEnterCritical
                0x00002810       0x1c src/ASF/thirdparty/freertos/freertos-8.0.1/Source/portable/GCC/ARM_CM0/port.o
                0x00002810                vPortEnterCritical
 .text.vPortExitCritical
                0x0000282c       0x28 src/ASF/thirdparty/freertos/freertos-8.0.1/Source/portable/GCC/ARM_CM0/port.o
                0x0000282c                vPortExitCritical
 .text.ulSetInterruptMaskFromISR
                0x00002854        0xc src/ASF/thirdparty/freertos/freertos-8.0.1/Source/portable/GCC/ARM_CM0/port.o
                0x00002854                ulSetInterruptMaskFromISR
 .text.vClearInterruptMaskFromISR
                0x00002860        0x8 src/ASF/thirdparty/freertos/freertos-8.0.1/Source/portable/GCC/ARM_CM0/port.o
                0x00002860                vClearInterruptMaskFromISR
 .text.PendSV_Handler
                0x00002868       0x44 src/ASF/thirdparty/freertos/freertos-8.0.1/Source/portable/GCC/ARM_CM0/port.o
                0x00002868                PendSV_Handler
 .text.SysTick_Handler
                0x000028ac       0x44 src/ASF/thirdparty/freertos/freertos-8.0.1/Source/portable/GCC/ARM_CM0/port.o
                0x000028ac                SysTick_Handler
 .text.vPortSetupTimerInterrupt
                0x000028f0       0x24 src/ASF/thirdparty/freertos/freertos-8.0.1/Source/portable/GCC/ARM_CM0/port.o
                0x000028f0                vPortSetupTimerInterrupt
 .text.xPortStartScheduler
                0x00002914       0x50 src/ASF/thirdparty/freertos/freertos-8.0.1/Source/portable/GCC/ARM_CM0/port.o
                0x00002914                xPortStartScheduler
 .text.pvPortMalloc
                0x00002964       0x8c src/ASF/thirdparty/freertos/freertos-8.0.1/Source/portable/MemMang/heap_1.o
                0x00002964                pvPortMalloc
 .text.vPortFree
                0x000029f0        0xc src/ASF/thirdparty/freertos/freertos-8.0.1/Source/portable/MemMang/heap_1.o
                0x000029f0                vPortFree
 .text.prvCopyDataToQueue
                0x000029fc       0x90 src/ASF/thirdparty/freertos/freertos-8.0.1/Source/queue.o
 .text.prvNotifyQueueSetContainer
                0x00002a8c       0xe8 src/ASF/thirdparty/freertos/freertos-8.0.1/Source/queue.o
 .text.prvCopyDataFromQueue
                0x00002b74       0x38 src/ASF/thirdparty/freertos/freertos-8.0.1/Source/queue.o
 .text.prvUnlockQueue
                0x00002bac       0xcc src/ASF/thirdparty/freertos/freertos-8.0.1/Source/queue.o
 .text.xQueueGenericReset
                0x00002c78       0x90 src/ASF/thirdparty/freertos/freertos-8.0.1/Source/queue.o
                0x00002c78                xQueueGenericReset
 .text.xQueueGenericCreate
                0x00002d08      0x104 src/ASF/thirdparty/freertos/freertos-8.0.1/Source/queue.o
                0x00002d08                xQueueGenericCreate
 .text.xQueueGenericSend
                0x00002e0c      0x2dc src/ASF/thirdparty/freertos/freertos-8.0.1/Source/queue.o
                0x00002e0c                xQueueGenericSend
 .text.xQueueGenericSendFromISR
                0x000030e8      0x19c src/ASF/thirdparty/freertos/freertos-8.0.1/Source/queue.o
                0x000030e8                xQueueGenericSendFromISR
 .text.xQueueGenericReceive
                0x00003284      0x364 src/ASF/thirdparty/freertos/freertos-8.0.1/Source/queue.o
                0x00003284                xQueueGenericReceive
 .text.uxQueueGetQueueNumber
                0x000035e8        0x4 src/ASF/thirdparty/freertos/freertos-8.0.1/Source/queue.o
                0x000035e8                uxQueueGetQueueNumber
 .text.ucQueueGetQueueType
                0x000035ec        0x8 src/ASF/thirdparty/freertos/freertos-8.0.1/Source/queue.o
                0x000035ec                ucQueueGetQueueType
 .text.vQueueWaitForMessageRestricted
                0x000035f4       0x60 src/ASF/thirdparty/freertos/freertos-8.0.1/Source/queue.o
                0x000035f4                vQueueWaitForMessageRestricted
 .text.prvTaskIsTaskSuspended
                0x00003654       0x34 src/ASF/thirdparty/freertos/freertos-8.0.1/Source/tasks.o
 .text.prvResetNextTaskUnblockTime
                0x00003688       0x3c src/ASF/thirdparty/freertos/freertos-8.0.1/Source/tasks.o
 .text.prvAddCurrentTaskToDelayedList
                0x000036c4       0x80 src/ASF/thirdparty/freertos/freertos-8.0.1/Source/tasks.o
 .text.xTaskGenericCreate
                0x00003744      0x2c4 src/ASF/thirdparty/freertos/freertos-8.0.1/Source/tasks.o
                0x00003744                xTaskGenericCreate
 .text.vTaskResume
                0x00003a08       0xd4 src/ASF/thirdparty/freertos/freertos-8.0.1/Source/tasks.o
                0x00003a08                vTaskResume
 .text.xTaskResumeFromISR
                0x00003adc       0xfc src/ASF/thirdparty/freertos/freertos-8.0.1/Source/tasks.o
                0x00003adc                xTaskResumeFromISR
 .text.vTaskStartScheduler
                0x00003bd8       0x78 src/ASF/thirdparty/freertos/freertos-8.0.1/Source/tasks.o
                0x00003bd8                vTaskStartScheduler
 .text.vTaskSuspendAll
                0x00003c50       0x10 src/ASF/thirdparty/freertos/freertos-8.0.1/Source/tasks.o
                0x00003c50                vTaskSuspendAll
 .text.xTaskGetTickCount
                0x00003c60       0x30 src/ASF/thirdparty/freertos/freertos-8.0.1/Source/tasks.o
                0x00003c60                xTaskGetTickCount
 .text.xTaskGetTickCountFromISR
                0x00003c90       0x30 src/ASF/thirdparty/freertos/freertos-8.0.1/Source/tasks.o
                0x00003c90                xTaskGetTickCountFromISR
 .text.xTaskIncrementTick
                0x00003cc0      0x1dc src/ASF/thirdparty/freertos/freertos-8.0.1/Source/tasks.o
                0x00003cc0                xTaskIncrementTick
 .text.xTaskResumeAll
                0x00003e9c      0x174 src/ASF/thirdparty/freertos/freertos-8.0.1/Source/tasks.o
                0x00003e9c                xTaskResumeAll
 .text.prvIdleTask
                0x00004010       0xb8 src/ASF/thirdparty/freertos/freertos-8.0.1/Source/tasks.o
 .text.vTaskSwitchContext
                0x000040c8       0xf4 src/ASF/thirdparty/freertos/freertos-8.0.1/Source/tasks.o
                0x000040c8                vTaskSwitchContext
 .text.vTaskSuspend
                0x000041bc      0x110 src/ASF/thirdparty/freertos/freertos-8.0.1/Source/tasks.o
                0x000041bc                vTaskSuspend
 .text.vTaskPlaceOnEventList
                0x000042cc       0x74 src/ASF/thirdparty/freertos/freertos-8.0.1/Source/tasks.o
                0x000042cc                vTaskPlaceOnEventList
 .text.vTaskPlaceOnEventListRestricted
                0x00004340       0x88 src/ASF/thirdparty/freertos/freertos-8.0.1/Source/tasks.o
                0x00004340                vTaskPlaceOnEventListRestricted
 .text.xTaskRemoveFromEventList
                0x000043c8       0xc8 src/ASF/thirdparty/freertos/freertos-8.0.1/Source/tasks.o
                0x000043c8                xTaskRemoveFromEventList
 .text.vTaskSetTimeOutState
                0x00004490       0x24 src/ASF/thirdparty/freertos/freertos-8.0.1/Source/tasks.o
                0x00004490                vTaskSetTimeOutState
 .text.xTaskCheckForTimeOut
                0x000044b4       0x84 src/ASF/thirdparty/freertos/freertos-8.0.1/Source/tasks.o
                0x000044b4                xTaskCheckForTimeOut
 .text.vTaskMissedYield
                0x00004538       0x10 src/ASF/thirdparty/freertos/freertos-8.0.1/Source/tasks.o
                0x00004538                vTaskMissedYield
 .text.uxTaskGetTaskNumber
                0x00004548        0xc src/ASF/thirdparty/freertos/freertos-8.0.1/Source/tasks.o
                0x00004548                uxTaskGetTaskNumber
 .text.xTaskGetCurrentTaskHandle
                0x00004554       0x14 src/ASF/thirdparty/freertos/freertos-8.0.1/Source/tasks.o
                0x00004554                xTaskGetCurrentTaskHandle
 .text.xTaskGetSchedulerState
                0x00004568       0x24 src/ASF/thirdparty/freertos/freertos-8.0.1/Source/tasks.o
                0x00004568                xTaskGetSchedulerState
 .text.vTaskPriorityInherit
                0x0000458c      0x110 src/ASF/thirdparty/freertos/freertos-8.0.1/Source/tasks.o
                0x0000458c                vTaskPriorityInherit
 .text.vTaskPriorityDisinherit
                0x0000469c       0xd4 src/ASF/thirdparty/freertos/freertos-8.0.1/Source/tasks.o
                0x0000469c                vTaskPriorityDisinherit
 .text.prvInsertTimerInActiveList
                0x00004770       0x5c src/ASF/thirdparty/freertos/freertos-8.0.1/Source/timers.o
 .text.prvCheckForValidListAndQueue
                0x000047cc       0x80 src/ASF/thirdparty/freertos/freertos-8.0.1/Source/timers.o
 .text.xTimerCreateTimerTask
                0x0000484c       0x64 src/ASF/thirdparty/freertos/freertos-8.0.1/Source/timers.o
                0x0000484c                xTimerCreateTimerTask
 .text.xTimerCreate
                0x000048b0       0xb0 src/ASF/thirdparty/freertos/freertos-8.0.1/Source/timers.o
                0x000048b0                xTimerCreate
 .text.xTimerGenericCommand
                0x00004960      0x124 src/ASF/thirdparty/freertos/freertos-8.0.1/Source/timers.o
                0x00004960                xTimerGenericCommand
 .text.prvSampleTimeNow
                0x00004a84       0xe8 src/ASF/thirdparty/freertos/freertos-8.0.1/Source/timers.o
 .text.prvTimerTask
                0x00004b6c      0x200 src/ASF/thirdparty/freertos/freertos-8.0.1/Source/timers.o
 .text.Dummy_Handler
                0x00004d6c        0x4 src/ASF/sam0/utils/cmsis/samd21/source/gcc/startup_samd21.o
                0x00004d6c                DMAC_Handler
                0x00004d6c                HardFault_Handler
                0x00004d6c                AC_Handler
                0x00004d6c                NMI_Handler
                0x00004d6c                ADC_Handler
                0x00004d6c                TCC1_Handler
                0x00004d6c                TCC0_Handler
                0x00004d6c                RTC_Handler
                0x00004d6c                EIC_Handler
                0x00004d6c                WDT_Handler
                0x00004d6c                TC4_Handler
                0x00004d6c                USB_Handler
                0x00004d6c                TC3_Handler
                0x00004d6c                Dummy_Handler
                0x00004d6c                PM_Handler
                0x00004d6c                TCC2_Handler
                0x00004d6c                EVSYS_Handler
                0x00004d6c                I2S_Handler
                0x00004d6c                NVMCTRL_Handler
                0x00004d6c                DAC_Handler
                0x00004d6c                PTC_Handler
                0x00004d6c                TC5_Handler
                0x00004d6c                SYSCTRL_Handler
 .text.Reset_Handler
                0x00004d70      0x12c src/ASF/sam0/utils/cmsis/samd21/source/gcc/startup_samd21.o
                0x00004d70                Reset_Handler
 .text.system_clock_source_get_hz
                0x00004e9c       0xc0 src/ASF/sam0/drivers/system/clock/clock_samd21_r21_da/clock.o
                0x00004e9c                system_clock_source_get_hz
 .text.system_clock_source_osc8m_set_config
                0x00004f5c       0x3c src/ASF/sam0/drivers/system/clock/clock_samd21_r21_da/clock.o
                0x00004f5c                system_clock_source_osc8m_set_config
 .text.system_clock_source_xosc32k_set_config
                0x00004f98       0xb8 src/ASF/sam0/drivers/system/clock/clock_samd21_r21_da/clock.o
                0x00004f98                system_clock_source_xosc32k_set_config
 .text.system_clock_source_dpll_set_config
                0x00005050       0xb4 src/ASF/sam0/drivers/system/clock/clock_samd21_r21_da/clock.o
                0x00005050                system_clock_source_dpll_set_config
 .text.system_clock_source_enable
                0x00005104       0xbc src/ASF/sam0/drivers/system/clock/clock_samd21_r21_da/clock.o
                0x00005104                system_clock_source_enable
 .text.system_clock_source_is_ready
                0x000051c0       0x58 src/ASF/sam0/drivers/system/clock/clock_samd21_r21_da/clock.o
                0x000051c0                system_clock_source_is_ready
 .text.system_clock_init
                0x00005218      0x160 src/ASF/sam0/drivers/system/clock/clock_samd21_r21_da/clock.o
                0x00005218                system_clock_init
 .text.system_gclk_init
                0x00005378       0x24 src/ASF/sam0/drivers/system/clock/clock_samd21_r21_da/gclk.o
                0x00005378                system_gclk_init
 .text.system_gclk_gen_set_config
                0x0000539c       0xd4 src/ASF/sam0/drivers/system/clock/clock_samd21_r21_da/gclk.o
                0x0000539c                system_gclk_gen_set_config
 .text.system_gclk_gen_enable
                0x00005470       0x54 src/ASF/sam0/drivers/system/clock/clock_samd21_r21_da/gclk.o
                0x00005470                system_gclk_gen_enable
 .text.system_gclk_gen_get_hz
                0x000054c4       0xa0 src/ASF/sam0/drivers/system/clock/clock_samd21_r21_da/gclk.o
                0x000054c4                system_gclk_gen_get_hz
 .text.system_gclk_chan_enable
                0x00005564       0x40 src/ASF/sam0/drivers/system/clock/clock_samd21_r21_da/gclk.o
                0x00005564                system_gclk_chan_enable
 .text.system_gclk_chan_disable
                0x000055a4       0x6c src/ASF/sam0/drivers/system/clock/clock_samd21_r21_da/gclk.o
                0x000055a4                system_gclk_chan_disable
 .text.system_gclk_chan_set_config
                0x00005610       0x2c src/ASF/sam0/drivers/system/clock/clock_samd21_r21_da/gclk.o
                0x00005610                system_gclk_chan_set_config
 .text.system_gclk_chan_get_hz
                0x0000563c       0x48 src/ASF/sam0/drivers/system/clock/clock_samd21_r21_da/gclk.o
                0x0000563c                system_gclk_chan_get_hz
 .text._system_dummy_init
                0x00005684        0x4 src/ASF/sam0/drivers/system/system.o
                0x00005684                _system_extint_init
                0x00005684                system_board_init
                0x00005684                _system_events_init
                0x00005684                _system_dummy_init
                0x00005684                _system_divas_init
 .text.system_init
                0x00005688       0x44 src/ASF/sam0/drivers/system/system.o
                0x00005688                system_init
 .text.cpu_irq_enter_critical
                0x000056cc       0x60 src/ASF/common/utils/interrupt/interrupt_sam_nvic.o
                0x000056cc                cpu_irq_enter_critical
 .text.cpu_irq_leave_critical
                0x0000572c       0x48 src/ASF/common/utils/interrupt/interrupt_sam_nvic.o
                0x0000572c                cpu_irq_leave_critical
 .text.port_pin_set_config
                0x00005774       0x30 src/ASF/sam0/drivers/port/port.o
                0x00005774                port_pin_set_config
 .text._system_pinmux_config
                0x000057a4       0x8c src/ASF/sam0/drivers/system/pinmux/pinmux.o
 .text.system_pinmux_pin_set_config
                0x00005830       0x30 src/ASF/sam0/drivers/system/pinmux/pinmux.o
                0x00005830                system_pinmux_pin_set_config
 .text          0x00005860       0x14 c:/program files (x86)/atmel/atmel toolchain/arm gcc/native/4.8.1443/arm-gnu-toolchain/bin/../lib/gcc/arm-none-eabi/4.8.4/armv6-m\libgcc.a(_thumb1_case_uqi.o)
                0x00005860                __gnu_thumb1_case_uqi
 .text          0x00005874       0x9c c:/program files (x86)/atmel/atmel toolchain/arm gcc/native/4.8.1443/arm-gnu-toolchain/bin/../lib/gcc/arm-none-eabi/4.8.4/armv6-m\libgcc.a(_udivsi3.o)
                0x00005874                __aeabi_uidiv
                0x00005874                __udivsi3
                0x000058fc                __aeabi_uidivmod
 .text          0x00005910        0x4 c:/program files (x86)/atmel/atmel toolchain/arm gcc/native/4.8.1443/arm-gnu-toolchain/bin/../lib/gcc/arm-none-eabi/4.8.4/armv6-m\libgcc.a(_dvmd_tls.o)
                0x00005910                __aeabi_idiv0
                0x00005910                __aeabi_ldiv0
 .text          0x00005914       0x44 c:/program files (x86)/atmel/atmel toolchain/arm gcc/native/4.8.1443/arm-gnu-toolchain/bin/../lib/gcc/arm-none-eabi/4.8.4/armv6-m\libgcc.a(_muldi3.o)
                0x00005914                __muldi3
                0x00005914                __aeabi_lmul
 .text.__libc_init_array
                0x00005958       0x48 c:/program files (x86)/atmel/atmel toolchain/arm gcc/native/4.8.1443/arm-gnu-toolchain/bin/../lib/gcc/arm-none-eabi/4.8.4/../../../../arm-none-eabi/lib/armv6-m\libc.a(lib_a-init.o)
                0x00005958                __libc_init_array
 .text.memcpy   0x000059a0       0x84 c:/program files (x86)/atmel/atmel toolchain/arm gcc/native/4.8.1443/arm-gnu-toolchain/bin/../lib/gcc/arm-none-eabi/4.8.4/../../../../arm-none-eabi/lib/armv6-m\libc.a(lib_a-memcpy-stub.o)
                0x000059a0                memcpy
 .text.memset   0x00005a24       0x9c c:/program files (x86)/atmel/atmel toolchain/arm gcc/native/4.8.1443/arm-gnu-toolchain/bin/../lib/gcc/arm-none-eabi/4.8.4/../../../../arm-none-eabi/lib/armv6-m\libc.a(lib_a-memset.o)
                0x00005a24                memset
 .text.strncmp  0x00005ac0       0xb8 c:/program files (x86)/atmel/atmel toolchain/arm gcc/native/4.8.1443/arm-gnu-toolchain/bin/../lib/gcc/arm-none-eabi/4.8.4/../../../../arm-none-eabi/lib/armv6-m\libc.a(lib_a-strncmp.o)
                0x00005ac0                strncmp
 .text.strncpy  0x00005b78       0x74 c:/program files (x86)/atmel/atmel toolchain/arm gcc/native/4.8.1443/arm-gnu-toolchain/bin/../lib/gcc/arm-none-eabi/4.8.4/../../../../arm-none-eabi/lib/armv6-m\libc.a(lib_a-strncpy.o)
                0x00005b78                strncpy
 .text.startup.register_fini
                0x00005bec       0x18 c:/program files (x86)/atmel/atmel toolchain/arm gcc/native/4.8.1443/arm-gnu-toolchain/bin/../lib/gcc/arm-none-eabi/4.8.4/../../../../arm-none-eabi/lib/armv6-m\libc.a(lib_a-__call_atexit.o)
 .text.atexit   0x00005c04       0x10 c:/program files (x86)/atmel/atmel toolchain/arm gcc/native/4.8.1443/arm-gnu-toolchain/bin/../lib/gcc/arm-none-eabi/4.8.4/../../../../arm-none-eabi/lib/armv6-m\libc.a(lib_a-atexit.o)
                0x00005c04                atexit
 .text.__libc_fini_array
                0x00005c14       0x30 c:/program files (x86)/atmel/atmel toolchain/arm gcc/native/4.8.1443/arm-gnu-toolchain/bin/../lib/gcc/arm-none-eabi/4.8.4/../../../../arm-none-eabi/lib/armv6-m\libc.a(lib_a-fini.o)
                0x00005c14                __libc_fini_array
 .text.__register_exitproc
                0x00005c44       0xc0 c:/program files (x86)/atmel/atmel toolchain/arm gcc/native/4.8.1443/arm-gnu-toolchain/bin/../lib/gcc/arm-none-eabi/4.8.4/../../../../arm-none-eabi/lib/armv6-m\libc.a(lib_a-__atexit.o)
                0x00005c44                __register_exitproc
 *(.glue_7t)
 .glue_7t       0x00000000        0x0 linker stubs
 *(.glue_7)
 .glue_7        0x00000000        0x0 linker stubs
 *(.rodata .rodata* .gnu.linkonce.r.*)
 .rodata.str1.4
                0x00005d04       0x15 Bastian_freeRTOS-TRACE.o
                                 0x18 (size before relaxing)
 *fill*         0x00005d19        0x3 
 .rodata        0x00005d1c       0x10 src/ASF/sam0/drivers/sercom/sercom.o
 .rodata        0x00005d2c        0x4 src/ASF/sam0/drivers/sercom/sercom_interrupt.o
 .rodata.str1.4
                0x00005d30      0x56f src/ASF/thirdparty/freertos/trace/trcBase.o
                                0x570 (size before relaxing)
 *fill*         0x0000629f        0x1 
 .rodata.str1.4
                0x000062a0      0x48e src/ASF/thirdparty/freertos/trace/trcKernel.o
                                0x490 (size before relaxing)
 *fill*         0x0000672e        0x2 
 .rodata.str1.4
                0x00006730      0x298 src/ASF/thirdparty/freertos/trace/trcKernelPort.o
 .rodata.str1.4
                0x000069c8      0x2f5 src/ASF/thirdparty/freertos/trace/trcUser.o
                                0x2f8 (size before relaxing)
 *fill*         0x00006cbd        0x3 
 .rodata.str1.4
                0x00006cc0        0x5 src/ASF/thirdparty/freertos/freertos-8.0.1/Source/tasks.o
                                  0x8 (size before relaxing)
 *fill*         0x00006cc5        0x3 
 .rodata.str1.4
                0x00006cc8        0x8 src/ASF/thirdparty/freertos/freertos-8.0.1/Source/timers.o
 .rodata.str1.4
                0x00006cd0        0x4 c:/program files (x86)/atmel/atmel toolchain/arm gcc/native/4.8.1443/arm-gnu-toolchain/bin/../lib/gcc/arm-none-eabi/4.8.4/../../../../arm-none-eabi/lib/armv6-m\libc.a(lib_a-impure.o)
 .rodata._global_impure_ptr
                0x00006cd4        0x4 c:/program files (x86)/atmel/atmel toolchain/arm gcc/native/4.8.1443/arm-gnu-toolchain/bin/../lib/gcc/arm-none-eabi/4.8.4/../../../../arm-none-eabi/lib/armv6-m\libc.a(lib_a-impure.o)
                0x00006cd4                _global_impure_ptr
 *(.ARM.extab* .gnu.linkonce.armextab.*)
                0x00006cd8                . = ALIGN (0x4)
 *(.init)
 .init          0x00006cd8        0x4 c:/program files (x86)/atmel/atmel toolchain/arm gcc/native/4.8.1443/arm-gnu-toolchain/bin/../lib/gcc/arm-none-eabi/4.8.4/armv6-m/crti.o
                0x00006cd8                _init
 .init          0x00006cdc        0x8 c:/program files (x86)/atmel/atmel toolchain/arm gcc/native/4.8.1443/arm-gnu-toolchain/bin/../lib/gcc/arm-none-eabi/4.8.4/armv6-m/crtn.o
                0x00006ce4                . = ALIGN (0x4)
                0x00006ce4                __preinit_array_start = .
 *(.preinit_array)
                0x00006ce4                __preinit_array_end = .
                0x00006ce4                . = ALIGN (0x4)
                0x00006ce4                __init_array_start = .
 *(SORT(.init_array.*))
 .init_array.00000
                0x00006ce4        0x4 c:/program files (x86)/atmel/atmel toolchain/arm gcc/native/4.8.1443/arm-gnu-toolchain/bin/../lib/gcc/arm-none-eabi/4.8.4/../../../../arm-none-eabi/lib/armv6-m\libc.a(lib_a-__call_atexit.o)
 *(.init_array)
 .init_array    0x00006ce8        0x4 c:/program files (x86)/atmel/atmel toolchain/arm gcc/native/4.8.1443/arm-gnu-toolchain/bin/../lib/gcc/arm-none-eabi/4.8.4/armv6-m/crtbegin.o
                0x00006cec                __init_array_end = .
                0x00006cec                . = ALIGN (0x4)
 *crtbegin.o(.ctors)
 *(EXCLUDE_FILE(*crtend.o) .ctors)
 *(SORT(.ctors.*))
 *crtend.o(.ctors)
                0x00006cec                . = ALIGN (0x4)
 *(.fini)
 .fini          0x00006cec        0x4 c:/program files (x86)/atmel/atmel toolchain/arm gcc/native/4.8.1443/arm-gnu-toolchain/bin/../lib/gcc/arm-none-eabi/4.8.4/armv6-m/crti.o
                0x00006cec                _fini
 .fini          0x00006cf0        0x8 c:/program files (x86)/atmel/atmel toolchain/arm gcc/native/4.8.1443/arm-gnu-toolchain/bin/../lib/gcc/arm-none-eabi/4.8.4/armv6-m/crtn.o
                0x00006cf8                . = ALIGN (0x4)
                0x00006cf8                __fini_array_start = .
 *(.fini_array)
 .fini_array    0x00006cf8        0x4 c:/program files (x86)/atmel/atmel toolchain/arm gcc/native/4.8.1443/arm-gnu-toolchain/bin/../lib/gcc/arm-none-eabi/4.8.4/armv6-m/crtbegin.o
 *(SORT(.fini_array.*))
                0x00006cfc                __fini_array_end = .
 *crtbegin.o(.dtors)
 *(EXCLUDE_FILE(*crtend.o) .dtors)
 *(SORT(.dtors.*))
 *crtend.o(.dtors)
                0x00006cfc                . = ALIGN (0x4)
                0x00006cfc                _efixed = .
                0x00006cfc                PROVIDE (__exidx_start, .)

.vfp11_veneer   0x00006cfc        0x0
 .vfp11_veneer  0x00000000        0x0 linker stubs

.v4_bx          0x00006cfc        0x0
 .v4_bx         0x00000000        0x0 linker stubs

.iplt           0x00006cfc        0x0
 .iplt          0x00000000        0x0 c:/program files (x86)/atmel/atmel toolchain/arm gcc/native/4.8.1443/arm-gnu-toolchain/bin/../lib/gcc/arm-none-eabi/4.8.4/armv6-m/crtbegin.o

.eh_frame       0x00006cfc        0x0
 .eh_frame      0x00006cfc        0x0 c:/program files (x86)/atmel/atmel toolchain/arm gcc/native/4.8.1443/arm-gnu-toolchain/bin/../lib/gcc/arm-none-eabi/4.8.4/armv6-m/crtbegin.o

.rel.dyn        0x00006cfc        0x0
 .rel.iplt      0x00000000        0x0 c:/program files (x86)/atmel/atmel toolchain/arm gcc/native/4.8.1443/arm-gnu-toolchain/bin/../lib/gcc/arm-none-eabi/4.8.4/armv6-m/crtbegin.o
 .rel.got       0x00000000        0x0 c:/program files (x86)/atmel/atmel toolchain/arm gcc/native/4.8.1443/arm-gnu-toolchain/bin/../lib/gcc/arm-none-eabi/4.8.4/armv6-m/crtbegin.o

.jcr            0x00006cfc        0x0
 .jcr           0x00006cfc        0x0 c:/program files (x86)/atmel/atmel toolchain/arm gcc/native/4.8.1443/arm-gnu-toolchain/bin/../lib/gcc/arm-none-eabi/4.8.4/armv6-m/crtbegin.o

.igot.plt       0x00006cfc        0x0
 .igot.plt      0x00000000        0x0 c:/program files (x86)/atmel/atmel toolchain/arm gcc/native/4.8.1443/arm-gnu-toolchain/bin/../lib/gcc/arm-none-eabi/4.8.4/armv6-m/crtbegin.o

.got            0x00006cfc      0x294
 .got           0x00006cfc      0x294 c:/program files (x86)/atmel/atmel toolchain/arm gcc/native/4.8.1443/arm-gnu-toolchain/bin/../lib/gcc/arm-none-eabi/4.8.4/armv6-m/crtbegin.o

.got.plt        0x00006f90        0xc
 .got.plt       0x00006f90        0xc c:/program files (x86)/atmel/atmel toolchain/arm gcc/native/4.8.1443/arm-gnu-toolchain/bin/../lib/gcc/arm-none-eabi/4.8.4/armv6-m/crtbegin.o
                0x00006f90                _GLOBAL_OFFSET_TABLE_

.ARM.exidx
 *(.ARM.exidx* .gnu.linkonce.armexidx.*)
                0x00006f9c                PROVIDE (__exidx_end, .)
                0x00006f9c                . = ALIGN (0x4)
                0x00006f9c                _etext = .

.relocate       0x20000000      0x440 load address 0x00006f9c
                0x20000000                . = ALIGN (0x4)
                0x20000000                _srelocate = .
 *(.ramfunc .ramfunc.*)
 *(.data .data.*)
 .data          0x20000000        0x4 src/ASF/thirdparty/freertos/trace/trcKernel.o
 .data          0x20000004        0x8 src/ASF/thirdparty/freertos/trace/trcKernelPort.o
                0x20000004                TraceObjectClassTable
 .data          0x2000000c        0x4 src/ASF/thirdparty/freertos/freertos-8.0.1/Source/portable/GCC/ARM_CM0/port.o
 .data          0x20000010        0x4 src/ASF/thirdparty/freertos/freertos-8.0.1/Source/tasks.o
 .data          0x20000014        0x1 src/ASF/common/utils/interrupt/interrupt_sam_nvic.o
                0x20000014                g_interrupt_enabled
 *fill*         0x20000015        0x3 
 .data.impure_data
                0x20000018      0x428 c:/program files (x86)/atmel/atmel toolchain/arm gcc/native/4.8.1443/arm-gnu-toolchain/bin/../lib/gcc/arm-none-eabi/4.8.4/../../../../arm-none-eabi/lib/armv6-m\libc.a(lib_a-impure.o)
                0x20000440                . = ALIGN (0x4)
                0x20000440                _erelocate = .

.bss            0x20000440     0x26b0 load address 0x000073dc
                0x20000440                . = ALIGN (0x4)
                0x20000440                _sbss = .
                0x20000440                _szero = .
 *(.bss .bss.*)
 .bss           0x20000440       0x1c c:/program files (x86)/atmel/atmel toolchain/arm gcc/native/4.8.1443/arm-gnu-toolchain/bin/../lib/gcc/arm-none-eabi/4.8.4/armv6-m/crtbegin.o
 .bss           0x2000045c       0x14 Bastian_freeRTOS-TRACE.o
                0x2000045c                irda_rx_array
                0x20000464                irda_tx_array
 .bss           0x20000470        0x8 src/ASF/sam0/drivers/sercom/sercom.o
 .bss           0x20000478       0x1c src/ASF/sam0/drivers/sercom/sercom_interrupt.o
 .bss           0x20000494       0xb4 src/ASF/thirdparty/freertos/trace/trcBase.o
                0x200004a0                traceErrorMessage
                0x200004a4                recorder_busy
                0x200004a8                RecorderDataPtr
                0x200004ac                objectHandleStacks
                0x2000051c                excludedEventCodes
                0x20000540                excludedObjects
 .bss           0x20000548       0x18 src/ASF/thirdparty/freertos/trace/trcHardwarePort.o
                0x20000550                DWT_CYCLES_ADDED
                0x20000554                uiTraceTickCount
                0x20000558                last_timestamp
                0x2000055c                trace_disable_timestamp
 .bss           0x20000560        0x3 src/ASF/thirdparty/freertos/trace/trcKernel.o
                0x20000560                inExcludedTask
                0x20000561                handle_of_last_logged_task
                0x20000562                nISRactive
 *fill*         0x20000563        0x1 
 .bss           0x20000564      0xbc0 src/ASF/thirdparty/freertos/freertos-8.0.1/Source/portable/MemMang/heap_1.o
 .bss           0x20001124       0xfc src/ASF/thirdparty/freertos/freertos-8.0.1/Source/tasks.o
                0x2000121c                pxCurrentTCB
 .bss           0x20001220       0x3c src/ASF/thirdparty/freertos/freertos-8.0.1/Source/timers.o
 .bss           0x2000125c       0x20 src/ASF/sam0/drivers/system/clock/clock_samd21_r21_da/clock.o
 .bss           0x2000127c        0x8 src/ASF/common/utils/interrupt/interrupt_sam_nvic.o
 *(COMMON)
 COMMON         0x20001284       0x78 Bastian_freeRTOS-TRACE.o
                0x20001284                timer_IrDA_Sync
                0x20001288                irda_comm_state
                0x2000128c                ser_master
                0x200012c0                irda_master
                0x200012f4                timer_IrDA_Ping
                0x200012f8                irda_task_handler
 COMMON         0x200012fc       0x10 src/ASF/sam0/drivers/sercom/sercom_interrupt.o
                0x200012fc                _sercom_instances
 COMMON         0x2000130c     0x17e4 src/ASF/thirdparty/freertos/trace/trcBase.o
                0x2000130c                RecorderData
                0x20002aec                init_hwtc_count
                0x20002af0                . = ALIGN (0x4)
                0x20002af0                _ebss = .
                0x20002af0                _ezero = .

.stack          0x20002af0     0x2000 load address 0x00009a8c
                0x20002af0                . = ALIGN (0x8)
                0x20002af0                _sstack = .
                0x20004af0                . = (. + STACK_SIZE)
 *fill*         0x20002af0     0x2000 
                0x20004af0                . = ALIGN (0x8)
                0x20004af0                _estack = .
                0x20004af0                . = ALIGN (0x4)
                0x20004af0                _end = .
OUTPUT(Bastian_freeRTOS-TRACE.elf elf32-littlearm)

.ARM.attributes
                0x00000000       0x28
 .ARM.attributes
                0x00000000       0x1e c:/program files (x86)/atmel/atmel toolchain/arm gcc/native/4.8.1443/arm-gnu-toolchain/bin/../lib/gcc/arm-none-eabi/4.8.4/armv6-m/crti.o
 .ARM.attributes
                0x0000001e       0x2c c:/program files (x86)/atmel/atmel toolchain/arm gcc/native/4.8.1443/arm-gnu-toolchain/bin/../lib/gcc/arm-none-eabi/4.8.4/armv6-m/crtbegin.o
 .ARM.attributes
                0x0000004a       0x32 Bastian_freeRTOS-TRACE.o
 .ARM.attributes
                0x0000007c       0x32 src/ASF/sam0/drivers/sercom/sercom.o
 .ARM.attributes
                0x000000ae       0x32 src/Peripherals/bastian_sercom.o
 .ARM.attributes
                0x000000e0       0x32 src/ASF/sam0/drivers/sercom/sercom_interrupt.o
 .ARM.attributes
                0x00000112       0x32 src/ASF/sam0/drivers/sercom/usart/usart.o
 .ARM.attributes
                0x00000144       0x32 src/ASF/sam0/drivers/sercom/usart/usart_interrupt.o
 .ARM.attributes
                0x00000176       0x32 src/ASF/thirdparty/freertos/trace/trcBase.o
 .ARM.attributes
                0x000001a8       0x32 src/ASF/thirdparty/freertos/trace/trcHardwarePort.o
 .ARM.attributes
                0x000001da       0x32 src/ASF/thirdparty/freertos/trace/trcKernel.o
 .ARM.attributes
                0x0000020c       0x32 src/ASF/thirdparty/freertos/trace/trcKernelPort.o
 .ARM.attributes
                0x0000023e       0x32 src/ASF/thirdparty/freertos/trace/trcUser.o
 .ARM.attributes
                0x00000270       0x32 src/ASF/thirdparty/freertos/freertos-8.0.1/Source/list.o
 .ARM.attributes
                0x000002a2       0x32 src/ASF/thirdparty/freertos/freertos-8.0.1/Source/portable/GCC/ARM_CM0/port.o
 .ARM.attributes
                0x000002d4       0x32 src/ASF/thirdparty/freertos/freertos-8.0.1/Source/portable/MemMang/heap_1.o
 .ARM.attributes
                0x00000306       0x32 src/ASF/thirdparty/freertos/freertos-8.0.1/Source/queue.o
 .ARM.attributes
                0x00000338       0x32 src/ASF/thirdparty/freertos/freertos-8.0.1/Source/tasks.o
 .ARM.attributes
                0x0000036a       0x32 src/ASF/thirdparty/freertos/freertos-8.0.1/Source/timers.o
 .ARM.attributes
                0x0000039c       0x32 src/ASF/sam0/utils/cmsis/samd21/source/gcc/startup_samd21.o
 .ARM.attributes
                0x000003ce       0x32 src/ASF/sam0/drivers/system/clock/clock_samd21_r21_da/clock.o
 .ARM.attributes
                0x00000400       0x32 src/ASF/sam0/drivers/system/clock/clock_samd21_r21_da/gclk.o
 .ARM.attributes
                0x00000432       0x32 src/ASF/sam0/drivers/system/system.o
 .ARM.attributes
                0x00000464       0x32 src/ASF/common/utils/interrupt/interrupt_sam_nvic.o
 .ARM.attributes
                0x00000496       0x32 src/ASF/sam0/drivers/port/port.o
 .ARM.attributes
                0x000004c8       0x32 src/ASF/sam0/drivers/system/pinmux/pinmux.o
 .ARM.attributes
                0x000004fa       0x1e c:/program files (x86)/atmel/atmel toolchain/arm gcc/native/4.8.1443/arm-gnu-toolchain/bin/../lib/gcc/arm-none-eabi/4.8.4/armv6-m\libgcc.a(_thumb1_case_uqi.o)
 .ARM.attributes
                0x00000518       0x1e c:/program files (x86)/atmel/atmel toolchain/arm gcc/native/4.8.1443/arm-gnu-toolchain/bin/../lib/gcc/arm-none-eabi/4.8.4/armv6-m\libgcc.a(_udivsi3.o)
 .ARM.attributes
                0x00000536       0x1e c:/program files (x86)/atmel/atmel toolchain/arm gcc/native/4.8.1443/arm-gnu-toolchain/bin/../lib/gcc/arm-none-eabi/4.8.4/armv6-m\libgcc.a(_dvmd_tls.o)
 .ARM.attributes
                0x00000554       0x2c c:/program files (x86)/atmel/atmel toolchain/arm gcc/native/4.8.1443/arm-gnu-toolchain/bin/../lib/gcc/arm-none-eabi/4.8.4/armv6-m\libgcc.a(_muldi3.o)
 .ARM.attributes
                0x00000580       0x2c c:/program files (x86)/atmel/atmel toolchain/arm gcc/native/4.8.1443/arm-gnu-toolchain/bin/../lib/gcc/arm-none-eabi/4.8.4/../../../../arm-none-eabi/lib/armv6-m\libc.a(lib_a-impure.o)
 .ARM.attributes
                0x000005ac       0x2c c:/program files (x86)/atmel/atmel toolchain/arm gcc/native/4.8.1443/arm-gnu-toolchain/bin/../lib/gcc/arm-none-eabi/4.8.4/../../../../arm-none-eabi/lib/armv6-m\libc.a(lib_a-init.o)
 .ARM.attributes
                0x000005d8       0x2c c:/program files (x86)/atmel/atmel toolchain/arm gcc/native/4.8.1443/arm-gnu-toolchain/bin/../lib/gcc/arm-none-eabi/4.8.4/../../../../arm-none-eabi/lib/armv6-m\libc.a(lib_a-memcpy-stub.o)
 .ARM.attributes
                0x00000604       0x2c c:/program files (x86)/atmel/atmel toolchain/arm gcc/native/4.8.1443/arm-gnu-toolchain/bin/../lib/gcc/arm-none-eabi/4.8.4/../../../../arm-none-eabi/lib/armv6-m\libc.a(lib_a-memset.o)
 .ARM.attributes
                0x00000630       0x2c c:/program files (x86)/atmel/atmel toolchain/arm gcc/native/4.8.1443/arm-gnu-toolchain/bin/../lib/gcc/arm-none-eabi/4.8.4/../../../../arm-none-eabi/lib/armv6-m\libc.a(lib_a-strncmp.o)
 .ARM.attributes
                0x0000065c       0x2c c:/program files (x86)/atmel/atmel toolchain/arm gcc/native/4.8.1443/arm-gnu-toolchain/bin/../lib/gcc/arm-none-eabi/4.8.4/../../../../arm-none-eabi/lib/armv6-m\libc.a(lib_a-strncpy.o)
 .ARM.attributes
                0x00000688       0x2c c:/program files (x86)/atmel/atmel toolchain/arm gcc/native/4.8.1443/arm-gnu-toolchain/bin/../lib/gcc/arm-none-eabi/4.8.4/../../../../arm-none-eabi/lib/armv6-m\libc.a(lib_a-__call_atexit.o)
 .ARM.attributes
                0x000006b4       0x2c c:/program files (x86)/atmel/atmel toolchain/arm gcc/native/4.8.1443/arm-gnu-toolchain/bin/../lib/gcc/arm-none-eabi/4.8.4/../../../../arm-none-eabi/lib/armv6-m\libc.a(lib_a-atexit.o)
 .ARM.attributes
                0x000006e0       0x2c c:/program files (x86)/atmel/atmel toolchain/arm gcc/native/4.8.1443/arm-gnu-toolchain/bin/../lib/gcc/arm-none-eabi/4.8.4/../../../../arm-none-eabi/lib/armv6-m\libc.a(lib_a-fini.o)
 .ARM.attributes
                0x0000070c       0x2c c:/program files (x86)/atmel/atmel toolchain/arm gcc/native/4.8.1443/arm-gnu-toolchain/bin/../lib/gcc/arm-none-eabi/4.8.4/../../../../arm-none-eabi/lib/armv6-m\libc.a(lib_a-__atexit.o)
 .ARM.attributes
                0x00000738       0x1e c:/program files (x86)/atmel/atmel toolchain/arm gcc/native/4.8.1443/arm-gnu-toolchain/bin/../lib/gcc/arm-none-eabi/4.8.4/armv6-m/crtn.o

.comment        0x00000000       0x5b
 .comment       0x00000000       0x5b Bastian_freeRTOS-TRACE.o
                                 0x5c (size before relaxing)
 .comment       0x00000000       0x5c src/ASF/sam0/drivers/sercom/sercom.o
 .comment       0x00000000       0x5c src/Peripherals/bastian_sercom.o
 .comment       0x00000000       0x5c src/ASF/sam0/drivers/sercom/sercom_interrupt.o
 .comment       0x00000000       0x5c src/ASF/sam0/drivers/sercom/usart/usart.o
 .comment       0x00000000       0x5c src/ASF/sam0/drivers/sercom/usart/usart_interrupt.o
 .comment       0x00000000       0x5c src/ASF/thirdparty/freertos/trace/trcBase.o
 .comment       0x00000000       0x5c src/ASF/thirdparty/freertos/trace/trcHardwarePort.o
 .comment       0x00000000       0x5c src/ASF/thirdparty/freertos/trace/trcKernel.o
 .comment       0x00000000       0x5c src/ASF/thirdparty/freertos/trace/trcKernelPort.o
 .comment       0x00000000       0x5c src/ASF/thirdparty/freertos/trace/trcUser.o
 .comment       0x00000000       0x5c src/ASF/thirdparty/freertos/freertos-8.0.1/Source/list.o
 .comment       0x00000000       0x5c src/ASF/thirdparty/freertos/freertos-8.0.1/Source/portable/GCC/ARM_CM0/port.o
 .comment       0x00000000       0x5c src/ASF/thirdparty/freertos/freertos-8.0.1/Source/portable/MemMang/heap_1.o
 .comment       0x00000000       0x5c src/ASF/thirdparty/freertos/freertos-8.0.1/Source/queue.o
 .comment       0x00000000       0x5c src/ASF/thirdparty/freertos/freertos-8.0.1/Source/tasks.o
 .comment       0x00000000       0x5c src/ASF/thirdparty/freertos/freertos-8.0.1/Source/timers.o
 .comment       0x00000000       0x5c src/ASF/sam0/utils/cmsis/samd21/source/gcc/startup_samd21.o
 .comment       0x00000000       0x5c src/ASF/sam0/drivers/system/clock/clock_samd21_r21_da/clock.o
 .comment       0x00000000       0x5c src/ASF/sam0/drivers/system/clock/clock_samd21_r21_da/gclk.o
 .comment       0x00000000       0x5c src/ASF/sam0/drivers/system/system.o
 .comment       0x00000000       0x5c src/ASF/common/utils/interrupt/interrupt_sam_nvic.o
 .comment       0x00000000       0x5c src/ASF/sam0/drivers/port/port.o
 .comment       0x00000000       0x5c src/ASF/sam0/drivers/system/pinmux/pinmux.o

.debug_info     0x00000000    0x22952
 .debug_info    0x00000000     0x3024 Bastian_freeRTOS-TRACE.o
 .debug_info    0x00003024     0x2532 src/ASF/sam0/drivers/sercom/sercom.o
 .debug_info    0x00005556     0x3448 src/Peripherals/bastian_sercom.o
 .debug_info    0x0000899e     0x22b4 src/ASF/sam0/drivers/sercom/sercom_interrupt.o
 .debug_info    0x0000ac52     0x412f src/ASF/sam0/drivers/sercom/usart/usart.o
 .debug_info    0x0000ed81     0x2735 src/ASF/sam0/drivers/sercom/usart/usart_interrupt.o
 .debug_info    0x000114b6      0xd1b src/ASF/thirdparty/freertos/trace/trcBase.o
 .debug_info    0x000121d1      0x157 src/ASF/thirdparty/freertos/trace/trcHardwarePort.o
 .debug_info    0x00012328      0xc5a src/ASF/thirdparty/freertos/trace/trcKernel.o
 .debug_info    0x00012f82      0x850 src/ASF/thirdparty/freertos/trace/trcKernelPort.o
 .debug_info    0x000137d2     0x10d2 src/ASF/thirdparty/freertos/trace/trcUser.o
 .debug_info    0x000148a4      0x2d4 src/ASF/thirdparty/freertos/freertos-8.0.1/Source/list.o
 .debug_info    0x00014b78      0x2ac src/ASF/thirdparty/freertos/freertos-8.0.1/Source/portable/GCC/ARM_CM0/port.o
 .debug_info    0x00014e24      0x19d src/ASF/thirdparty/freertos/freertos-8.0.1/Source/portable/MemMang/heap_1.o
 .debug_info    0x00014fc1     0x1af1 src/ASF/thirdparty/freertos/freertos-8.0.1/Source/queue.o
 .debug_info    0x00016ab2     0x1d18 src/ASF/thirdparty/freertos/freertos-8.0.1/Source/tasks.o
 .debug_info    0x000187ca      0xcbd src/ASF/thirdparty/freertos/freertos-8.0.1/Source/timers.o
 .debug_info    0x00019487     0x3a68 src/ASF/sam0/utils/cmsis/samd21/source/gcc/startup_samd21.o
 .debug_info    0x0001ceef     0x2f07 src/ASF/sam0/drivers/system/clock/clock_samd21_r21_da/clock.o
 .debug_info    0x0001fdf6     0x1489 src/ASF/sam0/drivers/system/clock/clock_samd21_r21_da/gclk.o
 .debug_info    0x0002127f      0x13e src/ASF/sam0/drivers/system/system.o
 .debug_info    0x000213bd      0x1ee src/ASF/common/utils/interrupt/interrupt_sam_nvic.o
 .debug_info    0x000215ab      0x966 src/ASF/sam0/drivers/port/port.o
 .debug_info    0x00021f11      0xa41 src/ASF/sam0/drivers/system/pinmux/pinmux.o

.debug_abbrev   0x00000000     0x38b2
 .debug_abbrev  0x00000000      0x31f Bastian_freeRTOS-TRACE.o
 .debug_abbrev  0x0000031f      0x2e1 src/ASF/sam0/drivers/sercom/sercom.o
 .debug_abbrev  0x00000600      0x32b src/Peripherals/bastian_sercom.o
 .debug_abbrev  0x0000092b      0x22e src/ASF/sam0/drivers/sercom/sercom_interrupt.o
 .debug_abbrev  0x00000b59      0x3d9 src/ASF/sam0/drivers/sercom/usart/usart.o
 .debug_abbrev  0x00000f32      0x37d src/ASF/sam0/drivers/sercom/usart/usart_interrupt.o
 .debug_abbrev  0x000012af      0x270 src/ASF/thirdparty/freertos/trace/trcBase.o
 .debug_abbrev  0x0000151f       0x9d src/ASF/thirdparty/freertos/trace/trcHardwarePort.o
 .debug_abbrev  0x000015bc      0x252 src/ASF/thirdparty/freertos/trace/trcKernel.o
 .debug_abbrev  0x0000180e      0x18e src/ASF/thirdparty/freertos/trace/trcKernelPort.o
 .debug_abbrev  0x0000199c      0x3e1 src/ASF/thirdparty/freertos/trace/trcUser.o
 .debug_abbrev  0x00001d7d       0xfb src/ASF/thirdparty/freertos/freertos-8.0.1/Source/list.o
 .debug_abbrev  0x00001e78      0x191 src/ASF/thirdparty/freertos/freertos-8.0.1/Source/portable/GCC/ARM_CM0/port.o
 .debug_abbrev  0x00002009      0x102 src/ASF/thirdparty/freertos/freertos-8.0.1/Source/portable/MemMang/heap_1.o
 .debug_abbrev  0x0000210b      0x2ac src/ASF/thirdparty/freertos/freertos-8.0.1/Source/queue.o
 .debug_abbrev  0x000023b7      0x376 src/ASF/thirdparty/freertos/freertos-8.0.1/Source/tasks.o
 .debug_abbrev  0x0000272d      0x2c0 src/ASF/thirdparty/freertos/freertos-8.0.1/Source/timers.o
 .debug_abbrev  0x000029ed      0x20a src/ASF/sam0/utils/cmsis/samd21/source/gcc/startup_samd21.o
 .debug_abbrev  0x00002bf7      0x3b8 src/ASF/sam0/drivers/system/clock/clock_samd21_r21_da/clock.o
 .debug_abbrev  0x00002faf      0x304 src/ASF/sam0/drivers/system/clock/clock_samd21_r21_da/gclk.o
 .debug_abbrev  0x000032b3       0xab src/ASF/sam0/drivers/system/system.o
 .debug_abbrev  0x0000335e       0xf6 src/ASF/common/utils/interrupt/interrupt_sam_nvic.o
 .debug_abbrev  0x00003454      0x1da src/ASF/sam0/drivers/port/port.o
 .debug_abbrev  0x0000362e      0x284 src/ASF/sam0/drivers/system/pinmux/pinmux.o

.debug_loc      0x00000000     0xa911
 .debug_loc     0x00000000      0x2a3 Bastian_freeRTOS-TRACE.o
 .debug_loc     0x000002a3      0x773 src/ASF/sam0/drivers/sercom/sercom.o
 .debug_loc     0x00000a16      0x1ee src/Peripherals/bastian_sercom.o
 .debug_loc     0x00000c04      0x170 src/ASF/sam0/drivers/sercom/sercom_interrupt.o
 .debug_loc     0x00000d74      0xedd src/ASF/sam0/drivers/sercom/usart/usart.o
 .debug_loc     0x00001c51      0x5e5 src/ASF/sam0/drivers/sercom/usart/usart_interrupt.o
 .debug_loc     0x00002236     0x1016 src/ASF/thirdparty/freertos/trace/trcBase.o
 .debug_loc     0x0000324c       0x95 src/ASF/thirdparty/freertos/trace/trcHardwarePort.o
 .debug_loc     0x000032e1      0x948 src/ASF/thirdparty/freertos/trace/trcKernel.o
 .debug_loc     0x00003c29      0x4a5 src/ASF/thirdparty/freertos/trace/trcKernelPort.o
 .debug_loc     0x000040ce     0x11f5 src/ASF/thirdparty/freertos/trace/trcUser.o
 .debug_loc     0x000052c3       0x85 src/ASF/thirdparty/freertos/freertos-8.0.1/Source/list.o
 .debug_loc     0x00005348      0x12b src/ASF/thirdparty/freertos/freertos-8.0.1/Source/portable/GCC/ARM_CM0/port.o
 .debug_loc     0x00005473       0x8b src/ASF/thirdparty/freertos/freertos-8.0.1/Source/portable/MemMang/heap_1.o
 .debug_loc     0x000054fe     0x177b src/ASF/thirdparty/freertos/freertos-8.0.1/Source/queue.o
 .debug_loc     0x00006c79     0x14f0 src/ASF/thirdparty/freertos/freertos-8.0.1/Source/tasks.o
 .debug_loc     0x00008169      0xa18 src/ASF/thirdparty/freertos/freertos-8.0.1/Source/timers.o
 .debug_loc     0x00008b81       0x88 src/ASF/sam0/utils/cmsis/samd21/source/gcc/startup_samd21.o
 .debug_loc     0x00008c09     0x127f src/ASF/sam0/drivers/system/clock/clock_samd21_r21_da/clock.o
 .debug_loc     0x00009e88      0x5af src/ASF/sam0/drivers/system/clock/clock_samd21_r21_da/gclk.o
 .debug_loc     0x0000a437       0x2c src/ASF/sam0/drivers/system/system.o
 .debug_loc     0x0000a463       0x5e src/ASF/common/utils/interrupt/interrupt_sam_nvic.o
 .debug_loc     0x0000a4c1      0x16d src/ASF/sam0/drivers/port/port.o
 .debug_loc     0x0000a62e      0x2e3 src/ASF/sam0/drivers/system/pinmux/pinmux.o

.debug_aranges  0x00000000      0x9a8
 .debug_aranges
                0x00000000       0x38 Bastian_freeRTOS-TRACE.o
 .debug_aranges
                0x00000038       0x40 src/ASF/sam0/drivers/sercom/sercom.o
 .debug_aranges
                0x00000078       0x30 src/Peripherals/bastian_sercom.o
 .debug_aranges
                0x000000a8       0x50 src/ASF/sam0/drivers/sercom/sercom_interrupt.o
 .debug_aranges
                0x000000f8       0x40 src/ASF/sam0/drivers/sercom/usart/usart.o
 .debug_aranges
                0x00000138       0x70 src/ASF/sam0/drivers/sercom/usart/usart_interrupt.o
 .debug_aranges
                0x000001a8       0x88 src/ASF/thirdparty/freertos/trace/trcBase.o
 .debug_aranges
                0x00000230       0x20 src/ASF/thirdparty/freertos/trace/trcHardwarePort.o
 .debug_aranges
                0x00000250       0x88 src/ASF/thirdparty/freertos/trace/trcKernel.o
 .debug_aranges
                0x000002d8       0x70 src/ASF/thirdparty/freertos/trace/trcKernelPort.o
 .debug_aranges
                0x00000348       0xc8 src/ASF/thirdparty/freertos/trace/trcUser.o
 .debug_aranges
                0x00000410       0x40 src/ASF/thirdparty/freertos/freertos-8.0.1/Source/list.o
 .debug_aranges
                0x00000450       0x88 src/ASF/thirdparty/freertos/freertos-8.0.1/Source/portable/GCC/ARM_CM0/port.o
 .debug_aranges
                0x000004d8       0x38 src/ASF/thirdparty/freertos/freertos-8.0.1/Source/portable/MemMang/heap_1.o
 .debug_aranges
                0x00000510      0x108 src/ASF/thirdparty/freertos/freertos-8.0.1/Source/queue.o
 .debug_aranges
                0x00000618      0x150 src/ASF/thirdparty/freertos/freertos-8.0.1/Source/tasks.o
 .debug_aranges
                0x00000768       0x70 src/ASF/thirdparty/freertos/freertos-8.0.1/Source/timers.o
 .debug_aranges
                0x000007d8       0x28 src/ASF/sam0/utils/cmsis/samd21/source/gcc/startup_samd21.o
 .debug_aranges
                0x00000800       0x78 src/ASF/sam0/drivers/system/clock/clock_samd21_r21_da/clock.o
 .debug_aranges
                0x00000878       0x80 src/ASF/sam0/drivers/system/clock/clock_samd21_r21_da/gclk.o
 .debug_aranges
                0x000008f8       0x28 src/ASF/sam0/drivers/system/system.o
 .debug_aranges
                0x00000920       0x28 src/ASF/common/utils/interrupt/interrupt_sam_nvic.o
 .debug_aranges
                0x00000948       0x28 src/ASF/sam0/drivers/port/port.o
 .debug_aranges
                0x00000970       0x38 src/ASF/sam0/drivers/system/pinmux/pinmux.o

.debug_ranges   0x00000000      0xa80
 .debug_ranges  0x00000000       0x28 Bastian_freeRTOS-TRACE.o
 .debug_ranges  0x00000028       0x60 src/ASF/sam0/drivers/sercom/sercom.o
 .debug_ranges  0x00000088       0x20 src/Peripherals/bastian_sercom.o
 .debug_ranges  0x000000a8       0x40 src/ASF/sam0/drivers/sercom/sercom_interrupt.o
 .debug_ranges  0x000000e8       0xf8 src/ASF/sam0/drivers/sercom/usart/usart.o
 .debug_ranges  0x000001e0       0x60 src/ASF/sam0/drivers/sercom/usart/usart_interrupt.o
 .debug_ranges  0x00000240       0xb8 src/ASF/thirdparty/freertos/trace/trcBase.o
 .debug_ranges  0x000002f8       0x10 src/ASF/thirdparty/freertos/trace/trcHardwarePort.o
 .debug_ranges  0x00000308       0x78 src/ASF/thirdparty/freertos/trace/trcKernel.o
 .debug_ranges  0x00000380       0x60 src/ASF/thirdparty/freertos/trace/trcKernelPort.o
 .debug_ranges  0x000003e0      0x108 src/ASF/thirdparty/freertos/trace/trcUser.o
 .debug_ranges  0x000004e8       0x30 src/ASF/thirdparty/freertos/freertos-8.0.1/Source/list.o
 .debug_ranges  0x00000518       0x78 src/ASF/thirdparty/freertos/freertos-8.0.1/Source/portable/GCC/ARM_CM0/port.o
 .debug_ranges  0x00000590       0x28 src/ASF/thirdparty/freertos/freertos-8.0.1/Source/portable/MemMang/heap_1.o
 .debug_ranges  0x000005b8       0xf8 src/ASF/thirdparty/freertos/freertos-8.0.1/Source/queue.o
 .debug_ranges  0x000006b0      0x1c8 src/ASF/thirdparty/freertos/freertos-8.0.1/Source/tasks.o
 .debug_ranges  0x00000878       0xa8 src/ASF/thirdparty/freertos/freertos-8.0.1/Source/timers.o
 .debug_ranges  0x00000920       0x18 src/ASF/sam0/utils/cmsis/samd21/source/gcc/startup_samd21.o
 .debug_ranges  0x00000938       0x68 src/ASF/sam0/drivers/system/clock/clock_samd21_r21_da/clock.o
 .debug_ranges  0x000009a0       0x70 src/ASF/sam0/drivers/system/clock/clock_samd21_r21_da/gclk.o
 .debug_ranges  0x00000a10       0x18 src/ASF/sam0/drivers/system/system.o
 .debug_ranges  0x00000a28       0x18 src/ASF/common/utils/interrupt/interrupt_sam_nvic.o
 .debug_ranges  0x00000a40       0x18 src/ASF/sam0/drivers/port/port.o
 .debug_ranges  0x00000a58       0x28 src/ASF/sam0/drivers/system/pinmux/pinmux.o

.debug_macro    0x00000000    0x19610
 .debug_macro   0x00000000      0x678 Bastian_freeRTOS-TRACE.o
 .debug_macro   0x00000678      0x838 Bastian_freeRTOS-TRACE.o
 .debug_macro   0x00000eb0      0x166 Bastian_freeRTOS-TRACE.o
 .debug_macro   0x00001016      0x636 Bastian_freeRTOS-TRACE.o
 .debug_macro   0x0000164c       0x16 Bastian_freeRTOS-TRACE.o
 .debug_macro   0x00001662       0x44 Bastian_freeRTOS-TRACE.o
 .debug_macro   0x000016a6      0x209 Bastian_freeRTOS-TRACE.o
 .debug_macro   0x000018af       0x10 Bastian_freeRTOS-TRACE.o
 .debug_macro   0x000018bf       0x76 Bastian_freeRTOS-TRACE.o
 .debug_macro   0x00001935       0x16 Bastian_freeRTOS-TRACE.o
 .debug_macro   0x0000194b      0x6e5 Bastian_freeRTOS-TRACE.o
 .debug_macro   0x00002030      0xde2 Bastian_freeRTOS-TRACE.o
 .debug_macro   0x00002e12       0x22 Bastian_freeRTOS-TRACE.o
 .debug_macro   0x00002e34       0x40 Bastian_freeRTOS-TRACE.o
 .debug_macro   0x00002e74       0x3a Bastian_freeRTOS-TRACE.o
 .debug_macro   0x00002eae       0x1f Bastian_freeRTOS-TRACE.o
 .debug_macro   0x00002ecd      0x250 Bastian_freeRTOS-TRACE.o
 .debug_macro   0x0000311d      0x682 Bastian_freeRTOS-TRACE.o
 .debug_macro   0x0000379f      0x8bf Bastian_freeRTOS-TRACE.o
 .debug_macro   0x0000405e      0x235 Bastian_freeRTOS-TRACE.o
 .debug_macro   0x00004293      0xd63 Bastian_freeRTOS-TRACE.o
 .debug_macro   0x00004ff6      0x4ce Bastian_freeRTOS-TRACE.o
 .debug_macro   0x000054c4      0x9f8 Bastian_freeRTOS-TRACE.o
 .debug_macro   0x00005ebc      0x82b Bastian_freeRTOS-TRACE.o
 .debug_macro   0x000066e7      0x45f Bastian_freeRTOS-TRACE.o
 .debug_macro   0x00006b46       0x5e Bastian_freeRTOS-TRACE.o
 .debug_macro   0x00006ba4      0x906 Bastian_freeRTOS-TRACE.o
 .debug_macro   0x000074aa      0x225 Bastian_freeRTOS-TRACE.o
 .debug_macro   0x000076cf      0x7e2 Bastian_freeRTOS-TRACE.o
 .debug_macro   0x00007eb1       0x5e Bastian_freeRTOS-TRACE.o
 .debug_macro   0x00007f0f      0x67f Bastian_freeRTOS-TRACE.o
 .debug_macro   0x0000858e      0x3b6 Bastian_freeRTOS-TRACE.o
 .debug_macro   0x00008944      0xc55 Bastian_freeRTOS-TRACE.o
 .debug_macro   0x00009599     0x1092 Bastian_freeRTOS-TRACE.o
 .debug_macro   0x0000a62b      0xc4a Bastian_freeRTOS-TRACE.o
 .debug_macro   0x0000b275      0x6bf Bastian_freeRTOS-TRACE.o
 .debug_macro   0x0000b934     0x1b4b Bastian_freeRTOS-TRACE.o
 .debug_macro   0x0000d47f     0x144a Bastian_freeRTOS-TRACE.o
 .debug_macro   0x0000e8c9      0x34e Bastian_freeRTOS-TRACE.o
 .debug_macro   0x0000ec17       0x7c Bastian_freeRTOS-TRACE.o
 .debug_macro   0x0000ec93       0xa0 Bastian_freeRTOS-TRACE.o
 .debug_macro   0x0000ed33       0x4c Bastian_freeRTOS-TRACE.o
 .debug_macro   0x0000ed7f       0xca Bastian_freeRTOS-TRACE.o
 .debug_macro   0x0000ee49       0x94 Bastian_freeRTOS-TRACE.o
 .debug_macro   0x0000eedd       0x58 Bastian_freeRTOS-TRACE.o
 .debug_macro   0x0000ef35      0x387 Bastian_freeRTOS-TRACE.o
 .debug_macro   0x0000f2bc       0x82 Bastian_freeRTOS-TRACE.o
 .debug_macro   0x0000f33e      0x197 Bastian_freeRTOS-TRACE.o
 .debug_macro   0x0000f4d5       0xb8 Bastian_freeRTOS-TRACE.o
 .debug_macro   0x0000f58d       0xa0 Bastian_freeRTOS-TRACE.o
 .debug_macro   0x0000f62d       0xbe Bastian_freeRTOS-TRACE.o
 .debug_macro   0x0000f6eb       0x1c Bastian_freeRTOS-TRACE.o
 .debug_macro   0x0000f707       0x1c Bastian_freeRTOS-TRACE.o
 .debug_macro   0x0000f723       0x1c Bastian_freeRTOS-TRACE.o
 .debug_macro   0x0000f73f       0x82 Bastian_freeRTOS-TRACE.o
 .debug_macro   0x0000f7c1      0x161 Bastian_freeRTOS-TRACE.o
 .debug_macro   0x0000f922       0xdc Bastian_freeRTOS-TRACE.o
 .debug_macro   0x0000f9fe      0x12f Bastian_freeRTOS-TRACE.o
 .debug_macro   0x0000fb2d      0x12f Bastian_freeRTOS-TRACE.o
 .debug_macro   0x0000fc5c      0x12f Bastian_freeRTOS-TRACE.o
 .debug_macro   0x0000fd8b      0x12f Bastian_freeRTOS-TRACE.o
 .debug_macro   0x0000feba      0x11e Bastian_freeRTOS-TRACE.o
 .debug_macro   0x0000ffd8       0xe2 Bastian_freeRTOS-TRACE.o
 .debug_macro   0x000100ba       0xe2 Bastian_freeRTOS-TRACE.o
 .debug_macro   0x0001019c       0xe2 Bastian_freeRTOS-TRACE.o
 .debug_macro   0x0001027e      0x133 Bastian_freeRTOS-TRACE.o
 .debug_macro   0x000103b1      0x106 Bastian_freeRTOS-TRACE.o
 .debug_macro   0x000104b7       0xfa Bastian_freeRTOS-TRACE.o
 .debug_macro   0x000105b1      0x40f Bastian_freeRTOS-TRACE.o
 .debug_macro   0x000109c0       0x40 Bastian_freeRTOS-TRACE.o
 .debug_macro   0x00010a00      0x345 Bastian_freeRTOS-TRACE.o
 .debug_macro   0x00010d45      0xf7a Bastian_freeRTOS-TRACE.o
 .debug_macro   0x00011cbf       0x51 Bastian_freeRTOS-TRACE.o
 .debug_macro   0x00011d10       0x58 Bastian_freeRTOS-TRACE.o
 .debug_macro   0x00011d68       0x35 Bastian_freeRTOS-TRACE.o
 .debug_macro   0x00011d9d       0xa3 Bastian_freeRTOS-TRACE.o
 .debug_macro   0x00011e40       0x16 Bastian_freeRTOS-TRACE.o
 .debug_macro   0x00011e56       0x35 Bastian_freeRTOS-TRACE.o
 .debug_macro   0x00011e8b       0x10 Bastian_freeRTOS-TRACE.o
 .debug_macro   0x00011e9b       0x52 Bastian_freeRTOS-TRACE.o
 .debug_macro   0x00011eed       0x16 Bastian_freeRTOS-TRACE.o
 .debug_macro   0x00011f03       0x43 Bastian_freeRTOS-TRACE.o
 .debug_macro   0x00011f46      0x180 Bastian_freeRTOS-TRACE.o
 .debug_macro   0x000120c6       0x10 Bastian_freeRTOS-TRACE.o
 .debug_macro   0x000120d6       0x22 Bastian_freeRTOS-TRACE.o
 .debug_macro   0x000120f8       0xbd Bastian_freeRTOS-TRACE.o
 .debug_macro   0x000121b5       0x16 Bastian_freeRTOS-TRACE.o
 .debug_macro   0x000121cb      0x16c Bastian_freeRTOS-TRACE.o
 .debug_macro   0x00012337       0x16 Bastian_freeRTOS-TRACE.o
 .debug_macro   0x0001234d       0x16 Bastian_freeRTOS-TRACE.o
 .debug_macro   0x00012363       0x29 Bastian_freeRTOS-TRACE.o
 .debug_macro   0x0001238c       0x51 Bastian_freeRTOS-TRACE.o
 .debug_macro   0x000123dd       0x3f Bastian_freeRTOS-TRACE.o
 .debug_macro   0x0001241c      0x3df Bastian_freeRTOS-TRACE.o
 .debug_macro   0x000127fb       0x40 Bastian_freeRTOS-TRACE.o
 .debug_macro   0x0001283b      0x142 Bastian_freeRTOS-TRACE.o
 .debug_macro   0x0001297d       0x88 Bastian_freeRTOS-TRACE.o
 .debug_macro   0x00012a05      0x103 Bastian_freeRTOS-TRACE.o
 .debug_macro   0x00012b08       0x2e Bastian_freeRTOS-TRACE.o
 .debug_macro   0x00012b36       0xf2 Bastian_freeRTOS-TRACE.o
 .debug_macro   0x00012c28      0x12c Bastian_freeRTOS-TRACE.o
 .debug_macro   0x00012d54       0x2e Bastian_freeRTOS-TRACE.o
 .debug_macro   0x00012d82      0x2a6 Bastian_freeRTOS-TRACE.o
 .debug_macro   0x00013028       0x10 Bastian_freeRTOS-TRACE.o
 .debug_macro   0x00013038       0x1f Bastian_freeRTOS-TRACE.o
 .debug_macro   0x00013057       0x63 Bastian_freeRTOS-TRACE.o
 .debug_macro   0x000130ba       0x16 Bastian_freeRTOS-TRACE.o
 .debug_macro   0x000130d0      0x815 Bastian_freeRTOS-TRACE.o
 .debug_macro   0x000138e5       0xa9 Bastian_freeRTOS-TRACE.o
 .debug_macro   0x0001398e       0x12 Bastian_freeRTOS-TRACE.o
 .debug_macro   0x000139a0       0x1f Bastian_freeRTOS-TRACE.o
 .debug_macro   0x000139bf      0x154 Bastian_freeRTOS-TRACE.o
 .debug_macro   0x00013b13       0x16 Bastian_freeRTOS-TRACE.o
 .debug_macro   0x00013b29       0x79 Bastian_freeRTOS-TRACE.o
 .debug_macro   0x00013ba2       0x43 Bastian_freeRTOS-TRACE.o
 .debug_macro   0x00013be5       0x6f Bastian_freeRTOS-TRACE.o
 .debug_macro   0x00013c54       0x91 Bastian_freeRTOS-TRACE.o
 .debug_macro   0x00013ce5       0xb0 Bastian_freeRTOS-TRACE.o
 .debug_macro   0x00013d95       0x7e Bastian_freeRTOS-TRACE.o
 .debug_macro   0x00013e13       0x11 Bastian_freeRTOS-TRACE.o
 .debug_macro   0x00013e24       0x11 Bastian_freeRTOS-TRACE.o
 .debug_macro   0x00013e35       0x2e Bastian_freeRTOS-TRACE.o
 .debug_macro   0x00013e63       0x7a Bastian_freeRTOS-TRACE.o
 .debug_macro   0x00013edd       0x10 Bastian_freeRTOS-TRACE.o
 .debug_macro   0x00013eed       0x57 Bastian_freeRTOS-TRACE.o
 .debug_macro   0x00013f44       0x46 Bastian_freeRTOS-TRACE.o
 .debug_macro   0x00013f8a      0x4d1 src/ASF/sam0/drivers/sercom/sercom.o
 .debug_macro   0x0001445b      0x679 src/Peripherals/bastian_sercom.o
 .debug_macro   0x00014ad4      0x4ce src/ASF/sam0/drivers/sercom/sercom_interrupt.o
 .debug_macro   0x00014fa2      0x4e2 src/ASF/sam0/drivers/sercom/usart/usart.o
 .debug_macro   0x00015484       0x51 src/ASF/sam0/drivers/sercom/usart/usart.o
 .debug_macro   0x000154d5      0x4e2 src/ASF/sam0/drivers/sercom/usart/usart_interrupt.o
 .debug_macro   0x000159b7      0x203 src/ASF/thirdparty/freertos/trace/trcBase.o
 .debug_macro   0x00015bba      0x2ab src/ASF/thirdparty/freertos/trace/trcBase.o
 .debug_macro   0x00015e65       0x10 src/ASF/thirdparty/freertos/trace/trcBase.o
 .debug_macro   0x00015e75      0x203 src/ASF/thirdparty/freertos/trace/trcHardwarePort.o
 .debug_macro   0x00016078       0x82 src/ASF/thirdparty/freertos/trace/trcHardwarePort.o
 .debug_macro   0x000160fa      0x203 src/ASF/thirdparty/freertos/trace/trcKernel.o
 .debug_macro   0x000162fd      0x211 src/ASF/thirdparty/freertos/trace/trcKernelPort.o
 .debug_macro   0x0001650e      0x214 src/ASF/thirdparty/freertos/trace/trcUser.o
 .debug_macro   0x00016722       0x52 src/ASF/thirdparty/freertos/trace/trcUser.o
 .debug_macro   0x00016774      0x224 src/ASF/thirdparty/freertos/freertos-8.0.1/Source/list.o
 .debug_macro   0x00016998      0x265 src/ASF/thirdparty/freertos/freertos-8.0.1/Source/portable/GCC/ARM_CM0/port.o
 .debug_macro   0x00016bfd      0x245 src/ASF/thirdparty/freertos/freertos-8.0.1/Source/portable/MemMang/heap_1.o
 .debug_macro   0x00016e42      0x27f src/ASF/thirdparty/freertos/freertos-8.0.1/Source/queue.o
 .debug_macro   0x000170c1      0x2c2 src/ASF/thirdparty/freertos/freertos-8.0.1/Source/tasks.o
 .debug_macro   0x00017383      0x261 src/ASF/thirdparty/freertos/freertos-8.0.1/Source/timers.o
 .debug_macro   0x000175e4      0x2b0 src/ASF/sam0/utils/cmsis/samd21/source/gcc/startup_samd21.o
 .debug_macro   0x00017894       0x3a src/ASF/sam0/utils/cmsis/samd21/source/gcc/startup_samd21.o
 .debug_macro   0x000178ce      0x4b5 src/ASF/sam0/drivers/system/clock/clock_samd21_r21_da/clock.o
 .debug_macro   0x00017d83      0x296 src/ASF/sam0/drivers/system/clock/clock_samd21_r21_da/clock.o
 .debug_macro   0x00018019      0x479 src/ASF/sam0/drivers/system/clock/clock_samd21_r21_da/gclk.o
 .debug_macro   0x00018492      0x487 src/ASF/sam0/drivers/system/system.o
 .debug_macro   0x00018919      0x443 src/ASF/common/utils/interrupt/interrupt_sam_nvic.o
 .debug_macro   0x00018d5c      0x45f src/ASF/sam0/drivers/port/port.o
 .debug_macro   0x000191bb      0x455 src/ASF/sam0/drivers/system/pinmux/pinmux.o

.debug_line     0x00000000     0xf050
 .debug_line    0x00000000      0xfbd Bastian_freeRTOS-TRACE.o
 .debug_line    0x00000fbd      0xc29 src/ASF/sam0/drivers/sercom/sercom.o
 .debug_line    0x00001be6      0xfcd src/Peripherals/bastian_sercom.o
 .debug_line    0x00002bb3      0xbcd src/ASF/sam0/drivers/sercom/sercom_interrupt.o
 .debug_line    0x00003780      0xd8c src/ASF/sam0/drivers/sercom/usart/usart.o
 .debug_line    0x0000450c      0xd16 src/ASF/sam0/drivers/sercom/usart/usart_interrupt.o
 .debug_line    0x00005222      0x833 src/ASF/thirdparty/freertos/trace/trcBase.o
 .debug_line    0x00005a55      0x576 src/ASF/thirdparty/freertos/trace/trcHardwarePort.o
 .debug_line    0x00005fcb      0x709 src/ASF/thirdparty/freertos/trace/trcKernel.o
 .debug_line    0x000066d4      0x66f src/ASF/thirdparty/freertos/trace/trcKernelPort.o
 .debug_line    0x00006d43      0x8ac src/ASF/thirdparty/freertos/trace/trcUser.o
 .debug_line    0x000075ef      0x5fe src/ASF/thirdparty/freertos/freertos-8.0.1/Source/list.o
 .debug_line    0x00007bed      0x655 src/ASF/thirdparty/freertos/freertos-8.0.1/Source/portable/GCC/ARM_CM0/port.o
 .debug_line    0x00008242      0x5ff src/ASF/thirdparty/freertos/freertos-8.0.1/Source/portable/MemMang/heap_1.o
 .debug_line    0x00008841      0xb2b src/ASF/thirdparty/freertos/freertos-8.0.1/Source/queue.o
 .debug_line    0x0000936c      0xd41 src/ASF/thirdparty/freertos/freertos-8.0.1/Source/tasks.o
 .debug_line    0x0000a0ad      0x75b src/ASF/thirdparty/freertos/freertos-8.0.1/Source/timers.o
 .debug_line    0x0000a808      0x758 src/ASF/sam0/utils/cmsis/samd21/source/gcc/startup_samd21.o
 .debug_line    0x0000af60      0xd0e src/ASF/sam0/drivers/system/clock/clock_samd21_r21_da/clock.o
 .debug_line    0x0000bc6e      0xcf5 src/ASF/sam0/drivers/system/clock/clock_samd21_r21_da/gclk.o
 .debug_line    0x0000c963      0xa72 src/ASF/sam0/drivers/system/system.o
 .debug_line    0x0000d3d5      0x957 src/ASF/common/utils/interrupt/interrupt_sam_nvic.o
 .debug_line    0x0000dd2c      0x983 src/ASF/sam0/drivers/port/port.o
 .debug_line    0x0000e6af      0x9a1 src/ASF/sam0/drivers/system/pinmux/pinmux.o

.debug_str      0x00000000    0x90830
 .debug_str     0x00000000    0x87c24 Bastian_freeRTOS-TRACE.o
                              0x88180 (size before relaxing)
 .debug_str     0x00087c24      0x49f src/ASF/sam0/drivers/sercom/sercom.o
                              0x79b60 (size before relaxing)
 .debug_str     0x000880c3      0x999 src/Peripherals/bastian_sercom.o
                              0x88a73 (size before relaxing)
 .debug_str     0x00088a5c      0x1aa src/ASF/sam0/drivers/sercom/sercom_interrupt.o
                              0x79973 (size before relaxing)
 .debug_str     0x00088c06      0x6c0 src/ASF/sam0/drivers/sercom/usart/usart.o
                              0x7a87a (size before relaxing)
 .debug_str     0x000892c6      0x199 src/ASF/sam0/drivers/sercom/usart/usart_interrupt.o
                              0x79b8b (size before relaxing)
 .debug_str     0x0008945f      0xf7e src/ASF/thirdparty/freertos/trace/trcBase.o
                              0x11580 (size before relaxing)
 .debug_str     0x0008a3dd       0xc6 src/ASF/thirdparty/freertos/trace/trcHardwarePort.o
                              0x10ed2 (size before relaxing)
 .debug_str     0x0008a4a3      0x2b5 src/ASF/thirdparty/freertos/trace/trcKernel.o
                              0x11526 (size before relaxing)
 .debug_str     0x0008a758      0x18e src/ASF/thirdparty/freertos/trace/trcKernelPort.o
                              0x11dd7 (size before relaxing)
 .debug_str     0x0008a8e6      0x3f5 src/ASF/thirdparty/freertos/trace/trcUser.o
                              0x11736 (size before relaxing)
 .debug_str     0x0008acdb      0x165 src/ASF/thirdparty/freertos/freertos-8.0.1/Source/list.o
                              0x10db9 (size before relaxing)
 .debug_str     0x0008ae40      0x40b src/ASF/thirdparty/freertos/freertos-8.0.1/Source/portable/GCC/ARM_CM0/port.o
                              0x1136e (size before relaxing)
 .debug_str     0x0008b24b      0x15b src/ASF/thirdparty/freertos/freertos-8.0.1/Source/portable/MemMang/heap_1.o
                              0x1115b (size before relaxing)
 .debug_str     0x0008b3a6      0x77e src/ASF/thirdparty/freertos/freertos-8.0.1/Source/queue.o
                              0x12336 (size before relaxing)
 .debug_str     0x0008bb24      0xde7 src/ASF/thirdparty/freertos/freertos-8.0.1/Source/tasks.o
                              0x12853 (size before relaxing)
 .debug_str     0x0008c90b      0x3c7 src/ASF/thirdparty/freertos/freertos-8.0.1/Source/timers.o
                              0x12799 (size before relaxing)
 .debug_str     0x0008ccd2     0x100d src/ASF/sam0/utils/cmsis/samd21/source/gcc/startup_samd21.o
                              0x662dc (size before relaxing)
 .debug_str     0x0008dcdf     0x2689 src/ASF/sam0/drivers/system/clock/clock_samd21_r21_da/clock.o
                              0x7b7e0 (size before relaxing)
 .debug_str     0x00090368      0x27d src/ASF/sam0/drivers/system/clock/clock_samd21_r21_da/gclk.o
                              0x79316 (size before relaxing)
 .debug_str     0x000905e5       0x47 src/ASF/sam0/drivers/system/system.o
                              0x7871c (size before relaxing)
 .debug_str     0x0009062c       0x81 src/ASF/common/utils/interrupt/interrupt_sam_nvic.o
                              0x78697 (size before relaxing)
 .debug_str     0x000906ad       0x53 src/ASF/sam0/drivers/port/port.o
                              0x78a4c (size before relaxing)
 .debug_str     0x00090700      0x130 src/ASF/sam0/drivers/system/pinmux/pinmux.o
                              0x78a8e (size before relaxing)

.debug_frame    0x00000000     0x1d08
 .debug_frame   0x00000000       0x88 Bastian_freeRTOS-TRACE.o
 .debug_frame   0x00000088       0xa8 src/ASF/sam0/drivers/sercom/sercom.o
 .debug_frame   0x00000130       0x64 src/Peripherals/bastian_sercom.o
 .debug_frame   0x00000194       0xbc src/ASF/sam0/drivers/sercom/sercom_interrupt.o
 .debug_frame   0x00000250       0xc4 src/ASF/sam0/drivers/sercom/usart/usart.o
 .debug_frame   0x00000314      0x130 src/ASF/sam0/drivers/sercom/usart/usart_interrupt.o
 .debug_frame   0x00000444      0x1f0 src/ASF/thirdparty/freertos/trace/trcBase.o
 .debug_frame   0x00000634       0x2c src/ASF/thirdparty/freertos/trace/trcHardwarePort.o
 .debug_frame   0x00000660      0x184 src/ASF/thirdparty/freertos/trace/trcKernel.o
 .debug_frame   0x000007e4      0x110 src/ASF/thirdparty/freertos/trace/trcKernelPort.o
 .debug_frame   0x000008f4      0x240 src/ASF/thirdparty/freertos/trace/trcUser.o
 .debug_frame   0x00000b34       0x6c src/ASF/thirdparty/freertos/freertos-8.0.1/Source/list.o
 .debug_frame   0x00000ba0      0x10c src/ASF/thirdparty/freertos/freertos-8.0.1/Source/portable/GCC/ARM_CM0/port.o
 .debug_frame   0x00000cac       0x60 src/ASF/thirdparty/freertos/freertos-8.0.1/Source/portable/MemMang/heap_1.o
 .debug_frame   0x00000d0c      0x3b8 src/ASF/thirdparty/freertos/freertos-8.0.1/Source/queue.o
 .debug_frame   0x000010c4      0x46c src/ASF/thirdparty/freertos/freertos-8.0.1/Source/tasks.o
 .debug_frame   0x00001530      0x15c src/ASF/thirdparty/freertos/freertos-8.0.1/Source/timers.o
 .debug_frame   0x0000168c       0x40 src/ASF/sam0/utils/cmsis/samd21/source/gcc/startup_samd21.o
 .debug_frame   0x000016cc      0x16c src/ASF/sam0/drivers/system/clock/clock_samd21_r21_da/clock.o
 .debug_frame   0x00001838      0x180 src/ASF/sam0/drivers/system/clock/clock_samd21_r21_da/gclk.o
 .debug_frame   0x000019b8       0x3c src/ASF/sam0/drivers/system/system.o
 .debug_frame   0x000019f4       0x38 src/ASF/common/utils/interrupt/interrupt_sam_nvic.o
 .debug_frame   0x00001a2c       0x48 src/ASF/sam0/drivers/port/port.o
 .debug_frame   0x00001a74       0x7c src/ASF/sam0/drivers/system/pinmux/pinmux.o
 .debug_frame   0x00001af0       0x20 c:/program files (x86)/atmel/atmel toolchain/arm gcc/native/4.8.1443/arm-gnu-toolchain/bin/../lib/gcc/arm-none-eabi/4.8.4/armv6-m\libgcc.a(_udivsi3.o)
 .debug_frame   0x00001b10       0x30 c:/program files (x86)/atmel/atmel toolchain/arm gcc/native/4.8.1443/arm-gnu-toolchain/bin/../lib/gcc/arm-none-eabi/4.8.4/armv6-m\libgcc.a(_muldi3.o)
 .debug_frame   0x00001b40       0x2c c:/program files (x86)/atmel/atmel toolchain/arm gcc/native/4.8.1443/arm-gnu-toolchain/bin/../lib/gcc/arm-none-eabi/4.8.4/../../../../arm-none-eabi/lib/armv6-m\libc.a(lib_a-init.o)
 .debug_frame   0x00001b6c       0x30 c:/program files (x86)/atmel/atmel toolchain/arm gcc/native/4.8.1443/arm-gnu-toolchain/bin/../lib/gcc/arm-none-eabi/4.8.4/../../../../arm-none-eabi/lib/armv6-m\libc.a(lib_a-memcpy-stub.o)
 .debug_frame   0x00001b9c       0x30 c:/program files (x86)/atmel/atmel toolchain/arm gcc/native/4.8.1443/arm-gnu-toolchain/bin/../lib/gcc/arm-none-eabi/4.8.4/../../../../arm-none-eabi/lib/armv6-m\libc.a(lib_a-memset.o)
 .debug_frame   0x00001bcc       0x2c c:/program files (x86)/atmel/atmel toolchain/arm gcc/native/4.8.1443/arm-gnu-toolchain/bin/../lib/gcc/arm-none-eabi/4.8.4/../../../../arm-none-eabi/lib/armv6-m\libc.a(lib_a-strncmp.o)
 .debug_frame   0x00001bf8       0x30 c:/program files (x86)/atmel/atmel toolchain/arm gcc/native/4.8.1443/arm-gnu-toolchain/bin/../lib/gcc/arm-none-eabi/4.8.4/../../../../arm-none-eabi/lib/armv6-m\libc.a(lib_a-strncpy.o)
 .debug_frame   0x00001c28       0x54 c:/program files (x86)/atmel/atmel toolchain/arm gcc/native/4.8.1443/arm-gnu-toolchain/bin/../lib/gcc/arm-none-eabi/4.8.4/../../../../arm-none-eabi/lib/armv6-m\libc.a(lib_a-__call_atexit.o)
 .debug_frame   0x00001c7c       0x28 c:/program files (x86)/atmel/atmel toolchain/arm gcc/native/4.8.1443/arm-gnu-toolchain/bin/../lib/gcc/arm-none-eabi/4.8.4/../../../../arm-none-eabi/lib/armv6-m\libc.a(lib_a-atexit.o)
 .debug_frame   0x00001ca4       0x2c c:/program files (x86)/atmel/atmel toolchain/arm gcc/native/4.8.1443/arm-gnu-toolchain/bin/../lib/gcc/arm-none-eabi/4.8.4/../../../../arm-none-eabi/lib/armv6-m\libc.a(lib_a-fini.o)
 .debug_frame   0x00001cd0       0x38 c:/program files (x86)/atmel/atmel toolchain/arm gcc/native/4.8.1443/arm-gnu-toolchain/bin/../lib/gcc/arm-none-eabi/4.8.4/../../../../arm-none-eabi/lib/armv6-m\libc.a(lib_a-__atexit.o)
