Archive member included because of file (symbol)

c:/program files (x86)/atmel/atmel toolchain/arm gcc/native/4.8.1443/arm-gnu-toolchain/bin/../lib/gcc/arm-none-eabi/4.8.4/armv6-m\libgcc.a(_thumb1_case_uqi.o)
                              Bastian_freeRTOS-TRACE.o (__gnu_thumb1_case_uqi)
c:/program files (x86)/atmel/atmel toolchain/arm gcc/native/4.8.1443/arm-gnu-toolchain/bin/../lib/gcc/arm-none-eabi/4.8.4/armv6-m\libgcc.a(_thumb1_case_uhi.o)
                              src/ASF/thirdparty/freertos/trace/trcUser.o (__gnu_thumb1_case_uhi)
c:/program files (x86)/atmel/atmel toolchain/arm gcc/native/4.8.1443/arm-gnu-toolchain/bin/../lib/gcc/arm-none-eabi/4.8.4/armv6-m\libgcc.a(_udivsi3.o)
                              src/ASF/thirdparty/freertos/trace/trcBase.o (__aeabi_uidiv)
c:/program files (x86)/atmel/atmel toolchain/arm gcc/native/4.8.1443/arm-gnu-toolchain/bin/../lib/gcc/arm-none-eabi/4.8.4/armv6-m\libgcc.a(_dvmd_tls.o)
                              c:/program files (x86)/atmel/atmel toolchain/arm gcc/native/4.8.1443/arm-gnu-toolchain/bin/../lib/gcc/arm-none-eabi/4.8.4/armv6-m\libgcc.a(_udivsi3.o) (__aeabi_idiv0)
c:/program files (x86)/atmel/atmel toolchain/arm gcc/native/4.8.1443/arm-gnu-toolchain/bin/../lib/gcc/arm-none-eabi/4.8.4/armv6-m\libgcc.a(_muldi3.o)
                              src/ASF/sam0/drivers/sercom/sercom.o (__aeabi_lmul)
c:/program files (x86)/atmel/atmel toolchain/arm gcc/native/4.8.1443/arm-gnu-toolchain/bin/../lib/gcc/arm-none-eabi/4.8.4/armv6-m\libgcc.a(truncdfsf2.o)
                              src/ASF/thirdparty/freertos/trace/trcUser.o (__aeabi_d2f)
c:/program files (x86)/atmel/atmel toolchain/arm gcc/native/4.8.1443/arm-gnu-toolchain/bin/../lib/gcc/arm-none-eabi/4.8.4/../../../../arm-none-eabi/lib/armv6-m\libc.a(lib_a-exit.o)
                              c:/program files (x86)/atmel/atmel toolchain/arm gcc/native/4.8.1443/arm-gnu-toolchain/bin/../lib/gcc/arm-none-eabi/4.8.4/../../../../arm-none-eabi/lib/armv6-m/crt0.o (exit)
c:/program files (x86)/atmel/atmel toolchain/arm gcc/native/4.8.1443/arm-gnu-toolchain/bin/../lib/gcc/arm-none-eabi/4.8.4/../../../../arm-none-eabi/lib/armv6-m\libc.a(lib_a-impure.o)
                              c:/program files (x86)/atmel/atmel toolchain/arm gcc/native/4.8.1443/arm-gnu-toolchain/bin/../lib/gcc/arm-none-eabi/4.8.4/../../../../arm-none-eabi/lib/armv6-m\libc.a(lib_a-exit.o) (_global_impure_ptr)
c:/program files (x86)/atmel/atmel toolchain/arm gcc/native/4.8.1443/arm-gnu-toolchain/bin/../lib/gcc/arm-none-eabi/4.8.4/../../../../arm-none-eabi/lib/armv6-m\libc.a(lib_a-init.o)
                              c:/program files (x86)/atmel/atmel toolchain/arm gcc/native/4.8.1443/arm-gnu-toolchain/bin/../lib/gcc/arm-none-eabi/4.8.4/../../../../arm-none-eabi/lib/armv6-m/crt0.o (__libc_init_array)
c:/program files (x86)/atmel/atmel toolchain/arm gcc/native/4.8.1443/arm-gnu-toolchain/bin/../lib/gcc/arm-none-eabi/4.8.4/../../../../arm-none-eabi/lib/armv6-m\libc.a(lib_a-memcpy-stub.o)
                              src/ASF/sam0/drivers/sercom/sercom_interrupt.o (memcpy)
c:/program files (x86)/atmel/atmel toolchain/arm gcc/native/4.8.1443/arm-gnu-toolchain/bin/../lib/gcc/arm-none-eabi/4.8.4/../../../../arm-none-eabi/lib/armv6-m\libc.a(lib_a-memset.o)
                              c:/program files (x86)/atmel/atmel toolchain/arm gcc/native/4.8.1443/arm-gnu-toolchain/bin/../lib/gcc/arm-none-eabi/4.8.4/../../../../arm-none-eabi/lib/armv6-m/crt0.o (memset)
c:/program files (x86)/atmel/atmel toolchain/arm gcc/native/4.8.1443/arm-gnu-toolchain/bin/../lib/gcc/arm-none-eabi/4.8.4/../../../../arm-none-eabi/lib/armv6-m\libc.a(lib_a-printf.o)
                              src/ASF/sam0/utils/syscalls/gcc/syscalls.o (printf)
c:/program files (x86)/atmel/atmel toolchain/arm gcc/native/4.8.1443/arm-gnu-toolchain/bin/../lib/gcc/arm-none-eabi/4.8.4/../../../../arm-none-eabi/lib/armv6-m\libc.a(lib_a-strncmp.o)
                              src/ASF/thirdparty/freertos/trace/trcBase.o (strncmp)
c:/program files (x86)/atmel/atmel toolchain/arm gcc/native/4.8.1443/arm-gnu-toolchain/bin/../lib/gcc/arm-none-eabi/4.8.4/../../../../arm-none-eabi/lib/armv6-m\libc.a(lib_a-strncpy.o)
                              src/ASF/thirdparty/freertos/trace/trcBase.o (strncpy)
c:/program files (x86)/atmel/atmel toolchain/arm gcc/native/4.8.1443/arm-gnu-toolchain/bin/../lib/gcc/arm-none-eabi/4.8.4/../../../../arm-none-eabi/lib/armv6-m\libc.a(lib_a-vfprintf.o)
                              c:/program files (x86)/atmel/atmel toolchain/arm gcc/native/4.8.1443/arm-gnu-toolchain/bin/../lib/gcc/arm-none-eabi/4.8.4/../../../../arm-none-eabi/lib/armv6-m\libc.a(lib_a-printf.o) (_vfprintf_r)
c:/program files (x86)/atmel/atmel toolchain/arm gcc/native/4.8.1443/arm-gnu-toolchain/bin/../lib/gcc/arm-none-eabi/4.8.4/../../../../arm-none-eabi/lib/armv6-m\libc.a(lib_a-wsetup.o)
[...]
Memory Configuration

Name             Origin             Length             Attributes
rom              0x00000000         0x00040000         xr
ram              0x20000000         0x00008000         xrw
*default*        0x00000000         0xffffffff

Linker script and memory map

LOAD c:/program files (x86)/atmel/atmel toolchain/arm gcc/native/4.8.1443/arm-gnu-toolchain/bin/../lib/gcc/arm-none-eabi/4.8.4/armv6-m/crti.o
LOAD c:/program files (x86)/atmel/atmel toolchain/arm gcc/native/4.8.1443/arm-gnu-toolchain/bin/../lib/gcc/arm-none-eabi/4.8.4/armv6-m/crtbegin.o
LOAD c:/program files (x86)/atmel/atmel toolchain/arm gcc/native/4.8.1443/arm-gnu-toolchain/bin/../lib/gcc/arm-none-eabi/4.8.4/../../../../arm-none-eabi/lib/armv6-m/crt0.o
LOAD Bastian_freeRTOS-TRACE.o
LOAD src/ASF/sam0/drivers/sercom/sercom.o
LOAD src/Peripherals/bastian_sercom.o
LOAD src/Peripherals/crc_utility.o
LOAD src/ASF/sam0/drivers/sercom/sercom_interrupt.o
LOAD src/ASF/sam0/drivers/sercom/usart/usart.o
LOAD src/ASF/sam0/drivers/sercom/usart/usart_interrupt.o
LOAD src/ASF/thirdparty/freertos/freertos-8.0.1/Source/croutine.o
LOAD src/ASF/thirdparty/freertos/freertos-8.0.1/Source/event_groups.o
LOAD src/ASF/thirdparty/freertos/trace/trcBase.o
LOAD src/ASF/thirdparty/freertos/trace/trcHardwarePort.o
LOAD src/ASF/thirdparty/freertos/trace/trcKernel.o
LOAD src/ASF/thirdparty/freertos/trace/trcKernelPort.o
LOAD src/ASF/thirdparty/freertos/trace/trcUser.o
LOAD src/ASF/thirdparty/freertos/freertos-8.0.1/Source/list.o
LOAD src/ASF/thirdparty/freertos/freertos-8.0.1/Source/portable/GCC/ARM_CM0/port.o
LOAD src/ASF/thirdparty/freertos/freertos-8.0.1/Source/portable/MemMang/heap_1.o
LOAD src/ASF/thirdparty/freertos/freertos-8.0.1/Source/queue.o
LOAD src/ASF/thirdparty/freertos/freertos-8.0.1/Source/tasks.o
LOAD src/ASF/thirdparty/freertos/freertos-8.0.1/Source/timers.o
LOAD src/ASF/sam0/utils/cmsis/samd21/source/gcc/startup_samd21.o
LOAD src/ASF/sam0/utils/cmsis/samd21/source/system_samd21.o
LOAD src/ASF/sam0/utils/syscalls/gcc/syscalls.o
LOAD src/ASF/sam0/drivers/system/clock/clock_samd21_r21_da/clock.o
LOAD src/ASF/sam0/drivers/system/clock/clock_samd21_r21_da/gclk.o
LOAD src/ASF/sam0/drivers/system/interrupt/system_interrupt.o
LOAD src/ASF/sam0/drivers/system/system.o
LOAD src/ASF/common/utils/interrupt/interrupt_sam_nvic.o
LOAD src/ASF/sam0/drivers/port/port.o
LOAD src/ASF/sam0/drivers/system/pinmux/pinmux.o
START GROUP
LOAD ../src/ASF/thirdparty/CMSIS/Lib/GCC\libarm_cortexM0l_math.a
LOAD c:/program files (x86)/atmel/atmel toolchain/arm gcc/native/4.8.1443/arm-gnu-toolchain/bin/../lib/gcc/arm-none-eabi/4.8.4/../../../../arm-none-eabi/lib/armv6-m\libm.a
END GROUP
START GROUP
LOAD c:/program files (x86)/atmel/atmel toolchain/arm gcc/native/4.8.1443/arm-gnu-toolchain/bin/../lib/gcc/arm-none-eabi/4.8.4/armv6-m\libgcc.a
LOAD c:/program files (x86)/atmel/atmel toolchain/arm gcc/native/4.8.1443/arm-gnu-toolchain/bin/../lib/gcc/arm-none-eabi/4.8.4/../../../../arm-none-eabi/lib/armv6-m\libc.a
END GROUP
LOAD c:/program files (x86)/atmel/atmel toolchain/arm gcc/native/4.8.1443/arm-gnu-toolchain/bin/../lib/gcc/arm-none-eabi/4.8.4/armv6-m/crtend.o
LOAD c:/program files (x86)/atmel/atmel toolchain/arm gcc/native/4.8.1443/arm-gnu-toolchain/bin/../lib/gcc/arm-none-eabi/4.8.4/armv6-m/crtn.o
                0x00002000                STACK_SIZE = DEFINED (STACK_SIZE)?STACK_SIZE:DEFINED (__stack_size__)?__stack_size__:0x2000

.text           0x00000000     0x6d50
                0x00000000                . = ALIGN (0x4)
                0x00000000                _sfixed = .
 *(.vectors .vectors.*)
 .vectors       0x00000000       0xb0 src/ASF/sam0/utils/cmsis/samd21/source/gcc/startup_samd21.o
                0x00000000                exception_table
 *(.text .text.* .gnu.linkonce.t.*)
 .text          0x000000b0       0x60 c:/program files (x86)/atmel/atmel toolchain/arm gcc/native/4.8.1443/arm-gnu-toolchain/bin/../lib/gcc/arm-none-eabi/4.8.4/armv6-m/crtbegin.o
 .text.timer_irda_sync_callback
                0x00000110       0x30 Bastian_freeRTOS-TRACE.o
                0x00000110                timer_irda_sync_callback
 .text.timer_irda_ping_callback
                0x00000140       0x90 Bastian_freeRTOS-TRACE.o
                0x00000140                timer_irda_ping_callback
 .text.irda_communication_task
                0x000001d0      0x190 Bastian_freeRTOS-TRACE.o
                0x000001d0                irda_communication_task
 .text.main     0x00000360      0x118 Bastian_freeRTOS-TRACE.o
                0x00000360                main
 .text._sercom_get_sync_baud_val
                0x00000478       0x28 src/ASF/sam0/drivers/sercom/sercom.o
                0x00000478                _sercom_get_sync_baud_val
 .text._sercom_get_async_baud_val
                0x000004a0      0x1c8 src/ASF/sam0/drivers/sercom/sercom.o
                0x000004a0                _sercom_get_async_baud_val
 .text.sercom_set_gclk_generator
                0x00000668       0x68 src/ASF/sam0/drivers/sercom/sercom.o
                0x00000668                sercom_set_gclk_generator
 .text._sercom_get_default_pad
                0x000006d0       0xf0 src/ASF/sam0/drivers/sercom/sercom.o
                0x000006d0                _sercom_get_default_pad
 .text._sercom_get_sercom_inst_index
                0x000007c0       0x48 src/ASF/sam0/drivers/sercom/sercom.o
                0x000007c0                _sercom_get_sercom_inst_index
 .text.irda_master_callback_received
                0x00000808       0xe0 src/Peripherals/bastian_sercom.o
 .text.irda_master_callback_transmitted
                0x000008e8      0x130 src/Peripherals/bastian_sercom.o
 .text.bastian_IrDA_configuration
                0x00000a18       0xf8 src/Peripherals/bastian_sercom.o
                0x00000a18                bastian_IrDA_configuration
 .text.crc_check
                0x00000b10       0x30 src/Peripherals/crc_utility.o
                0x00000b10                crc_check
 .text.crc_generate
                0x00000b40       0x28 src/Peripherals/crc_utility.o
                0x00000b40                crc_generate
 .text._sercom_default_handler
                0x00000b68        0x4 src/ASF/sam0/drivers/sercom/sercom_interrupt.o
 .text._sercom_set_handler
                0x00000b6c       0x58 src/ASF/sam0/drivers/sercom/sercom_interrupt.o
                0x00000b6c                _sercom_set_handler
 .text._sercom_get_interrupt_vector
                0x00000bc4       0x38 src/ASF/sam0/drivers/sercom/sercom_interrupt.o
                0x00000bc4                _sercom_get_interrupt_vector
 .text.SERCOM0_Handler
                0x00000bfc       0x14 src/ASF/sam0/drivers/sercom/sercom_interrupt.o
                0x00000bfc                SERCOM0_Handler
 .text.SERCOM1_Handler
                0x00000c10       0x14 src/ASF/sam0/drivers/sercom/sercom_interrupt.o
                0x00000c10                SERCOM1_Handler
 .text.SERCOM2_Handler
                0x00000c24       0x14 src/ASF/sam0/drivers/sercom/sercom_interrupt.o
                0x00000c24                SERCOM2_Handler
 .text.SERCOM3_Handler
                0x00000c38       0x14 src/ASF/sam0/drivers/sercom/sercom_interrupt.o
                0x00000c38                SERCOM3_Handler
 .text.usart_init
                0x00000c4c      0x36c src/ASF/sam0/drivers/sercom/usart/usart.o
                0x00000c4c                usart_init
 .text._usart_write_buffer
                0x00000fb8       0x58 src/ASF/sam0/drivers/sercom/usart/usart_interrupt.o
                0x00000fb8                _usart_write_buffer
 .text._usart_read_buffer
                0x00001010       0x6c src/ASF/sam0/drivers/sercom/usart/usart_interrupt.o
                0x00001010                _usart_read_buffer
 .text.usart_register_callback
                0x0000107c       0x18 src/ASF/sam0/drivers/sercom/usart/usart_interrupt.o
                0x0000107c                usart_register_callback
 .text.usart_write_buffer_job
                0x00001094       0x2c src/ASF/sam0/drivers/sercom/usart/usart_interrupt.o
                0x00001094                usart_write_buffer_job
 .text.usart_read_buffer_job
                0x000010c0       0x2c src/ASF/sam0/drivers/sercom/usart/usart_interrupt.o
                0x000010c0                usart_read_buffer_job
 .text.usart_abort_job
                0x000010ec       0x20 src/ASF/sam0/drivers/sercom/usart/usart_interrupt.o
                0x000010ec                usart_abort_job
 .text._usart_interrupt_handler
                0x0000110c      0x1a8 src/ASF/sam0/drivers/sercom/usart/usart_interrupt.o
                0x0000110c                _usart_interrupt_handler
 .text.vTraceError
                0x000012b4       0x84 src/ASF/thirdparty/freertos/trace/trcBase.o
                0x000012b4                vTraceError
 .text.prvTraceInitTraceData
                0x00001338      0x1d8 src/ASF/thirdparty/freertos/trace/trcBase.o
                0x00001338                prvTraceInitTraceData
 .text.xTraceNextFreeEventBufferSlot
                0x00001510       0x50 src/ASF/thirdparty/freertos/trace/trcBase.o
                0x00001510                xTraceNextFreeEventBufferSlot
 .text.uiIndexOfObject
                0x00001560       0x70 src/ASF/thirdparty/freertos/trace/trcBase.o
                0x00001560                uiIndexOfObject
 .text.xTraceGetObjectHandle
                0x000015d0      0x17c src/ASF/thirdparty/freertos/trace/trcBase.o
                0x000015d0                xTraceGetObjectHandle
 .text.vTraceFreeObjectHandle
                0x0000174c       0x94 src/ASF/thirdparty/freertos/trace/trcBase.o
                0x0000174c                vTraceFreeObjectHandle
 .text.vTraceSetObjectName
                0x000017e0       0xbc src/ASF/thirdparty/freertos/trace/trcBase.o
                0x000017e0                vTraceSetObjectName
 .text.prvCheckDataToBeOverwrittenForMultiEntryEvents
                0x0000189c       0xe0 src/ASF/thirdparty/freertos/trace/trcBase.o
                0x0000189c                prvCheckDataToBeOverwrittenForMultiEntryEvents
 .text.prvTraceUpdateCounters
                0x0000197c       0x4c src/ASF/thirdparty/freertos/trace/trcBase.o
                0x0000197c                prvTraceUpdateCounters
 .text.prvTraceGetDTS
                0x000019c8      0x14c src/ASF/thirdparty/freertos/trace/trcBase.o
                0x000019c8                prvTraceGetDTS
 .text.prvTraceLookupSymbolTableEntry
                0x00001b14       0xfc src/ASF/thirdparty/freertos/trace/trcBase.o
                0x00001b14                prvTraceLookupSymbolTableEntry
 .text.prvTraceCreateSymbolTableEntry
                0x00001c10      0x10c src/ASF/thirdparty/freertos/trace/trcBase.o
                0x00001c10                prvTraceCreateSymbolTableEntry
 .text.prvTraceGetChecksum
                0x00001d1c       0x7c src/ASF/thirdparty/freertos/trace/trcBase.o
                0x00001d1c                prvTraceGetChecksum
 .text.prvTraceOpenSymbol
                0x00001d98       0xbc src/ASF/thirdparty/freertos/trace/trcBase.o
                0x00001d98                prvTraceOpenSymbol
 .text.vTracePortGetTimeStamp
                0x00001e54       0xa4 src/ASF/thirdparty/freertos/trace/trcHardwarePort.o
                0x00001e54                vTracePortGetTimeStamp
 .text.vTraceStoreTaskReady
                0x00001ef8       0xe8 src/ASF/thirdparty/freertos/trace/trcKernel.o
                0x00001ef8                vTraceStoreTaskReady
 .text.vTraceStoreKernelCall
                0x00001fe0        0x4 src/ASF/thirdparty/freertos/trace/trcKernel.o
                0x00001fe0                vTraceStoreKernelCall
 .text.vTraceStoreKernelCallWithParam
                0x00001fe4        0x4 src/ASF/thirdparty/freertos/trace/trcKernel.o
                0x00001fe4                vTraceStoreKernelCallWithParam
 .text.vTraceStoreKernelCallWithNumericParamOnly
                0x00001fe8        0x4 src/ASF/thirdparty/freertos/trace/trcKernel.o
                0x00001fe8                vTraceStoreKernelCallWithNumericParamOnly
 .text.vTraceStoreObjectNameOnCloseEvent
                0x00001fec       0x94 src/ASF/thirdparty/freertos/trace/trcKernel.o
                0x00001fec                vTraceStoreObjectNameOnCloseEvent
 .text.vTraceStoreObjectPropertiesOnCloseEvent
                0x00002080       0xbc src/ASF/thirdparty/freertos/trace/trcKernel.o
                0x00002080                vTraceStoreObjectPropertiesOnCloseEvent
 .text.vTraceSetPriorityProperty
                0x0000213c       0x74 src/ASF/thirdparty/freertos/trace/trcKernel.o
                0x0000213c                vTraceSetPriorityProperty
 .text.uiTraceGetPriorityProperty
                0x000021b0       0x74 src/ASF/thirdparty/freertos/trace/trcKernel.o
                0x000021b0                uiTraceGetPriorityProperty
 .text.vTraceSetObjectState
                0x00002224       0x74 src/ASF/thirdparty/freertos/trace/trcKernel.o
                0x00002224                vTraceSetObjectState
 .text.uiTraceGetObjectState
                0x00002298       0x74 src/ASF/thirdparty/freertos/trace/trcKernel.o
                0x00002298                uiTraceGetObjectState
 .text.vTraceStoreTaskswitch
                0x0000230c      0x110 src/ASF/thirdparty/freertos/trace/trcKernel.o
                0x0000230c                vTraceStoreTaskswitch
 .text.vTraceSetTaskInstanceFinished
                0x0000241c       0x58 src/ASF/thirdparty/freertos/trace/trcKernel.o
                0x0000241c                vTraceSetTaskInstanceFinished
 .text.prvTraceGetObjectNumber
                0x00002474       0x20 src/ASF/thirdparty/freertos/trace/trcKernelPort.o
                0x00002474                prvTraceGetObjectNumber
 .text.prvTraceGetObjectType
                0x00002494       0x1c src/ASF/thirdparty/freertos/trace/trcKernelPort.o
                0x00002494                prvTraceGetObjectType
 .text.prvTraceGetTaskNumber
                0x000024b0       0x20 src/ASF/thirdparty/freertos/trace/trcKernelPort.o
                0x000024b0                prvTraceGetTaskNumber
 .text.prvTraceGetCurrentTaskHandle
                0x000024d0       0x1c src/ASF/thirdparty/freertos/trace/trcKernelPort.o
                0x000024d0                prvTraceGetCurrentTaskHandle
 .text.vTraceInitObjectPropertyTable
                0x000024ec       0xbc src/ASF/thirdparty/freertos/trace/trcKernelPort.o
                0x000024ec                vTraceInitObjectPropertyTable
 .text.vTraceInitObjectHandleStack
                0x000025a8       0x58 src/ASF/thirdparty/freertos/trace/trcKernelPort.o
                0x000025a8                vTraceInitObjectHandleStack
 .text.pszTraceGetErrorNotEnoughHandles
                0x00002600       0x64 src/ASF/thirdparty/freertos/trace/trcKernelPort.o
                0x00002600                pszTraceGetErrorNotEnoughHandles
 .text.vTraceInitTraceData
                0x00002664       0x1c src/ASF/thirdparty/freertos/trace/trcUser.o
                0x00002664                vTraceInitTraceData
 .text.uiTraceStart
                0x00002680       0xe0 src/ASF/thirdparty/freertos/trace/trcUser.o
                0x00002680                uiTraceStart
 .text.vListInitialise
                0x00002760       0x18 src/ASF/thirdparty/freertos/freertos-8.0.1/Source/list.o
                0x00002760                vListInitialise
 .text.vListInitialiseItem
                0x00002778        0x8 src/ASF/thirdparty/freertos/freertos-8.0.1/Source/list.o
                0x00002778                vListInitialiseItem
 .text.vListInsertEnd
                0x00002780       0x18 src/ASF/thirdparty/freertos/freertos-8.0.1/Source/list.o
                0x00002780                vListInsertEnd
 .text.vListInsert
                0x00002798       0x30 src/ASF/thirdparty/freertos/freertos-8.0.1/Source/list.o
                0x00002798                vListInsert
 .text.uxListRemove
                0x000027c8       0x24 src/ASF/thirdparty/freertos/freertos-8.0.1/Source/list.o
                0x000027c8                uxListRemove
 .text.prvTaskExitError
                0x000027ec       0x18 src/ASF/thirdparty/freertos/freertos-8.0.1/Source/portable/GCC/ARM_CM0/port.o
 .text.vPortStartFirstTask
                0x00002804       0x20 src/ASF/thirdparty/freertos/freertos-8.0.1/Source/portable/GCC/ARM_CM0/port.o
 .text.pxPortInitialiseStack
                0x00002824       0x24 src/ASF/thirdparty/freertos/freertos-8.0.1/Source/portable/GCC/ARM_CM0/port.o
                0x00002824                pxPortInitialiseStack
 .text.SVC_Handler
                0x00002848        0x4 src/ASF/thirdparty/freertos/freertos-8.0.1/Source/portable/GCC/ARM_CM0/port.o
                0x00002848                SVC_Handler
 .text.vPortYield
                0x0000284c       0x18 src/ASF/thirdparty/freertos/freertos-8.0.1/Source/portable/GCC/ARM_CM0/port.o
                0x0000284c                vPortYield
 .text.vPortEnterCritical
                0x00002864       0x1c src/ASF/thirdparty/freertos/freertos-8.0.1/Source/portable/GCC/ARM_CM0/port.o
                0x00002864                vPortEnterCritical
 .text.vPortExitCritical
                0x00002880       0x28 src/ASF/thirdparty/freertos/freertos-8.0.1/Source/portable/GCC/ARM_CM0/port.o
                0x00002880                vPortExitCritical
 .text.ulSetInterruptMaskFromISR
                0x000028a8        0xc src/ASF/thirdparty/freertos/freertos-8.0.1/Source/portable/GCC/ARM_CM0/port.o
                0x000028a8                ulSetInterruptMaskFromISR
 .text.vClearInterruptMaskFromISR
                0x000028b4        0x8 src/ASF/thirdparty/freertos/freertos-8.0.1/Source/portable/GCC/ARM_CM0/port.o
                0x000028b4                vClearInterruptMaskFromISR
 .text.PendSV_Handler
                0x000028bc       0x44 src/ASF/thirdparty/freertos/freertos-8.0.1/Source/portable/GCC/ARM_CM0/port.o
                0x000028bc                PendSV_Handler
 .text.SysTick_Handler
                0x00002900       0x44 src/ASF/thirdparty/freertos/freertos-8.0.1/Source/portable/GCC/ARM_CM0/port.o
                0x00002900                SysTick_Handler
 .text.vPortSetupTimerInterrupt
                0x00002944       0x24 src/ASF/thirdparty/freertos/freertos-8.0.1/Source/portable/GCC/ARM_CM0/port.o
                0x00002944                vPortSetupTimerInterrupt
 .text.xPortStartScheduler
                0x00002968       0x50 src/ASF/thirdparty/freertos/freertos-8.0.1/Source/portable/GCC/ARM_CM0/port.o
                0x00002968                xPortStartScheduler
 .text.pvPortMalloc
                0x000029b8       0x8c src/ASF/thirdparty/freertos/freertos-8.0.1/Source/portable/MemMang/heap_1.o
                0x000029b8                pvPortMalloc
 .text.vPortFree
                0x00002a44        0xc src/ASF/thirdparty/freertos/freertos-8.0.1/Source/portable/MemMang/heap_1.o
                0x00002a44                vPortFree
 .text.prvCopyDataToQueue
                0x00002a50       0x90 src/ASF/thirdparty/freertos/freertos-8.0.1/Source/queue.o
 .text.prvNotifyQueueSetContainer
                0x00002ae0       0xe8 src/ASF/thirdparty/freertos/freertos-8.0.1/Source/queue.o
 .text.prvCopyDataFromQueue
                0x00002bc8       0x38 src/ASF/thirdparty/freertos/freertos-8.0.1/Source/queue.o
 .text.prvUnlockQueue
                0x00002c00       0xcc src/ASF/thirdparty/freertos/freertos-8.0.1/Source/queue.o
 .text.xQueueGenericReset
                0x00002ccc       0x90 src/ASF/thirdparty/freertos/freertos-8.0.1/Source/queue.o
                0x00002ccc                xQueueGenericReset
 .text.xQueueGenericCreate
                0x00002d5c      0x104 src/ASF/thirdparty/freertos/freertos-8.0.1/Source/queue.o
                0x00002d5c                xQueueGenericCreate
 .text.xQueueGenericSend
                0x00002e60      0x2dc src/ASF/thirdparty/freertos/freertos-8.0.1/Source/queue.o
                0x00002e60                xQueueGenericSend
 .text.xQueueGenericSendFromISR
                0x0000313c      0x19c src/ASF/thirdparty/freertos/freertos-8.0.1/Source/queue.o
                0x0000313c                xQueueGenericSendFromISR
 .text.xQueueGenericReceive
                0x000032d8      0x364 src/ASF/thirdparty/freertos/freertos-8.0.1/Source/queue.o
                0x000032d8                xQueueGenericReceive
 .text.uxQueueGetQueueNumber
                0x0000363c        0x4 src/ASF/thirdparty/freertos/freertos-8.0.1/Source/queue.o
                0x0000363c                uxQueueGetQueueNumber
 .text.ucQueueGetQueueType
                0x00003640        0x8 src/ASF/thirdparty/freertos/freertos-8.0.1/Source/queue.o
                0x00003640                ucQueueGetQueueType
 .text.vQueueWaitForMessageRestricted
                0x00003648       0x60 src/ASF/thirdparty/freertos/freertos-8.0.1/Source/queue.o
                0x00003648                vQueueWaitForMessageRestricted
 .text.prvTaskIsTaskSuspended
                0x000036a8       0x34 src/ASF/thirdparty/freertos/freertos-8.0.1/Source/tasks.o
 .text.prvResetNextTaskUnblockTime
                0x000036dc       0x3c src/ASF/thirdparty/freertos/freertos-8.0.1/Source/tasks.o
 .text.prvAddCurrentTaskToDelayedList
                0x00003718       0x80 src/ASF/thirdparty/freertos/freertos-8.0.1/Source/tasks.o
 .text.xTaskGenericCreate
                0x00003798      0x2c4 src/ASF/thirdparty/freertos/freertos-8.0.1/Source/tasks.o
                0x00003798                xTaskGenericCreate
 .text.vTaskResume
                0x00003a5c       0xd4 src/ASF/thirdparty/freertos/freertos-8.0.1/Source/tasks.o
                0x00003a5c                vTaskResume
 .text.xTaskResumeFromISR
                0x00003b30       0xfc src/ASF/thirdparty/freertos/freertos-8.0.1/Source/tasks.o
                0x00003b30                xTaskResumeFromISR
 .text.vTaskStartScheduler
                0x00003c2c       0x78 src/ASF/thirdparty/freertos/freertos-8.0.1/Source/tasks.o
                0x00003c2c                vTaskStartScheduler
 .text.vTaskSuspendAll
                0x00003ca4       0x10 src/ASF/thirdparty/freertos/freertos-8.0.1/Source/tasks.o
                0x00003ca4                vTaskSuspendAll
 .text.xTaskGetTickCount
                0x00003cb4       0x30 src/ASF/thirdparty/freertos/freertos-8.0.1/Source/tasks.o
                0x00003cb4                xTaskGetTickCount
 .text.xTaskGetTickCountFromISR
                0x00003ce4       0x30 src/ASF/thirdparty/freertos/freertos-8.0.1/Source/tasks.o
                0x00003ce4                xTaskGetTickCountFromISR
 .text.xTaskIncrementTick
                0x00003d14      0x1dc src/ASF/thirdparty/freertos/freertos-8.0.1/Source/tasks.o
                0x00003d14                xTaskIncrementTick
 .text.xTaskResumeAll
                0x00003ef0      0x174 src/ASF/thirdparty/freertos/freertos-8.0.1/Source/tasks.o
                0x00003ef0                xTaskResumeAll
 .text.prvIdleTask
                0x00004064       0xb8 src/ASF/thirdparty/freertos/freertos-8.0.1/Source/tasks.o
 .text.vTaskSwitchContext
                0x0000411c       0xf4 src/ASF/thirdparty/freertos/freertos-8.0.1/Source/tasks.o
                0x0000411c                vTaskSwitchContext
 .text.vTaskSuspend
                0x00004210      0x110 src/ASF/thirdparty/freertos/freertos-8.0.1/Source/tasks.o
                0x00004210                vTaskSuspend
 .text.vTaskPlaceOnEventList
                0x00004320       0x74 src/ASF/thirdparty/freertos/freertos-8.0.1/Source/tasks.o
                0x00004320                vTaskPlaceOnEventList
 .text.vTaskPlaceOnEventListRestricted
                0x00004394       0x88 src/ASF/thirdparty/freertos/freertos-8.0.1/Source/tasks.o
                0x00004394                vTaskPlaceOnEventListRestricted
 .text.xTaskRemoveFromEventList
                0x0000441c       0xc8 src/ASF/thirdparty/freertos/freertos-8.0.1/Source/tasks.o
                0x0000441c                xTaskRemoveFromEventList
 .text.vTaskSetTimeOutState
                0x000044e4       0x24 src/ASF/thirdparty/freertos/freertos-8.0.1/Source/tasks.o
                0x000044e4                vTaskSetTimeOutState
 .text.xTaskCheckForTimeOut
                0x00004508       0x84 src/ASF/thirdparty/freertos/freertos-8.0.1/Source/tasks.o
                0x00004508                xTaskCheckForTimeOut
 .text.vTaskMissedYield
                0x0000458c       0x10 src/ASF/thirdparty/freertos/freertos-8.0.1/Source/tasks.o
                0x0000458c                vTaskMissedYield
 .text.uxTaskGetTaskNumber
                0x0000459c        0xc src/ASF/thirdparty/freertos/freertos-8.0.1/Source/tasks.o
                0x0000459c                uxTaskGetTaskNumber
 .text.xTaskGetCurrentTaskHandle
                0x000045a8       0x14 src/ASF/thirdparty/freertos/freertos-8.0.1/Source/tasks.o
                0x000045a8                xTaskGetCurrentTaskHandle
 .text.xTaskGetSchedulerState
                0x000045bc       0x24 src/ASF/thirdparty/freertos/freertos-8.0.1/Source/tasks.o
                0x000045bc                xTaskGetSchedulerState
 .text.vTaskPriorityInherit
                0x000045e0      0x110 src/ASF/thirdparty/freertos/freertos-8.0.1/Source/tasks.o
                0x000045e0                vTaskPriorityInherit
 .text.vTaskPriorityDisinherit
                0x000046f0       0xd4 src/ASF/thirdparty/freertos/freertos-8.0.1/Source/tasks.o
                0x000046f0                vTaskPriorityDisinherit
 .text.prvInsertTimerInActiveList
                0x000047c4       0x5c src/ASF/thirdparty/freertos/freertos-8.0.1/Source/timers.o
 .text.prvCheckForValidListAndQueue
                0x00004820       0x80 src/ASF/thirdparty/freertos/freertos-8.0.1/Source/timers.o
 .text.xTimerCreateTimerTask
                0x000048a0       0x64 src/ASF/thirdparty/freertos/freertos-8.0.1/Source/timers.o
                0x000048a0                xTimerCreateTimerTask
 .text.xTimerCreate
                0x00004904       0xb0 src/ASF/thirdparty/freertos/freertos-8.0.1/Source/timers.o
                0x00004904                xTimerCreate
 .text.xTimerGenericCommand
                0x000049b4      0x124 src/ASF/thirdparty/freertos/freertos-8.0.1/Source/timers.o
                0x000049b4                xTimerGenericCommand
 .text.prvSampleTimeNow
                0x00004ad8       0xe8 src/ASF/thirdparty/freertos/freertos-8.0.1/Source/timers.o
 .text.prvTimerTask
                0x00004bc0      0x200 src/ASF/thirdparty/freertos/freertos-8.0.1/Source/timers.o
 .text.Dummy_Handler
                0x00004dc0        0x4 src/ASF/sam0/utils/cmsis/samd21/source/gcc/startup_samd21.o
                0x00004dc0                DMAC_Handler
                0x00004dc0                HardFault_Handler
                0x00004dc0                AC_Handler
                0x00004dc0                NMI_Handler
                0x00004dc0                ADC_Handler
                0x00004dc0                TCC1_Handler
                0x00004dc0                TCC0_Handler
                0x00004dc0                RTC_Handler
                0x00004dc0                EIC_Handler
                0x00004dc0                WDT_Handler
                0x00004dc0                TC4_Handler
                0x00004dc0                USB_Handler
                0x00004dc0                TC3_Handler
                0x00004dc0                Dummy_Handler
                0x00004dc0                PM_Handler
                0x00004dc0                TCC2_Handler
                0x00004dc0                EVSYS_Handler
                0x00004dc0                I2S_Handler
                0x00004dc0                NVMCTRL_Handler
                0x00004dc0                DAC_Handler
                0x00004dc0                PTC_Handler
                0x00004dc0                TC5_Handler
                0x00004dc0                SYSCTRL_Handler
 .text.Reset_Handler
                0x00004dc4      0x12c src/ASF/sam0/utils/cmsis/samd21/source/gcc/startup_samd21.o
                0x00004dc4                Reset_Handler
 .text.system_clock_source_get_hz
                0x00004ef0       0xc0 src/ASF/sam0/drivers/system/clock/clock_samd21_r21_da/clock.o
                0x00004ef0                system_clock_source_get_hz
 .text.system_clock_source_osc8m_set_config
                0x00004fb0       0x3c src/ASF/sam0/drivers/system/clock/clock_samd21_r21_da/clock.o
                0x00004fb0                system_clock_source_osc8m_set_config
 .text.system_clock_source_xosc32k_set_config
                0x00004fec       0xb8 src/ASF/sam0/drivers/system/clock/clock_samd21_r21_da/clock.o
                0x00004fec                system_clock_source_xosc32k_set_config
 .text.system_clock_source_dpll_set_config
                0x000050a4       0xb4 src/ASF/sam0/drivers/system/clock/clock_samd21_r21_da/clock.o
                0x000050a4                system_clock_source_dpll_set_config
 .text.system_clock_source_enable
                0x00005158       0xbc src/ASF/sam0/drivers/system/clock/clock_samd21_r21_da/clock.o
                0x00005158                system_clock_source_enable
 .text.system_clock_source_is_ready
                0x00005214       0x58 src/ASF/sam0/drivers/system/clock/clock_samd21_r21_da/clock.o
                0x00005214                system_clock_source_is_ready
 .text.system_clock_init
                0x0000526c      0x160 src/ASF/sam0/drivers/system/clock/clock_samd21_r21_da/clock.o
                0x0000526c                system_clock_init
 .text.system_gclk_init
                0x000053cc       0x24 src/ASF/sam0/drivers/system/clock/clock_samd21_r21_da/gclk.o
                0x000053cc                system_gclk_init
 .text.system_gclk_gen_set_config
                0x000053f0       0xd4 src/ASF/sam0/drivers/system/clock/clock_samd21_r21_da/gclk.o
                0x000053f0                system_gclk_gen_set_config
 .text.system_gclk_gen_enable
                0x000054c4       0x54 src/ASF/sam0/drivers/system/clock/clock_samd21_r21_da/gclk.o
                0x000054c4                system_gclk_gen_enable
 .text.system_gclk_gen_get_hz
                0x00005518       0xa0 src/ASF/sam0/drivers/system/clock/clock_samd21_r21_da/gclk.o
                0x00005518                system_gclk_gen_get_hz
 .text.system_gclk_chan_enable
                0x000055b8       0x40 src/ASF/sam0/drivers/system/clock/clock_samd21_r21_da/gclk.o
                0x000055b8                system_gclk_chan_enable
 .text.system_gclk_chan_disable
                0x000055f8       0x6c src/ASF/sam0/drivers/system/clock/clock_samd21_r21_da/gclk.o
                0x000055f8                system_gclk_chan_disable
 .text.system_gclk_chan_set_config
                0x00005664       0x2c src/ASF/sam0/drivers/system/clock/clock_samd21_r21_da/gclk.o
                0x00005664                system_gclk_chan_set_config
 .text.system_gclk_chan_get_hz
                0x00005690       0x48 src/ASF/sam0/drivers/system/clock/clock_samd21_r21_da/gclk.o
                0x00005690                system_gclk_chan_get_hz
 .text._system_dummy_init
                0x000056d8        0x4 src/ASF/sam0/drivers/system/system.o
                0x000056d8                _system_extint_init
                0x000056d8                system_board_init
                0x000056d8                _system_events_init
                0x000056d8                _system_dummy_init
                0x000056d8                _system_divas_init
 .text.system_init
                0x000056dc       0x44 src/ASF/sam0/drivers/system/system.o
                0x000056dc                system_init
 .text.cpu_irq_enter_critical
                0x00005720       0x60 src/ASF/common/utils/interrupt/interrupt_sam_nvic.o
                0x00005720                cpu_irq_enter_critical
 .text.cpu_irq_leave_critical
                0x00005780       0x48 src/ASF/common/utils/interrupt/interrupt_sam_nvic.o
                0x00005780                cpu_irq_leave_critical
 .text.port_pin_set_config
                0x000057c8       0x30 src/ASF/sam0/drivers/port/port.o
                0x000057c8                port_pin_set_config
 .text._system_pinmux_config
                0x000057f8       0x8c src/ASF/sam0/drivers/system/pinmux/pinmux.o
 .text.system_pinmux_pin_set_config
                0x00005884       0x30 src/ASF/sam0/drivers/system/pinmux/pinmux.o
                0x00005884                system_pinmux_pin_set_config
 .text          0x000058b4       0x14 c:/program files (x86)/atmel/atmel toolchain/arm gcc/native/4.8.1443/arm-gnu-toolchain/bin/../lib/gcc/arm-none-eabi/4.8.4/armv6-m\libgcc.a(_thumb1_case_uqi.o)
                0x000058b4                __gnu_thumb1_case_uqi
 .text          0x000058c8       0x9c c:/program files (x86)/atmel/atmel toolchain/arm gcc/native/4.8.1443/arm-gnu-toolchain/bin/../lib/gcc/arm-none-eabi/4.8.4/armv6-m\libgcc.a(_udivsi3.o)
                0x000058c8                __aeabi_uidiv
                0x000058c8                __udivsi3
                0x00005950                __aeabi_uidivmod
 .text          0x00005964        0x4 c:/program files (x86)/atmel/atmel toolchain/arm gcc/native/4.8.1443/arm-gnu-toolchain/bin/../lib/gcc/arm-none-eabi/4.8.4/armv6-m\libgcc.a(_dvmd_tls.o)
                0x00005964                __aeabi_idiv0
                0x00005964                __aeabi_ldiv0
 .text          0x00005968       0x44 c:/program files (x86)/atmel/atmel toolchain/arm gcc/native/4.8.1443/arm-gnu-toolchain/bin/../lib/gcc/arm-none-eabi/4.8.4/armv6-m\libgcc.a(_muldi3.o)
                0x00005968                __muldi3
                0x00005968                __aeabi_lmul
 .text.__libc_init_array
                0x000059ac       0x48 c:/program files (x86)/atmel/atmel toolchain/arm gcc/native/4.8.1443/arm-gnu-toolchain/bin/../lib/gcc/arm-none-eabi/4.8.4/../../../../arm-none-eabi/lib/armv6-m\libc.a(lib_a-init.o)
                0x000059ac                __libc_init_array
 .text.memcpy   0x000059f4       0x84 c:/program files (x86)/atmel/atmel toolchain/arm gcc/native/4.8.1443/arm-gnu-toolchain/bin/../lib/gcc/arm-none-eabi/4.8.4/../../../../arm-none-eabi/lib/armv6-m\libc.a(lib_a-memcpy-stub.o)
                0x000059f4                memcpy
 .text.memset   0x00005a78       0x9c c:/program files (x86)/atmel/atmel toolchain/arm gcc/native/4.8.1443/arm-gnu-toolchain/bin/../lib/gcc/arm-none-eabi/4.8.4/../../../../arm-none-eabi/lib/armv6-m\libc.a(lib_a-memset.o)
                0x00005a78                memset
 .text.strncmp  0x00005b14       0xb8 c:/program files (x86)/atmel/atmel toolchain/arm gcc/native/4.8.1443/arm-gnu-toolchain/bin/../lib/gcc/arm-none-eabi/4.8.4/../../../../arm-none-eabi/lib/armv6-m\libc.a(lib_a-strncmp.o)
                0x00005b14                strncmp
 .text.strncpy  0x00005bcc       0x74 c:/program files (x86)/atmel/atmel toolchain/arm gcc/native/4.8.1443/arm-gnu-toolchain/bin/../lib/gcc/arm-none-eabi/4.8.4/../../../../arm-none-eabi/lib/armv6-m\libc.a(lib_a-strncpy.o)
                0x00005bcc                strncpy
 .text.startup.register_fini
                0x00005c40       0x18 c:/program files (x86)/atmel/atmel toolchain/arm gcc/native/4.8.1443/arm-gnu-toolchain/bin/../lib/gcc/arm-none-eabi/4.8.4/../../../../arm-none-eabi/lib/armv6-m\libc.a(lib_a-__call_atexit.o)
 .text.atexit   0x00005c58       0x10 c:/program files (x86)/atmel/atmel toolchain/arm gcc/native/4.8.1443/arm-gnu-toolchain/bin/../lib/gcc/arm-none-eabi/4.8.4/../../../../arm-none-eabi/lib/armv6-m\libc.a(lib_a-atexit.o)
                0x00005c58                atexit
 .text.__libc_fini_array
                0x00005c68       0x30 c:/program files (x86)/atmel/atmel toolchain/arm gcc/native/4.8.1443/arm-gnu-toolchain/bin/../lib/gcc/arm-none-eabi/4.8.4/../../../../arm-none-eabi/lib/armv6-m\libc.a(lib_a-fini.o)
                0x00005c68                __libc_fini_array
 .text.__register_exitproc
                0x00005c98       0xc0 c:/program files (x86)/atmel/atmel toolchain/arm gcc/native/4.8.1443/arm-gnu-toolchain/bin/../lib/gcc/arm-none-eabi/4.8.4/../../../../arm-none-eabi/lib/armv6-m\libc.a(lib_a-__atexit.o)
                0x00005c98                __register_exitproc
 *(.glue_7t)
 .glue_7t       0x00000000        0x0 linker stubs
 *(.glue_7)
 .glue_7        0x00000000        0x0 linker stubs
 *(.rodata .rodata* .gnu.linkonce.r.*)
 .rodata.str1.4
                0x00005d58       0x15 Bastian_freeRTOS-TRACE.o
                                 0x18 (size before relaxing)
 *fill*         0x00005d6d        0x3 
 .rodata        0x00005d70       0x10 src/ASF/sam0/drivers/sercom/sercom.o
 .rodata        0x00005d80        0x4 src/ASF/sam0/drivers/sercom/sercom_interrupt.o
 .rodata.str1.4
                0x00005d84      0x56f src/ASF/thirdparty/freertos/trace/trcBase.o
                                0x570 (size before relaxing)
 *fill*         0x000062f3        0x1 
 .rodata.str1.4
                0x000062f4      0x48e src/ASF/thirdparty/freertos/trace/trcKernel.o
                                0x490 (size before relaxing)
 *fill*         0x00006782        0x2 
 .rodata.str1.4
                0x00006784      0x298 src/ASF/thirdparty/freertos/trace/trcKernelPort.o
 .rodata.str1.4
                0x00006a1c      0x2f5 src/ASF/thirdparty/freertos/trace/trcUser.o
                                0x2f8 (size before relaxing)
 *fill*         0x00006d11        0x3 
 .rodata.str1.4
                0x00006d14        0x5 src/ASF/thirdparty/freertos/freertos-8.0.1/Source/tasks.o
                                  0x8 (size before relaxing)
 *fill*         0x00006d19        0x3 
 .rodata.str1.4
                0x00006d1c        0x8 src/ASF/thirdparty/freertos/freertos-8.0.1/Source/timers.o
 .rodata.str1.4
                0x00006d24        0x4 c:/program files (x86)/atmel/atmel toolchain/arm gcc/native/4.8.1443/arm-gnu-toolchain/bin/../lib/gcc/arm-none-eabi/4.8.4/../../../../arm-none-eabi/lib/armv6-m\libc.a(lib_a-impure.o)
 .rodata._global_impure_ptr
                0x00006d28        0x4 c:/program files (x86)/atmel/atmel toolchain/arm gcc/native/4.8.1443/arm-gnu-toolchain/bin/../lib/gcc/arm-none-eabi/4.8.4/../../../../arm-none-eabi/lib/armv6-m\libc.a(lib_a-impure.o)
                0x00006d28                _global_impure_ptr
 *(.ARM.extab* .gnu.linkonce.armextab.*)
                0x00006d2c                . = ALIGN (0x4)
 *(.init)
 .init          0x00006d2c        0x4 c:/program files (x86)/atmel/atmel toolchain/arm gcc/native/4.8.1443/arm-gnu-toolchain/bin/../lib/gcc/arm-none-eabi/4.8.4/armv6-m/crti.o
                0x00006d2c                _init
 .init          0x00006d30        0x8 c:/program files (x86)/atmel/atmel toolchain/arm gcc/native/4.8.1443/arm-gnu-toolchain/bin/../lib/gcc/arm-none-eabi/4.8.4/armv6-m/crtn.o
                0x00006d38                . = ALIGN (0x4)
                0x00006d38                __preinit_array_start = .
 *(.preinit_array)
                0x00006d38                __preinit_array_end = .
                0x00006d38                . = ALIGN (0x4)
                0x00006d38                __init_array_start = .
 *(SORT(.init_array.*))
 .init_array.00000
                0x00006d38        0x4 c:/program files (x86)/atmel/atmel toolchain/arm gcc/native/4.8.1443/arm-gnu-toolchain/bin/../lib/gcc/arm-none-eabi/4.8.4/../../../../arm-none-eabi/lib/armv6-m\libc.a(lib_a-__call_atexit.o)
 *(.init_array)
 .init_array    0x00006d3c        0x4 c:/program files (x86)/atmel/atmel toolchain/arm gcc/native/4.8.1443/arm-gnu-toolchain/bin/../lib/gcc/arm-none-eabi/4.8.4/armv6-m/crtbegin.o
                0x00006d40                __init_array_end = .
                0x00006d40                . = ALIGN (0x4)
 *crtbegin.o(.ctors)
 *(EXCLUDE_FILE(*crtend.o) .ctors)
 *(SORT(.ctors.*))
 *crtend.o(.ctors)
                0x00006d40                . = ALIGN (0x4)
 *(.fini)
 .fini          0x00006d40        0x4 c:/program files (x86)/atmel/atmel toolchain/arm gcc/native/4.8.1443/arm-gnu-toolchain/bin/../lib/gcc/arm-none-eabi/4.8.4/armv6-m/crti.o
                0x00006d40                _fini
 .fini          0x00006d44        0x8 c:/program files (x86)/atmel/atmel toolchain/arm gcc/native/4.8.1443/arm-gnu-toolchain/bin/../lib/gcc/arm-none-eabi/4.8.4/armv6-m/crtn.o
                0x00006d4c                . = ALIGN (0x4)
                0x00006d4c                __fini_array_start = .
 *(.fini_array)
 .fini_array    0x00006d4c        0x4 c:/program files (x86)/atmel/atmel toolchain/arm gcc/native/4.8.1443/arm-gnu-toolchain/bin/../lib/gcc/arm-none-eabi/4.8.4/armv6-m/crtbegin.o
 *(SORT(.fini_array.*))
                0x00006d50                __fini_array_end = .
 *crtbegin.o(.dtors)
 *(EXCLUDE_FILE(*crtend.o) .dtors)
 *(SORT(.dtors.*))
 *crtend.o(.dtors)
                0x00006d50                . = ALIGN (0x4)
                0x00006d50                _efixed = .
                0x00006d50                PROVIDE (__exidx_start, .)

.vfp11_veneer   0x00006d50        0x0
 .vfp11_veneer  0x00000000        0x0 linker stubs

.v4_bx          0x00006d50        0x0
 .v4_bx         0x00000000        0x0 linker stubs

.iplt           0x00006d50        0x0
 .iplt          0x00000000        0x0 c:/program files (x86)/atmel/atmel toolchain/arm gcc/native/4.8.1443/arm-gnu-toolchain/bin/../lib/gcc/arm-none-eabi/4.8.4/armv6-m/crtbegin.o

.eh_frame       0x00006d50        0x0
 .eh_frame      0x00006d50        0x0 c:/program files (x86)/atmel/atmel toolchain/arm gcc/native/4.8.1443/arm-gnu-toolchain/bin/../lib/gcc/arm-none-eabi/4.8.4/armv6-m/crtbegin.o

.rel.dyn        0x00006d50        0x0
 .rel.iplt      0x00000000        0x0 c:/program files (x86)/atmel/atmel toolchain/arm gcc/native/4.8.1443/arm-gnu-toolchain/bin/../lib/gcc/arm-none-eabi/4.8.4/armv6-m/crtbegin.o
 .rel.got       0x00000000        0x0 c:/program files (x86)/atmel/atmel toolchain/arm gcc/native/4.8.1443/arm-gnu-toolchain/bin/../lib/gcc/arm-none-eabi/4.8.4/armv6-m/crtbegin.o

.jcr            0x00006d50        0x0
 .jcr           0x00006d50        0x0 c:/program files (x86)/atmel/atmel toolchain/arm gcc/native/4.8.1443/arm-gnu-toolchain/bin/../lib/gcc/arm-none-eabi/4.8.4/armv6-m/crtbegin.o

.igot.plt       0x00006d50        0x0
 .igot.plt      0x00000000        0x0 c:/program files (x86)/atmel/atmel toolchain/arm gcc/native/4.8.1443/arm-gnu-toolchain/bin/../lib/gcc/arm-none-eabi/4.8.4/armv6-m/crtbegin.o

.got            0x00006d50      0x29c
 .got           0x00006d50      0x29c c:/program files (x86)/atmel/atmel toolchain/arm gcc/native/4.8.1443/arm-gnu-toolchain/bin/../lib/gcc/arm-none-eabi/4.8.4/armv6-m/crtbegin.o

.got.plt        0x00006fec        0xc
 .got.plt       0x00006fec        0xc c:/program files (x86)/atmel/atmel toolchain/arm gcc/native/4.8.1443/arm-gnu-toolchain/bin/../lib/gcc/arm-none-eabi/4.8.4/armv6-m/crtbegin.o
                0x00006fec                _GLOBAL_OFFSET_TABLE_

.ARM.exidx
 *(.ARM.exidx* .gnu.linkonce.armexidx.*)
                0x00006ff8                PROVIDE (__exidx_end, .)
                0x00006ff8                . = ALIGN (0x4)
                0x00006ff8                _etext = .

.relocate       0x20000000      0x440 load address 0x00006ff8
                0x20000000                . = ALIGN (0x4)
                0x20000000                _srelocate = .
 *(.ramfunc .ramfunc.*)
 *(.data .data.*)
 .data          0x20000000        0x4 src/ASF/thirdparty/freertos/trace/trcKernel.o
 .data          0x20000004        0x8 src/ASF/thirdparty/freertos/trace/trcKernelPort.o
                0x20000004                TraceObjectClassTable
 .data          0x2000000c        0x4 src/ASF/thirdparty/freertos/freertos-8.0.1/Source/portable/GCC/ARM_CM0/port.o
 .data          0x20000010        0x4 src/ASF/thirdparty/freertos/freertos-8.0.1/Source/tasks.o
 .data          0x20000014        0x1 src/ASF/common/utils/interrupt/interrupt_sam_nvic.o
                0x20000014                g_interrupt_enabled
 *fill*         0x20000015        0x3 
 .data.impure_data
                0x20000018      0x428 c:/program files (x86)/atmel/atmel toolchain/arm gcc/native/4.8.1443/arm-gnu-toolchain/bin/../lib/gcc/arm-none-eabi/4.8.4/../../../../arm-none-eabi/lib/armv6-m\libc.a(lib_a-impure.o)
                0x20000440                . = ALIGN (0x4)
                0x20000440                _erelocate = .

.bss            0x20000440     0x26b0 load address 0x00007438
                0x20000440                . = ALIGN (0x4)
                0x20000440                _sbss = .
                0x20000440                _szero = .
 *(.bss .bss.*)
 .bss           0x20000440       0x1c c:/program files (x86)/atmel/atmel toolchain/arm gcc/native/4.8.1443/arm-gnu-toolchain/bin/../lib/gcc/arm-none-eabi/4.8.4/armv6-m/crtbegin.o
 .bss           0x2000045c       0x14 Bastian_freeRTOS-TRACE.o
                0x2000045c                irda_rx_array
                0x20000464                irda_tx_array
 .bss           0x20000470        0x8 src/ASF/sam0/drivers/sercom/sercom.o
 .bss           0x20000478       0x1c src/ASF/sam0/drivers/sercom/sercom_interrupt.o
 .bss           0x20000494       0xb4 src/ASF/thirdparty/freertos/trace/trcBase.o
                0x200004a0                traceErrorMessage
                0x200004a4                recorder_busy
                0x200004a8                RecorderDataPtr
                0x200004ac                objectHandleStacks
                0x2000051c                excludedEventCodes
                0x20000540                excludedObjects
 .bss           0x20000548       0x18 src/ASF/thirdparty/freertos/trace/trcHardwarePort.o
                0x20000550                DWT_CYCLES_ADDED
                0x20000554                uiTraceTickCount
                0x20000558                last_timestamp
                0x2000055c                trace_disable_timestamp
 .bss           0x20000560        0x3 src/ASF/thirdparty/freertos/trace/trcKernel.o
                0x20000560                inExcludedTask
                0x20000561                handle_of_last_logged_task
                0x20000562                nISRactive
 *fill*         0x20000563        0x1 
 .bss           0x20000564      0xbc0 src/ASF/thirdparty/freertos/freertos-8.0.1/Source/portable/MemMang/heap_1.o
 .bss           0x20001124       0xfc src/ASF/thirdparty/freertos/freertos-8.0.1/Source/tasks.o
                0x2000121c                pxCurrentTCB
 .bss           0x20001220       0x3c src/ASF/thirdparty/freertos/freertos-8.0.1/Source/timers.o
 .bss           0x2000125c       0x20 src/ASF/sam0/drivers/system/clock/clock_samd21_r21_da/clock.o
 .bss           0x2000127c        0x8 src/ASF/common/utils/interrupt/interrupt_sam_nvic.o
 *(COMMON)
 COMMON         0x20001284       0x78 Bastian_freeRTOS-TRACE.o
                0x20001284                timer_IrDA_Sync
                0x20001288                irda_comm_state
                0x2000128c                ser_master
                0x200012c0                irda_master
                0x200012f4                timer_IrDA_Ping
                0x200012f8                irda_task_handler
 COMMON         0x200012fc       0x10 src/ASF/sam0/drivers/sercom/sercom_interrupt.o
                0x200012fc                _sercom_instances
 COMMON         0x2000130c     0x17e4 src/ASF/thirdparty/freertos/trace/trcBase.o
                0x2000130c                RecorderData
                0x20002aec                init_hwtc_count
                0x20002af0                . = ALIGN (0x4)
                0x20002af0                _ebss = .
                0x20002af0                _ezero = .

.stack          0x20002af0     0x2000 load address 0x00009ae8
                0x20002af0                . = ALIGN (0x8)
                0x20002af0                _sstack = .
                0x20004af0                . = (. + STACK_SIZE)
 *fill*         0x20002af0     0x2000 
                0x20004af0                . = ALIGN (0x8)
                0x20004af0                _estack = .
                0x20004af0                . = ALIGN (0x4)
                0x20004af0                _end = .
OUTPUT(Bastian_freeRTOS-TRACE.elf elf32-littlearm)

.ARM.attributes
                0x00000000       0x28
 .ARM.attributes
                0x00000000       0x1e c:/program files (x86)/atmel/atmel toolchain/arm gcc/native/4.8.1443/arm-gnu-toolchain/bin/../lib/gcc/arm-none-eabi/4.8.4/armv6-m/crti.o
 .ARM.attributes
                0x0000001e       0x2c c:/program files (x86)/atmel/atmel toolchain/arm gcc/native/4.8.1443/arm-gnu-toolchain/bin/../lib/gcc/arm-none-eabi/4.8.4/armv6-m/crtbegin.o
 .ARM.attributes
                0x0000004a       0x32 Bastian_freeRTOS-TRACE.o
 .ARM.attributes
                0x0000007c       0x32 src/ASF/sam0/drivers/sercom/sercom.o
 .ARM.attributes
                0x000000ae       0x32 src/Peripherals/bastian_sercom.o
 .ARM.attributes
                0x000000e0       0x32 src/Peripherals/crc_utility.o
 .ARM.attributes
                0x00000112       0x32 src/ASF/sam0/drivers/sercom/sercom_interrupt.o
 .ARM.attributes
                0x00000144       0x32 src/ASF/sam0/drivers/sercom/usart/usart.o
 .ARM.attributes
                0x00000176       0x32 src/ASF/sam0/drivers/sercom/usart/usart_interrupt.o
 .ARM.attributes
                0x000001a8       0x32 src/ASF/thirdparty/freertos/trace/trcBase.o
 .ARM.attributes
                0x000001da       0x32 src/ASF/thirdparty/freertos/trace/trcHardwarePort.o
 .ARM.attributes
                0x0000020c       0x32 src/ASF/thirdparty/freertos/trace/trcKernel.o
 .ARM.attributes
                0x0000023e       0x32 src/ASF/thirdparty/freertos/trace/trcKernelPort.o
 .ARM.attributes
                0x00000270       0x32 src/ASF/thirdparty/freertos/trace/trcUser.o
 .ARM.attributes
                0x000002a2       0x32 src/ASF/thirdparty/freertos/freertos-8.0.1/Source/list.o
 .ARM.attributes
                0x000002d4       0x32 src/ASF/thirdparty/freertos/freertos-8.0.1/Source/portable/GCC/ARM_CM0/port.o
 .ARM.attributes
                0x00000306       0x32 src/ASF/thirdparty/freertos/freertos-8.0.1/Source/portable/MemMang/heap_1.o
 .ARM.attributes
                0x00000338       0x32 src/ASF/thirdparty/freertos/freertos-8.0.1/Source/queue.o
 .ARM.attributes
                0x0000036a       0x32 src/ASF/thirdparty/freertos/freertos-8.0.1/Source/tasks.o
 .ARM.attributes
                0x0000039c       0x32 src/ASF/thirdparty/freertos/freertos-8.0.1/Source/timers.o
 .ARM.attributes
                0x000003ce       0x32 src/ASF/sam0/utils/cmsis/samd21/source/gcc/startup_samd21.o
 .ARM.attributes
                0x00000400       0x32 src/ASF/sam0/drivers/system/clock/clock_samd21_r21_da/clock.o
 .ARM.attributes
                0x00000432       0x32 src/ASF/sam0/drivers/system/clock/clock_samd21_r21_da/gclk.o
 .ARM.attributes
                0x00000464       0x32 src/ASF/sam0/drivers/system/system.o
 .ARM.attributes
                0x00000496       0x32 src/ASF/common/utils/interrupt/interrupt_sam_nvic.o
 .ARM.attributes
                0x000004c8       0x32 src/ASF/sam0/drivers/port/port.o
 .ARM.attributes
                0x000004fa       0x32 src/ASF/sam0/drivers/system/pinmux/pinmux.o
 .ARM.attributes
                0x0000052c       0x1e c:/program files (x86)/atmel/atmel toolchain/arm gcc/native/4.8.1443/arm-gnu-toolchain/bin/../lib/gcc/arm-none-eabi/4.8.4/armv6-m\libgcc.a(_thumb1_case_uqi.o)
 .ARM.attributes
                0x0000054a       0x1e c:/program files (x86)/atmel/atmel toolchain/arm gcc/native/4.8.1443/arm-gnu-toolchain/bin/../lib/gcc/arm-none-eabi/4.8.4/armv6-m\libgcc.a(_udivsi3.o)
 .ARM.attributes
                0x00000568       0x1e c:/program files (x86)/atmel/atmel toolchain/arm gcc/native/4.8.1443/arm-gnu-toolchain/bin/../lib/gcc/arm-none-eabi/4.8.4/armv6-m\libgcc.a(_dvmd_tls.o)
 .ARM.attributes
                0x00000586       0x2c c:/program files (x86)/atmel/atmel toolchain/arm gcc/native/4.8.1443/arm-gnu-toolchain/bin/../lib/gcc/arm-none-eabi/4.8.4/armv6-m\libgcc.a(_muldi3.o)
 .ARM.attributes
                0x000005b2       0x2c c:/program files (x86)/atmel/atmel toolchain/arm gcc/native/4.8.1443/arm-gnu-toolchain/bin/../lib/gcc/arm-none-eabi/4.8.4/../../../../arm-none-eabi/lib/armv6-m\libc.a(lib_a-impure.o)
 .ARM.attributes
                0x000005de       0x2c c:/program files (x86)/atmel/atmel toolchain/arm gcc/native/4.8.1443/arm-gnu-toolchain/bin/../lib/gcc/arm-none-eabi/4.8.4/../../../../arm-none-eabi/lib/armv6-m\libc.a(lib_a-init.o)
 .ARM.attributes
                0x0000060a       0x2c c:/program files (x86)/atmel/atmel toolchain/arm gcc/native/4.8.1443/arm-gnu-toolchain/bin/../lib/gcc/arm-none-eabi/4.8.4/../../../../arm-none-eabi/lib/armv6-m\libc.a(lib_a-memcpy-stub.o)
 .ARM.attributes
                0x00000636       0x2c c:/program files (x86)/atmel/atmel toolchain/arm gcc/native/4.8.1443/arm-gnu-toolchain/bin/../lib/gcc/arm-none-eabi/4.8.4/../../../../arm-none-eabi/lib/armv6-m\libc.a(lib_a-memset.o)
 .ARM.attributes
                0x00000662       0x2c c:/program files (x86)/atmel/atmel toolchain/arm gcc/native/4.8.1443/arm-gnu-toolchain/bin/../lib/gcc/arm-none-eabi/4.8.4/../../../../arm-none-eabi/lib/armv6-m\libc.a(lib_a-strncmp.o)
 .ARM.attributes
                0x0000068e       0x2c c:/program files (x86)/atmel/atmel toolchain/arm gcc/native/4.8.1443/arm-gnu-toolchain/bin/../lib/gcc/arm-none-eabi/4.8.4/../../../../arm-none-eabi/lib/armv6-m\libc.a(lib_a-strncpy.o)
 .ARM.attributes
                0x000006ba       0x2c c:/program files (x86)/atmel/atmel toolchain/arm gcc/native/4.8.1443/arm-gnu-toolchain/bin/../lib/gcc/arm-none-eabi/4.8.4/../../../../arm-none-eabi/lib/armv6-m\libc.a(lib_a-__call_atexit.o)
 .ARM.attributes
                0x000006e6       0x2c c:/program files (x86)/atmel/atmel toolchain/arm gcc/native/4.8.1443/arm-gnu-toolchain/bin/../lib/gcc/arm-none-eabi/4.8.4/../../../../arm-none-eabi/lib/armv6-m\libc.a(lib_a-atexit.o)
 .ARM.attributes
                0x00000712       0x2c c:/program files (x86)/atmel/atmel toolchain/arm gcc/native/4.8.1443/arm-gnu-toolchain/bin/../lib/gcc/arm-none-eabi/4.8.4/../../../../arm-none-eabi/lib/armv6-m\libc.a(lib_a-fini.o)
 .ARM.attributes
                0x0000073e       0x2c c:/program files (x86)/atmel/atmel toolchain/arm gcc/native/4.8.1443/arm-gnu-toolchain/bin/../lib/gcc/arm-none-eabi/4.8.4/../../../../arm-none-eabi/lib/armv6-m\libc.a(lib_a-__atexit.o)
 .ARM.attributes
                0x0000076a       0x1e c:/program files (x86)/atmel/atmel toolchain/arm gcc/native/4.8.1443/arm-gnu-toolchain/bin/../lib/gcc/arm-none-eabi/4.8.4/armv6-m/crtn.o

.comment        0x00000000       0x5b
 .comment       0x00000000       0x5b Bastian_freeRTOS-TRACE.o
                                 0x5c (size before relaxing)
 .comment       0x00000000       0x5c src/ASF/sam0/drivers/sercom/sercom.o
 .comment       0x00000000       0x5c src/Peripherals/bastian_sercom.o
 .comment       0x00000000       0x5c src/Peripherals/crc_utility.o
 .comment       0x00000000       0x5c src/ASF/sam0/drivers/sercom/sercom_interrupt.o
 .comment       0x00000000       0x5c src/ASF/sam0/drivers/sercom/usart/usart.o
 .comment       0x00000000       0x5c src/ASF/sam0/drivers/sercom/usart/usart_interrupt.o
 .comment       0x00000000       0x5c src/ASF/thirdparty/freertos/trace/trcBase.o
 .comment       0x00000000       0x5c src/ASF/thirdparty/freertos/trace/trcHardwarePort.o
 .comment       0x00000000       0x5c src/ASF/thirdparty/freertos/trace/trcKernel.o
 .comment       0x00000000       0x5c src/ASF/thirdparty/freertos/trace/trcKernelPort.o
 .comment       0x00000000       0x5c src/ASF/thirdparty/freertos/trace/trcUser.o
 .comment       0x00000000       0x5c src/ASF/thirdparty/freertos/freertos-8.0.1/Source/list.o
 .comment       0x00000000       0x5c src/ASF/thirdparty/freertos/freertos-8.0.1/Source/portable/GCC/ARM_CM0/port.o
 .comment       0x00000000       0x5c src/ASF/thirdparty/freertos/freertos-8.0.1/Source/portable/MemMang/heap_1.o
 .comment       0x00000000       0x5c src/ASF/thirdparty/freertos/freertos-8.0.1/Source/queue.o
 .comment       0x00000000       0x5c src/ASF/thirdparty/freertos/freertos-8.0.1/Source/tasks.o
 .comment       0x00000000       0x5c src/ASF/thirdparty/freertos/freertos-8.0.1/Source/timers.o
 .comment       0x00000000       0x5c src/ASF/sam0/utils/cmsis/samd21/source/gcc/startup_samd21.o
 .comment       0x00000000       0x5c src/ASF/sam0/drivers/system/clock/clock_samd21_r21_da/clock.o
 .comment       0x00000000       0x5c src/ASF/sam0/drivers/system/clock/clock_samd21_r21_da/gclk.o
 .comment       0x00000000       0x5c src/ASF/sam0/drivers/system/system.o
 .comment       0x00000000       0x5c src/ASF/common/utils/interrupt/interrupt_sam_nvic.o
 .comment       0x00000000       0x5c src/ASF/sam0/drivers/port/port.o
 .comment       0x00000000       0x5c src/ASF/sam0/drivers/system/pinmux/pinmux.o

.debug_info     0x00000000    0x24dca
 .debug_info    0x00000000     0x30ad Bastian_freeRTOS-TRACE.o
 .debug_info    0x000030ad     0x2532 src/ASF/sam0/drivers/sercom/sercom.o
 .debug_info    0x000055df     0x34ea src/Peripherals/bastian_sercom.o
 .debug_info    0x00008ac9     0x234d src/Peripherals/crc_utility.o
 .debug_info    0x0000ae16     0x22b4 src/ASF/sam0/drivers/sercom/sercom_interrupt.o
 .debug_info    0x0000d0ca     0x412f src/ASF/sam0/drivers/sercom/usart/usart.o
 .debug_info    0x000111f9     0x2735 src/ASF/sam0/drivers/sercom/usart/usart_interrupt.o
 .debug_info    0x0001392e      0xd1b src/ASF/thirdparty/freertos/trace/trcBase.o
 .debug_info    0x00014649      0x157 src/ASF/thirdparty/freertos/trace/trcHardwarePort.o
 .debug_info    0x000147a0      0xc5a src/ASF/thirdparty/freertos/trace/trcKernel.o
 .debug_info    0x000153fa      0x850 src/ASF/thirdparty/freertos/trace/trcKernelPort.o
 .debug_info    0x00015c4a     0x10d2 src/ASF/thirdparty/freertos/trace/trcUser.o
 .debug_info    0x00016d1c      0x2d4 src/ASF/thirdparty/freertos/freertos-8.0.1/Source/list.o
 .debug_info    0x00016ff0      0x2ac src/ASF/thirdparty/freertos/freertos-8.0.1/Source/portable/GCC/ARM_CM0/port.o
 .debug_info    0x0001729c      0x19d src/ASF/thirdparty/freertos/freertos-8.0.1/Source/portable/MemMang/heap_1.o
 .debug_info    0x00017439     0x1af1 src/ASF/thirdparty/freertos/freertos-8.0.1/Source/queue.o
 .debug_info    0x00018f2a     0x1d18 src/ASF/thirdparty/freertos/freertos-8.0.1/Source/tasks.o
 .debug_info    0x0001ac42      0xcbd src/ASF/thirdparty/freertos/freertos-8.0.1/Source/timers.o
 .debug_info    0x0001b8ff     0x3a68 src/ASF/sam0/utils/cmsis/samd21/source/gcc/startup_samd21.o
 .debug_info    0x0001f367     0x2f07 src/ASF/sam0/drivers/system/clock/clock_samd21_r21_da/clock.o
 .debug_info    0x0002226e     0x1489 src/ASF/sam0/drivers/system/clock/clock_samd21_r21_da/gclk.o
 .debug_info    0x000236f7      0x13e src/ASF/sam0/drivers/system/system.o
 .debug_info    0x00023835      0x1ee src/ASF/common/utils/interrupt/interrupt_sam_nvic.o
 .debug_info    0x00023a23      0x966 src/ASF/sam0/drivers/port/port.o
 .debug_info    0x00024389      0xa41 src/ASF/sam0/drivers/system/pinmux/pinmux.o

.debug_abbrev   0x00000000     0x3ab6
 .debug_abbrev  0x00000000      0x31f Bastian_freeRTOS-TRACE.o
 .debug_abbrev  0x0000031f      0x2e1 src/ASF/sam0/drivers/sercom/sercom.o
 .debug_abbrev  0x00000600      0x31c src/Peripherals/bastian_sercom.o
 .debug_abbrev  0x0000091c      0x213 src/Peripherals/crc_utility.o
 .debug_abbrev  0x00000b2f      0x22e src/ASF/sam0/drivers/sercom/sercom_interrupt.o
 .debug_abbrev  0x00000d5d      0x3d9 src/ASF/sam0/drivers/sercom/usart/usart.o
 .debug_abbrev  0x00001136      0x37d src/ASF/sam0/drivers/sercom/usart/usart_interrupt.o
 .debug_abbrev  0x000014b3      0x270 src/ASF/thirdparty/freertos/trace/trcBase.o
 .debug_abbrev  0x00001723       0x9d src/ASF/thirdparty/freertos/trace/trcHardwarePort.o
 .debug_abbrev  0x000017c0      0x252 src/ASF/thirdparty/freertos/trace/trcKernel.o
 .debug_abbrev  0x00001a12      0x18e src/ASF/thirdparty/freertos/trace/trcKernelPort.o
 .debug_abbrev  0x00001ba0      0x3e1 src/ASF/thirdparty/freertos/trace/trcUser.o
 .debug_abbrev  0x00001f81       0xfb src/ASF/thirdparty/freertos/freertos-8.0.1/Source/list.o
 .debug_abbrev  0x0000207c      0x191 src/ASF/thirdparty/freertos/freertos-8.0.1/Source/portable/GCC/ARM_CM0/port.o
 .debug_abbrev  0x0000220d      0x102 src/ASF/thirdparty/freertos/freertos-8.0.1/Source/portable/MemMang/heap_1.o
 .debug_abbrev  0x0000230f      0x2ac src/ASF/thirdparty/freertos/freertos-8.0.1/Source/queue.o
 .debug_abbrev  0x000025bb      0x376 src/ASF/thirdparty/freertos/freertos-8.0.1/Source/tasks.o
 .debug_abbrev  0x00002931      0x2c0 src/ASF/thirdparty/freertos/freertos-8.0.1/Source/timers.o
 .debug_abbrev  0x00002bf1      0x20a src/ASF/sam0/utils/cmsis/samd21/source/gcc/startup_samd21.o
 .debug_abbrev  0x00002dfb      0x3b8 src/ASF/sam0/drivers/system/clock/clock_samd21_r21_da/clock.o
 .debug_abbrev  0x000031b3      0x304 src/ASF/sam0/drivers/system/clock/clock_samd21_r21_da/gclk.o
 .debug_abbrev  0x000034b7       0xab src/ASF/sam0/drivers/system/system.o
 .debug_abbrev  0x00003562       0xf6 src/ASF/common/utils/interrupt/interrupt_sam_nvic.o
 .debug_abbrev  0x00003658      0x1da src/ASF/sam0/drivers/port/port.o
 .debug_abbrev  0x00003832      0x284 src/ASF/sam0/drivers/system/pinmux/pinmux.o

.debug_loc      0x00000000     0xaacb
 .debug_loc     0x00000000      0x2a3 Bastian_freeRTOS-TRACE.o
 .debug_loc     0x000002a3      0x773 src/ASF/sam0/drivers/sercom/sercom.o
 .debug_loc     0x00000a16      0x253 src/Peripherals/bastian_sercom.o
 .debug_loc     0x00000c69      0x155 src/Peripherals/crc_utility.o
 .debug_loc     0x00000dbe      0x170 src/ASF/sam0/drivers/sercom/sercom_interrupt.o
 .debug_loc     0x00000f2e      0xedd src/ASF/sam0/drivers/sercom/usart/usart.o
 .debug_loc     0x00001e0b      0x5e5 src/ASF/sam0/drivers/sercom/usart/usart_interrupt.o
 .debug_loc     0x000023f0     0x1016 src/ASF/thirdparty/freertos/trace/trcBase.o
 .debug_loc     0x00003406       0x95 src/ASF/thirdparty/freertos/trace/trcHardwarePort.o
 .debug_loc     0x0000349b      0x948 src/ASF/thirdparty/freertos/trace/trcKernel.o
 .debug_loc     0x00003de3      0x4a5 src/ASF/thirdparty/freertos/trace/trcKernelPort.o
 .debug_loc     0x00004288     0x11f5 src/ASF/thirdparty/freertos/trace/trcUser.o
 .debug_loc     0x0000547d       0x85 src/ASF/thirdparty/freertos/freertos-8.0.1/Source/list.o
 .debug_loc     0x00005502      0x12b src/ASF/thirdparty/freertos/freertos-8.0.1/Source/portable/GCC/ARM_CM0/port.o
 .debug_loc     0x0000562d       0x8b src/ASF/thirdparty/freertos/freertos-8.0.1/Source/portable/MemMang/heap_1.o
 .debug_loc     0x000056b8     0x177b src/ASF/thirdparty/freertos/freertos-8.0.1/Source/queue.o
 .debug_loc     0x00006e33     0x14f0 src/ASF/thirdparty/freertos/freertos-8.0.1/Source/tasks.o
 .debug_loc     0x00008323      0xa18 src/ASF/thirdparty/freertos/freertos-8.0.1/Source/timers.o
 .debug_loc     0x00008d3b       0x88 src/ASF/sam0/utils/cmsis/samd21/source/gcc/startup_samd21.o
 .debug_loc     0x00008dc3     0x127f src/ASF/sam0/drivers/system/clock/clock_samd21_r21_da/clock.o
 .debug_loc     0x0000a042      0x5af src/ASF/sam0/drivers/system/clock/clock_samd21_r21_da/gclk.o
 .debug_loc     0x0000a5f1       0x2c src/ASF/sam0/drivers/system/system.o
 .debug_loc     0x0000a61d       0x5e src/ASF/common/utils/interrupt/interrupt_sam_nvic.o
 .debug_loc     0x0000a67b      0x16d src/ASF/sam0/drivers/port/port.o
 .debug_loc     0x0000a7e8      0x2e3 src/ASF/sam0/drivers/system/pinmux/pinmux.o

.debug_aranges  0x00000000      0x9d0
 .debug_aranges
                0x00000000       0x38 Bastian_freeRTOS-TRACE.o
 .debug_aranges
                0x00000038       0x40 src/ASF/sam0/drivers/sercom/sercom.o
 .debug_aranges
                0x00000078       0x30 src/Peripherals/bastian_sercom.o
 .debug_aranges
                0x000000a8       0x28 src/Peripherals/crc_utility.o
 .debug_aranges
                0x000000d0       0x50 src/ASF/sam0/drivers/sercom/sercom_interrupt.o
 .debug_aranges
                0x00000120       0x40 src/ASF/sam0/drivers/sercom/usart/usart.o
 .debug_aranges
                0x00000160       0x70 src/ASF/sam0/drivers/sercom/usart/usart_interrupt.o
 .debug_aranges
                0x000001d0       0x88 src/ASF/thirdparty/freertos/trace/trcBase.o
 .debug_aranges
                0x00000258       0x20 src/ASF/thirdparty/freertos/trace/trcHardwarePort.o
 .debug_aranges
                0x00000278       0x88 src/ASF/thirdparty/freertos/trace/trcKernel.o
 .debug_aranges
                0x00000300       0x70 src/ASF/thirdparty/freertos/trace/trcKernelPort.o
 .debug_aranges
                0x00000370       0xc8 src/ASF/thirdparty/freertos/trace/trcUser.o
 .debug_aranges
                0x00000438       0x40 src/ASF/thirdparty/freertos/freertos-8.0.1/Source/list.o
 .debug_aranges
                0x00000478       0x88 src/ASF/thirdparty/freertos/freertos-8.0.1/Source/portable/GCC/ARM_CM0/port.o
 .debug_aranges
                0x00000500       0x38 src/ASF/thirdparty/freertos/freertos-8.0.1/Source/portable/MemMang/heap_1.o
 .debug_aranges
                0x00000538      0x108 src/ASF/thirdparty/freertos/freertos-8.0.1/Source/queue.o
 .debug_aranges
                0x00000640      0x150 src/ASF/thirdparty/freertos/freertos-8.0.1/Source/tasks.o
 .debug_aranges
                0x00000790       0x70 src/ASF/thirdparty/freertos/freertos-8.0.1/Source/timers.o
 .debug_aranges
                0x00000800       0x28 src/ASF/sam0/utils/cmsis/samd21/source/gcc/startup_samd21.o
 .debug_aranges
                0x00000828       0x78 src/ASF/sam0/drivers/system/clock/clock_samd21_r21_da/clock.o
 .debug_aranges
                0x000008a0       0x80 src/ASF/sam0/drivers/system/clock/clock_samd21_r21_da/gclk.o
 .debug_aranges
                0x00000920       0x28 src/ASF/sam0/drivers/system/system.o
 .debug_aranges
                0x00000948       0x28 src/ASF/common/utils/interrupt/interrupt_sam_nvic.o
 .debug_aranges
                0x00000970       0x28 src/ASF/sam0/drivers/port/port.o
 .debug_aranges
                0x00000998       0x38 src/ASF/sam0/drivers/system/pinmux/pinmux.o

.debug_ranges   0x00000000      0xa98
 .debug_ranges  0x00000000       0x28 Bastian_freeRTOS-TRACE.o
 .debug_ranges  0x00000028       0x60 src/ASF/sam0/drivers/sercom/sercom.o
 .debug_ranges  0x00000088       0x20 src/Peripherals/bastian_sercom.o
 .debug_ranges  0x000000a8       0x18 src/Peripherals/crc_utility.o
 .debug_ranges  0x000000c0       0x40 src/ASF/sam0/drivers/sercom/sercom_interrupt.o
 .debug_ranges  0x00000100       0xf8 src/ASF/sam0/drivers/sercom/usart/usart.o
 .debug_ranges  0x000001f8       0x60 src/ASF/sam0/drivers/sercom/usart/usart_interrupt.o
 .debug_ranges  0x00000258       0xb8 src/ASF/thirdparty/freertos/trace/trcBase.o
 .debug_ranges  0x00000310       0x10 src/ASF/thirdparty/freertos/trace/trcHardwarePort.o
 .debug_ranges  0x00000320       0x78 src/ASF/thirdparty/freertos/trace/trcKernel.o
 .debug_ranges  0x00000398       0x60 src/ASF/thirdparty/freertos/trace/trcKernelPort.o
 .debug_ranges  0x000003f8      0x108 src/ASF/thirdparty/freertos/trace/trcUser.o
 .debug_ranges  0x00000500       0x30 src/ASF/thirdparty/freertos/freertos-8.0.1/Source/list.o
 .debug_ranges  0x00000530       0x78 src/ASF/thirdparty/freertos/freertos-8.0.1/Source/portable/GCC/ARM_CM0/port.o
 .debug_ranges  0x000005a8       0x28 src/ASF/thirdparty/freertos/freertos-8.0.1/Source/portable/MemMang/heap_1.o
 .debug_ranges  0x000005d0       0xf8 src/ASF/thirdparty/freertos/freertos-8.0.1/Source/queue.o
 .debug_ranges  0x000006c8      0x1c8 src/ASF/thirdparty/freertos/freertos-8.0.1/Source/tasks.o
 .debug_ranges  0x00000890       0xa8 src/ASF/thirdparty/freertos/freertos-8.0.1/Source/timers.o
 .debug_ranges  0x00000938       0x18 src/ASF/sam0/utils/cmsis/samd21/source/gcc/startup_samd21.o
 .debug_ranges  0x00000950       0x68 src/ASF/sam0/drivers/system/clock/clock_samd21_r21_da/clock.o
 .debug_ranges  0x000009b8       0x70 src/ASF/sam0/drivers/system/clock/clock_samd21_r21_da/gclk.o
 .debug_ranges  0x00000a28       0x18 src/ASF/sam0/drivers/system/system.o
 .debug_ranges  0x00000a40       0x18 src/ASF/common/utils/interrupt/interrupt_sam_nvic.o
 .debug_ranges  0x00000a58       0x18 src/ASF/sam0/drivers/port/port.o
 .debug_ranges  0x00000a70       0x28 src/ASF/sam0/drivers/system/pinmux/pinmux.o

.debug_macro    0x00000000    0x19c88
 .debug_macro   0x00000000      0x678 Bastian_freeRTOS-TRACE.o
 .debug_macro   0x00000678      0x838 Bastian_freeRTOS-TRACE.o
 .debug_macro   0x00000eb0      0x166 Bastian_freeRTOS-TRACE.o
 .debug_macro   0x00001016      0x636 Bastian_freeRTOS-TRACE.o
 .debug_macro   0x0000164c       0x16 Bastian_freeRTOS-TRACE.o
 .debug_macro   0x00001662       0x44 Bastian_freeRTOS-TRACE.o
 .debug_macro   0x000016a6      0x209 Bastian_freeRTOS-TRACE.o
 .debug_macro   0x000018af       0x10 Bastian_freeRTOS-TRACE.o
 .debug_macro   0x000018bf       0x76 Bastian_freeRTOS-TRACE.o
 .debug_macro   0x00001935       0x16 Bastian_freeRTOS-TRACE.o
 .debug_macro   0x0000194b      0x6e5 Bastian_freeRTOS-TRACE.o
 .debug_macro   0x00002030      0xde2 Bastian_freeRTOS-TRACE.o
 .debug_macro   0x00002e12       0x22 Bastian_freeRTOS-TRACE.o
 .debug_macro   0x00002e34       0x40 Bastian_freeRTOS-TRACE.o
 .debug_macro   0x00002e74       0x3a Bastian_freeRTOS-TRACE.o
 .debug_macro   0x00002eae       0x1f Bastian_freeRTOS-TRACE.o
 .debug_macro   0x00002ecd      0x250 Bastian_freeRTOS-TRACE.o
 .debug_macro   0x0000311d      0x682 Bastian_freeRTOS-TRACE.o
 .debug_macro   0x0000379f      0x8bf Bastian_freeRTOS-TRACE.o
 .debug_macro   0x0000405e      0x235 Bastian_freeRTOS-TRACE.o
 .debug_macro   0x00004293      0xd63 Bastian_freeRTOS-TRACE.o
 .debug_macro   0x00004ff6      0x4ce Bastian_freeRTOS-TRACE.o
 .debug_macro   0x000054c4      0x9f8 Bastian_freeRTOS-TRACE.o
 .debug_macro   0x00005ebc      0x82b Bastian_freeRTOS-TRACE.o
 .debug_macro   0x000066e7      0x45f Bastian_freeRTOS-TRACE.o
 .debug_macro   0x00006b46       0x5e Bastian_freeRTOS-TRACE.o
 .debug_macro   0x00006ba4      0x906 Bastian_freeRTOS-TRACE.o
 .debug_macro   0x000074aa      0x225 Bastian_freeRTOS-TRACE.o
 .debug_macro   0x000076cf      0x7e2 Bastian_freeRTOS-TRACE.o
 .debug_macro   0x00007eb1       0x5e Bastian_freeRTOS-TRACE.o
 .debug_macro   0x00007f0f      0x67f Bastian_freeRTOS-TRACE.o
 .debug_macro   0x0000858e      0x3b6 Bastian_freeRTOS-TRACE.o
 .debug_macro   0x00008944      0xc55 Bastian_freeRTOS-TRACE.o
 .debug_macro   0x00009599     0x1092 Bastian_freeRTOS-TRACE.o
 .debug_macro   0x0000a62b      0xc4a Bastian_freeRTOS-TRACE.o
 .debug_macro   0x0000b275      0x6bf Bastian_freeRTOS-TRACE.o
 .debug_macro   0x0000b934     0x1b4b Bastian_freeRTOS-TRACE.o
 .debug_macro   0x0000d47f     0x144a Bastian_freeRTOS-TRACE.o
 .debug_macro   0x0000e8c9      0x34e Bastian_freeRTOS-TRACE.o
 .debug_macro   0x0000ec17       0x7c Bastian_freeRTOS-TRACE.o
 .debug_macro   0x0000ec93       0xa0 Bastian_freeRTOS-TRACE.o
 .debug_macro   0x0000ed33       0x4c Bastian_freeRTOS-TRACE.o
 .debug_macro   0x0000ed7f       0xca Bastian_freeRTOS-TRACE.o
 .debug_macro   0x0000ee49       0x94 Bastian_freeRTOS-TRACE.o
 .debug_macro   0x0000eedd       0x58 Bastian_freeRTOS-TRACE.o
 .debug_macro   0x0000ef35      0x387 Bastian_freeRTOS-TRACE.o
 .debug_macro   0x0000f2bc       0x82 Bastian_freeRTOS-TRACE.o
 .debug_macro   0x0000f33e      0x197 Bastian_freeRTOS-TRACE.o
 .debug_macro   0x0000f4d5       0xb8 Bastian_freeRTOS-TRACE.o
 .debug_macro   0x0000f58d       0xa0 Bastian_freeRTOS-TRACE.o
 .debug_macro   0x0000f62d       0xbe Bastian_freeRTOS-TRACE.o
 .debug_macro   0x0000f6eb       0x1c Bastian_freeRTOS-TRACE.o
 .debug_macro   0x0000f707       0x1c Bastian_freeRTOS-TRACE.o
 .debug_macro   0x0000f723       0x1c Bastian_freeRTOS-TRACE.o
 .debug_macro   0x0000f73f       0x82 Bastian_freeRTOS-TRACE.o
 .debug_macro   0x0000f7c1      0x161 Bastian_freeRTOS-TRACE.o
 .debug_macro   0x0000f922       0xdc Bastian_freeRTOS-TRACE.o
 .debug_macro   0x0000f9fe      0x12f Bastian_freeRTOS-TRACE.o
 .debug_macro   0x0000fb2d      0x12f Bastian_freeRTOS-TRACE.o
 .debug_macro   0x0000fc5c      0x12f Bastian_freeRTOS-TRACE.o
 .debug_macro   0x0000fd8b      0x12f Bastian_freeRTOS-TRACE.o
 .debug_macro   0x0000feba      0x11e Bastian_freeRTOS-TRACE.o
 .debug_macro   0x0000ffd8       0xe2 Bastian_freeRTOS-TRACE.o
 .debug_macro   0x000100ba       0xe2 Bastian_freeRTOS-TRACE.o
 .debug_macro   0x0001019c       0xe2 Bastian_freeRTOS-TRACE.o
 .debug_macro   0x0001027e      0x133 Bastian_freeRTOS-TRACE.o
 .debug_macro   0x000103b1      0x106 Bastian_freeRTOS-TRACE.o
 .debug_macro   0x000104b7       0xfa Bastian_freeRTOS-TRACE.o
 .debug_macro   0x000105b1      0x40f Bastian_freeRTOS-TRACE.o
 .debug_macro   0x000109c0       0x40 Bastian_freeRTOS-TRACE.o
 .debug_macro   0x00010a00      0x345 Bastian_freeRTOS-TRACE.o
 .debug_macro   0x00010d45      0xf7a Bastian_freeRTOS-TRACE.o
 .debug_macro   0x00011cbf       0x51 Bastian_freeRTOS-TRACE.o
 .debug_macro   0x00011d10       0x58 Bastian_freeRTOS-TRACE.o
 .debug_macro   0x00011d68       0x35 Bastian_freeRTOS-TRACE.o
 .debug_macro   0x00011d9d       0xa3 Bastian_freeRTOS-TRACE.o
 .debug_macro   0x00011e40       0x16 Bastian_freeRTOS-TRACE.o
 .debug_macro   0x00011e56       0x35 Bastian_freeRTOS-TRACE.o
 .debug_macro   0x00011e8b       0x10 Bastian_freeRTOS-TRACE.o
 .debug_macro   0x00011e9b       0x52 Bastian_freeRTOS-TRACE.o
 .debug_macro   0x00011eed       0x16 Bastian_freeRTOS-TRACE.o
 .debug_macro   0x00011f03       0x43 Bastian_freeRTOS-TRACE.o
 .debug_macro   0x00011f46      0x180 Bastian_freeRTOS-TRACE.o
 .debug_macro   0x000120c6       0x10 Bastian_freeRTOS-TRACE.o
 .debug_macro   0x000120d6       0x22 Bastian_freeRTOS-TRACE.o
 .debug_macro   0x000120f8       0xbd Bastian_freeRTOS-TRACE.o
 .debug_macro   0x000121b5       0x16 Bastian_freeRTOS-TRACE.o
 .debug_macro   0x000121cb      0x16c Bastian_freeRTOS-TRACE.o
 .debug_macro   0x00012337       0x16 Bastian_freeRTOS-TRACE.o
 .debug_macro   0x0001234d       0x16 Bastian_freeRTOS-TRACE.o
 .debug_macro   0x00012363       0x29 Bastian_freeRTOS-TRACE.o
 .debug_macro   0x0001238c       0x51 Bastian_freeRTOS-TRACE.o
 .debug_macro   0x000123dd       0x3f Bastian_freeRTOS-TRACE.o
 .debug_macro   0x0001241c      0x3df Bastian_freeRTOS-TRACE.o
 .debug_macro   0x000127fb       0x40 Bastian_freeRTOS-TRACE.o
 .debug_macro   0x0001283b      0x142 Bastian_freeRTOS-TRACE.o
 .debug_macro   0x0001297d       0x88 Bastian_freeRTOS-TRACE.o
 .debug_macro   0x00012a05      0x103 Bastian_freeRTOS-TRACE.o
 .debug_macro   0x00012b08       0x2e Bastian_freeRTOS-TRACE.o
 .debug_macro   0x00012b36       0xf2 Bastian_freeRTOS-TRACE.o
 .debug_macro   0x00012c28      0x12c Bastian_freeRTOS-TRACE.o
 .debug_macro   0x00012d54       0x2e Bastian_freeRTOS-TRACE.o
 .debug_macro   0x00012d82      0x2a6 Bastian_freeRTOS-TRACE.o
 .debug_macro   0x00013028       0x10 Bastian_freeRTOS-TRACE.o
 .debug_macro   0x00013038       0x1f Bastian_freeRTOS-TRACE.o
 .debug_macro   0x00013057       0x63 Bastian_freeRTOS-TRACE.o
 .debug_macro   0x000130ba       0x16 Bastian_freeRTOS-TRACE.o
 .debug_macro   0x000130d0      0x815 Bastian_freeRTOS-TRACE.o
 .debug_macro   0x000138e5       0xa9 Bastian_freeRTOS-TRACE.o
 .debug_macro   0x0001398e       0x12 Bastian_freeRTOS-TRACE.o
 .debug_macro   0x000139a0       0x1f Bastian_freeRTOS-TRACE.o
 .debug_macro   0x000139bf      0x154 Bastian_freeRTOS-TRACE.o
 .debug_macro   0x00013b13       0x16 Bastian_freeRTOS-TRACE.o
 .debug_macro   0x00013b29       0x79 Bastian_freeRTOS-TRACE.o
 .debug_macro   0x00013ba2       0x43 Bastian_freeRTOS-TRACE.o
 .debug_macro   0x00013be5       0x6f Bastian_freeRTOS-TRACE.o
 .debug_macro   0x00013c54       0x91 Bastian_freeRTOS-TRACE.o
 .debug_macro   0x00013ce5       0xb0 Bastian_freeRTOS-TRACE.o
 .debug_macro   0x00013d95       0x7e Bastian_freeRTOS-TRACE.o
 .debug_macro   0x00013e13       0x11 Bastian_freeRTOS-TRACE.o
 .debug_macro   0x00013e24       0x11 Bastian_freeRTOS-TRACE.o
 .debug_macro   0x00013e35       0x2e Bastian_freeRTOS-TRACE.o
 .debug_macro   0x00013e63       0x7a Bastian_freeRTOS-TRACE.o
 .debug_macro   0x00013edd       0x10 Bastian_freeRTOS-TRACE.o
 .debug_macro   0x00013eed       0x57 Bastian_freeRTOS-TRACE.o
 .debug_macro   0x00013f44       0x46 Bastian_freeRTOS-TRACE.o
 .debug_macro   0x00013f8a      0x4d1 src/ASF/sam0/drivers/sercom/sercom.o
 .debug_macro   0x0001445b      0x679 src/Peripherals/bastian_sercom.o
 .debug_macro   0x00014ad4      0x678 src/Peripherals/crc_utility.o
 .debug_macro   0x0001514c      0x4ce src/ASF/sam0/drivers/sercom/sercom_interrupt.o
 .debug_macro   0x0001561a      0x4e2 src/ASF/sam0/drivers/sercom/usart/usart.o
 .debug_macro   0x00015afc       0x51 src/ASF/sam0/drivers/sercom/usart/usart.o
 .debug_macro   0x00015b4d      0x4e2 src/ASF/sam0/drivers/sercom/usart/usart_interrupt.o
 .debug_macro   0x0001602f      0x203 src/ASF/thirdparty/freertos/trace/trcBase.o
 .debug_macro   0x00016232      0x2ab src/ASF/thirdparty/freertos/trace/trcBase.o
 .debug_macro   0x000164dd       0x10 src/ASF/thirdparty/freertos/trace/trcBase.o
 .debug_macro   0x000164ed      0x203 src/ASF/thirdparty/freertos/trace/trcHardwarePort.o
 .debug_macro   0x000166f0       0x82 src/ASF/thirdparty/freertos/trace/trcHardwarePort.o
 .debug_macro   0x00016772      0x203 src/ASF/thirdparty/freertos/trace/trcKernel.o
 .debug_macro   0x00016975      0x211 src/ASF/thirdparty/freertos/trace/trcKernelPort.o
 .debug_macro   0x00016b86      0x214 src/ASF/thirdparty/freertos/trace/trcUser.o
 .debug_macro   0x00016d9a       0x52 src/ASF/thirdparty/freertos/trace/trcUser.o
 .debug_macro   0x00016dec      0x224 src/ASF/thirdparty/freertos/freertos-8.0.1/Source/list.o
 .debug_macro   0x00017010      0x265 src/ASF/thirdparty/freertos/freertos-8.0.1/Source/portable/GCC/ARM_CM0/port.o
 .debug_macro   0x00017275      0x245 src/ASF/thirdparty/freertos/freertos-8.0.1/Source/portable/MemMang/heap_1.o
 .debug_macro   0x000174ba      0x27f src/ASF/thirdparty/freertos/freertos-8.0.1/Source/queue.o
 .debug_macro   0x00017739      0x2c2 src/ASF/thirdparty/freertos/freertos-8.0.1/Source/tasks.o
 .debug_macro   0x000179fb      0x261 src/ASF/thirdparty/freertos/freertos-8.0.1/Source/timers.o
 .debug_macro   0x00017c5c      0x2b0 src/ASF/sam0/utils/cmsis/samd21/source/gcc/startup_samd21.o
 .debug_macro   0x00017f0c       0x3a src/ASF/sam0/utils/cmsis/samd21/source/gcc/startup_samd21.o
 .debug_macro   0x00017f46      0x4b5 src/ASF/sam0/drivers/system/clock/clock_samd21_r21_da/clock.o
 .debug_macro   0x000183fb      0x296 src/ASF/sam0/drivers/system/clock/clock_samd21_r21_da/clock.o
 .debug_macro   0x00018691      0x479 src/ASF/sam0/drivers/system/clock/clock_samd21_r21_da/gclk.o
 .debug_macro   0x00018b0a      0x487 src/ASF/sam0/drivers/system/system.o
 .debug_macro   0x00018f91      0x443 src/ASF/common/utils/interrupt/interrupt_sam_nvic.o
 .debug_macro   0x000193d4      0x45f src/ASF/sam0/drivers/port/port.o
 .debug_macro   0x00019833      0x455 src/ASF/sam0/drivers/system/pinmux/pinmux.o

.debug_line     0x00000000     0xff4c
 .debug_line    0x00000000      0xfe3 Bastian_freeRTOS-TRACE.o
 .debug_line    0x00000fe3      0xc29 src/ASF/sam0/drivers/sercom/sercom.o
 .debug_line    0x00001c0c      0xfbc src/Peripherals/bastian_sercom.o
 .debug_line    0x00002bc8      0xee7 src/Peripherals/crc_utility.o
 .debug_line    0x00003aaf      0xbcd src/ASF/sam0/drivers/sercom/sercom_interrupt.o
 .debug_line    0x0000467c      0xd8c src/ASF/sam0/drivers/sercom/usart/usart.o
 .debug_line    0x00005408      0xd16 src/ASF/sam0/drivers/sercom/usart/usart_interrupt.o
 .debug_line    0x0000611e      0x833 src/ASF/thirdparty/freertos/trace/trcBase.o
 .debug_line    0x00006951      0x576 src/ASF/thirdparty/freertos/trace/trcHardwarePort.o
 .debug_line    0x00006ec7      0x709 src/ASF/thirdparty/freertos/trace/trcKernel.o
 .debug_line    0x000075d0      0x66f src/ASF/thirdparty/freertos/trace/trcKernelPort.o
 .debug_line    0x00007c3f      0x8ac src/ASF/thirdparty/freertos/trace/trcUser.o
 .debug_line    0x000084eb      0x5fe src/ASF/thirdparty/freertos/freertos-8.0.1/Source/list.o
 .debug_line    0x00008ae9      0x655 src/ASF/thirdparty/freertos/freertos-8.0.1/Source/portable/GCC/ARM_CM0/port.o
 .debug_line    0x0000913e      0x5ff src/ASF/thirdparty/freertos/freertos-8.0.1/Source/portable/MemMang/heap_1.o
 .debug_line    0x0000973d      0xb2b src/ASF/thirdparty/freertos/freertos-8.0.1/Source/queue.o
 .debug_line    0x0000a268      0xd41 src/ASF/thirdparty/freertos/freertos-8.0.1/Source/tasks.o
 .debug_line    0x0000afa9      0x75b src/ASF/thirdparty/freertos/freertos-8.0.1/Source/timers.o
 .debug_line    0x0000b704      0x758 src/ASF/sam0/utils/cmsis/samd21/source/gcc/startup_samd21.o
 .debug_line    0x0000be5c      0xd0e src/ASF/sam0/drivers/system/clock/clock_samd21_r21_da/clock.o
 .debug_line    0x0000cb6a      0xcf5 src/ASF/sam0/drivers/system/clock/clock_samd21_r21_da/gclk.o
 .debug_line    0x0000d85f      0xa72 src/ASF/sam0/drivers/system/system.o
 .debug_line    0x0000e2d1      0x957 src/ASF/common/utils/interrupt/interrupt_sam_nvic.o
 .debug_line    0x0000ec28      0x983 src/ASF/sam0/drivers/port/port.o
 .debug_line    0x0000f5ab      0x9a1 src/ASF/sam0/drivers/system/pinmux/pinmux.o

.debug_str      0x00000000    0x9088c
 .debug_str     0x00000000    0x87c52 Bastian_freeRTOS-TRACE.o
                              0x881ae (size before relaxing)
 .debug_str     0x00087c52      0x49f src/ASF/sam0/drivers/sercom/sercom.o
                              0x79b60 (size before relaxing)
 .debug_str     0x000880f1      0x999 src/Peripherals/bastian_sercom.o
                              0x88a73 (size before relaxing)
 .debug_str     0x00088a8a       0x43 src/Peripherals/crc_utility.o
                              0x87d0b (size before relaxing)
 .debug_str     0x00088acd      0x1aa src/ASF/sam0/drivers/sercom/sercom_interrupt.o
                              0x79973 (size before relaxing)
 .debug_str     0x00088c77      0x6c0 src/ASF/sam0/drivers/sercom/usart/usart.o
                              0x7a87a (size before relaxing)
 .debug_str     0x00089337      0x199 src/ASF/sam0/drivers/sercom/usart/usart_interrupt.o
                              0x79b8b (size before relaxing)
 .debug_str     0x000894d0      0xf77 src/ASF/thirdparty/freertos/trace/trcBase.o
                              0x11580 (size before relaxing)
 .debug_str     0x0008a447       0xc6 src/ASF/thirdparty/freertos/trace/trcHardwarePort.o
                              0x10ed2 (size before relaxing)
 .debug_str     0x0008a50d      0x2b5 src/ASF/thirdparty/freertos/trace/trcKernel.o
                              0x11526 (size before relaxing)
 .debug_str     0x0008a7c2      0x18e src/ASF/thirdparty/freertos/trace/trcKernelPort.o
                              0x11dd7 (size before relaxing)
 .debug_str     0x0008a950      0x3f5 src/ASF/thirdparty/freertos/trace/trcUser.o
                              0x11736 (size before relaxing)
 .debug_str     0x0008ad45      0x165 src/ASF/thirdparty/freertos/freertos-8.0.1/Source/list.o
                              0x10db9 (size before relaxing)
 .debug_str     0x0008aeaa      0x40b src/ASF/thirdparty/freertos/freertos-8.0.1/Source/portable/GCC/ARM_CM0/port.o
                              0x1136e (size before relaxing)
 .debug_str     0x0008b2b5      0x15b src/ASF/thirdparty/freertos/freertos-8.0.1/Source/portable/MemMang/heap_1.o
                              0x1115b (size before relaxing)
 .debug_str     0x0008b410      0x77e src/ASF/thirdparty/freertos/freertos-8.0.1/Source/queue.o
                              0x12336 (size before relaxing)
 .debug_str     0x0008bb8e      0xde7 src/ASF/thirdparty/freertos/freertos-8.0.1/Source/tasks.o
                              0x12853 (size before relaxing)
 .debug_str     0x0008c975      0x3c7 src/ASF/thirdparty/freertos/freertos-8.0.1/Source/timers.o
                              0x12799 (size before relaxing)
 .debug_str     0x0008cd3c     0x100d src/ASF/sam0/utils/cmsis/samd21/source/gcc/startup_samd21.o
                              0x662dc (size before relaxing)
 .debug_str     0x0008dd49     0x2689 src/ASF/sam0/drivers/system/clock/clock_samd21_r21_da/clock.o
                              0x7b7e0 (size before relaxing)
 .debug_str     0x000903d2      0x27d src/ASF/sam0/drivers/system/clock/clock_samd21_r21_da/gclk.o
                              0x79316 (size before relaxing)
 .debug_str     0x0009064f       0x47 src/ASF/sam0/drivers/system/system.o
                              0x7871c (size before relaxing)
 .debug_str     0x00090696       0x73 src/ASF/common/utils/interrupt/interrupt_sam_nvic.o
                              0x78697 (size before relaxing)
 .debug_str     0x00090709       0x53 src/ASF/sam0/drivers/port/port.o
                              0x78a4c (size before relaxing)
 .debug_str     0x0009075c      0x130 src/ASF/sam0/drivers/system/pinmux/pinmux.o
                              0x78a8e (size before relaxing)

.debug_frame    0x00000000     0x1d58
 .debug_frame   0x00000000       0x88 Bastian_freeRTOS-TRACE.o
 .debug_frame   0x00000088       0xa8 src/ASF/sam0/drivers/sercom/sercom.o
 .debug_frame   0x00000130       0x6c src/Peripherals/bastian_sercom.o
 .debug_frame   0x0000019c       0x48 src/Peripherals/crc_utility.o
 .debug_frame   0x000001e4       0xbc src/ASF/sam0/drivers/sercom/sercom_interrupt.o
 .debug_frame   0x000002a0       0xc4 src/ASF/sam0/drivers/sercom/usart/usart.o
 .debug_frame   0x00000364      0x130 src/ASF/sam0/drivers/sercom/usart/usart_interrupt.o
 .debug_frame   0x00000494      0x1f0 src/ASF/thirdparty/freertos/trace/trcBase.o
 .debug_frame   0x00000684       0x2c src/ASF/thirdparty/freertos/trace/trcHardwarePort.o
 .debug_frame   0x000006b0      0x184 src/ASF/thirdparty/freertos/trace/trcKernel.o
 .debug_frame   0x00000834      0x110 src/ASF/thirdparty/freertos/trace/trcKernelPort.o
 .debug_frame   0x00000944      0x240 src/ASF/thirdparty/freertos/trace/trcUser.o
 .debug_frame   0x00000b84       0x6c src/ASF/thirdparty/freertos/freertos-8.0.1/Source/list.o
 .debug_frame   0x00000bf0      0x10c src/ASF/thirdparty/freertos/freertos-8.0.1/Source/portable/GCC/ARM_CM0/port.o
 .debug_frame   0x00000cfc       0x60 src/ASF/thirdparty/freertos/freertos-8.0.1/Source/portable/MemMang/heap_1.o
 .debug_frame   0x00000d5c      0x3b8 src/ASF/thirdparty/freertos/freertos-8.0.1/Source/queue.o
 .debug_frame   0x00001114      0x46c src/ASF/thirdparty/freertos/freertos-8.0.1/Source/tasks.o
 .debug_frame   0x00001580      0x15c src/ASF/thirdparty/freertos/freertos-8.0.1/Source/timers.o
 .debug_frame   0x000016dc       0x40 src/ASF/sam0/utils/cmsis/samd21/source/gcc/startup_samd21.o
 .debug_frame   0x0000171c      0x16c src/ASF/sam0/drivers/system/clock/clock_samd21_r21_da/clock.o
 .debug_frame   0x00001888      0x180 src/ASF/sam0/drivers/system/clock/clock_samd21_r21_da/gclk.o
 .debug_frame   0x00001a08       0x3c src/ASF/sam0/drivers/system/system.o
 .debug_frame   0x00001a44       0x38 src/ASF/common/utils/interrupt/interrupt_sam_nvic.o
 .debug_frame   0x00001a7c       0x48 src/ASF/sam0/drivers/port/port.o
 .debug_frame   0x00001ac4       0x7c src/ASF/sam0/drivers/system/pinmux/pinmux.o
 .debug_frame   0x00001b40       0x20 c:/program files (x86)/atmel/atmel toolchain/arm gcc/native/4.8.1443/arm-gnu-toolchain/bin/../lib/gcc/arm-none-eabi/4.8.4/armv6-m\libgcc.a(_udivsi3.o)
 .debug_frame   0x00001b60       0x30 c:/program files (x86)/atmel/atmel toolchain/arm gcc/native/4.8.1443/arm-gnu-toolchain/bin/../lib/gcc/arm-none-eabi/4.8.4/armv6-m\libgcc.a(_muldi3.o)
 .debug_frame   0x00001b90       0x2c c:/program files (x86)/atmel/atmel toolchain/arm gcc/native/4.8.1443/arm-gnu-toolchain/bin/../lib/gcc/arm-none-eabi/4.8.4/../../../../arm-none-eabi/lib/armv6-m\libc.a(lib_a-init.o)
 .debug_frame   0x00001bbc       0x30 c:/program files (x86)/atmel/atmel toolchain/arm gcc/native/4.8.1443/arm-gnu-toolchain/bin/../lib/gcc/arm-none-eabi/4.8.4/../../../../arm-none-eabi/lib/armv6-m\libc.a(lib_a-memcpy-stub.o)
 .debug_frame   0x00001bec       0x30 c:/program files (x86)/atmel/atmel toolchain/arm gcc/native/4.8.1443/arm-gnu-toolchain/bin/../lib/gcc/arm-none-eabi/4.8.4/../../../../arm-none-eabi/lib/armv6-m\libc.a(lib_a-memset.o)
 .debug_frame   0x00001c1c       0x2c c:/program files (x86)/atmel/atmel toolchain/arm gcc/native/4.8.1443/arm-gnu-toolchain/bin/../lib/gcc/arm-none-eabi/4.8.4/../../../../arm-none-eabi/lib/armv6-m\libc.a(lib_a-strncmp.o)
 .debug_frame   0x00001c48       0x30 c:/program files (x86)/atmel/atmel toolchain/arm gcc/native/4.8.1443/arm-gnu-toolchain/bin/../lib/gcc/arm-none-eabi/4.8.4/../../../../arm-none-eabi/lib/armv6-m\libc.a(lib_a-strncpy.o)
 .debug_frame   0x00001c78       0x54 c:/program files (x86)/atmel/atmel toolchain/arm gcc/native/4.8.1443/arm-gnu-toolchain/bin/../lib/gcc/arm-none-eabi/4.8.4/../../../../arm-none-eabi/lib/armv6-m\libc.a(lib_a-__call_atexit.o)
 .debug_frame   0x00001ccc       0x28 c:/program files (x86)/atmel/atmel toolchain/arm gcc/native/4.8.1443/arm-gnu-toolchain/bin/../lib/gcc/arm-none-eabi/4.8.4/../../../../arm-none-eabi/lib/armv6-m\libc.a(lib_a-atexit.o)
 .debug_frame   0x00001cf4       0x2c c:/program files (x86)/atmel/atmel toolchain/arm gcc/native/4.8.1443/arm-gnu-toolchain/bin/../lib/gcc/arm-none-eabi/4.8.4/../../../../arm-none-eabi/lib/armv6-m\libc.a(lib_a-fini.o)
 .debug_frame   0x00001d20       0x38 c:/program files (x86)/atmel/atmel toolchain/arm gcc/native/4.8.1443/arm-gnu-toolchain/bin/../lib/gcc/arm-none-eabi/4.8.4/../../../../arm-none-eabi/lib/armv6-m\libc.a(lib_a-__atexit.o)
